[   12764ms] [ERROR] Failed to load resource: the server responded with a status of 404 () @ https://res.cloudinary.com/nuxt-cloudinary/image/upload/f_auto,q_auto/images/display-2.png:0
[   29402ms] [WARNING] The resource http://localhost:3003/_scripts/assets/feee309636b01acc.js was preloaded using link preload but not used within a few seconds from the window's load event. Please make sure it has an appropriate `as` value and it is preloaded intentionally. @ http://localhost:3003/product/28:0
[   29402ms] [WARNING] The resource http://localhost:3003/_scripts/assets/3ba1c8cb5aefb57e.js was preloaded using link preload but not used within a few seconds from the window's load event. Please make sure it has an appropriate `as` value and it is preloaded intentionally. @ http://localhost:3003/product/28:0
[   29402ms] [WARNING] The resource https://analytics.tiktok.com/i18n/pixel/events.js?sdkid&lib=ttq was preloaded using link preload but not used within a few seconds from the window's load event. Please make sure it has an appropriate `as` value and it is preloaded intentionally. @ http://localhost:3003/product/28:0
[   29402ms] [WARNING] The resource https://assets.lemonsqueezy.com/lemon.js was preloaded using link preload but not used within a few seconds from the window's load event. Please make sure it has an appropriate `as` value and it is preloaded intentionally. @ http://localhost:3003/product/28:0
[   29402ms] [WARNING] The resource http://localhost:3003/_scripts/assets/fe8cbeeffb0a8e5e.js was preloaded using link preload but not used within a few seconds from the window's load event. Please make sure it has an appropriate `as` value and it is preloaded intentionally. @ http://localhost:3003/product/28:0
[   29402ms] [WARNING] The resource http://localhost:3003/_scripts/assets/28e04c5695e30418.js was preloaded using link preload but not used within a few seconds from the window's load event. Please make sure it has an appropriate `as` value and it is preloaded intentionally. @ http://localhost:3003/product/28:0
[   29402ms] [WARNING] The resource https://pagead2.googlesyndication.com/pagead/js/adsbygoogle.js was preloaded using link preload but not used within a few seconds from the window's load event. Please make sure it has an appropriate `as` value and it is preloaded intentionally. @ http://localhost:3003/product/28:0
[   29402ms] [WARNING] The resource http://localhost:3003/_scripts/assets/c7c9dcf09224020c.js was preloaded using link preload but not used within a few seconds from the window's load event. Please make sure it has an appropriate `as` value and it is preloaded intentionally. @ http://localhost:3003/product/28:0
[   29402ms] [WARNING] The resource http://localhost:3003/_scripts/assets/f001f5ea3157bc43.js?id=GTM-MQ4JC38D was preloaded using link preload but not used within a few seconds from the window's load event. Please make sure it has an appropriate `as` value and it is preloaded intentionally. @ http://localhost:3003/product/28:0
[   29402ms] [WARNING] The resource https://www.googletagmanager.com/gtag/js?id was preloaded using link preload but not used within a few seconds from the window's load event. Please make sure it has an appropriate `as` value and it is preloaded intentionally. @ http://localhost:3003/product/28:0
[   29402ms] [WARNING] The resource https://js.stripe.com/basil/stripe.js was preloaded using link preload but not used within a few seconds from the window's load event. Please make sure it has an appropriate `as` value and it is preloaded intentionally. @ http://localhost:3003/product/28:0
[   29403ms] [WARNING] The resource https://www.google.com/recaptcha/api.js?render=6LefSp8pAAAAAPTNjynL-drL6LWYuwEJ7LzDh01O was preloaded using link preload but not used within a few seconds from the window's load event. Please make sure it has an appropriate `as` value and it is preloaded intentionally. @ http://localhost:3003/product/28:0
[   29403ms] [WARNING] The resource http://localhost:3003/_scripts/assets/31161def553efafd.js was preloaded using link preload but not used within a few seconds from the window's load event. Please make sure it has an appropriate `as` value and it is preloaded intentionally. @ http://localhost:3003/product/28:0
[   29403ms] [WARNING] The resource https://www.sandbox.paypal.com/web-sdk/v6/core was preloaded using link preload but not used within a few seconds from the window's load event. Please make sure it has an appropriate `as` value and it is preloaded intentionally. @ http://localhost:3003/product/28:0
[   61685ms] [LOG] %cssr:success%c Vite server hmr 15 files 
      background: #2ecc71;
      border-radius: 0.5em;
      color: white;
      font-weight: bold;
      padding: 2px 0.5em;
      in 1.911ms 
  at vite_node_entry_default (/home/meebuzo/github/alternate-framework/node_modules/@nuxt/vite-builder/dist/vite-node-entry.mjs)
  at process.processTicksAndRejections (node:internal/process/task_queues)
  at async Object.renderToString (/home/meebuzo/github/alternate-framework/node_modules/vue-bundle-renderer/dist/runtime.mjs)
 @ http://localhost:3003/_nuxt/@fs/home/meebuzo/github/alternate-framework/node_modules/consola/dist/browser.mjs?v=ae2da2d8:47
[   61686ms] [WARNING] %cssr:warn%c [Vue warn]: Failed to resolve component: v-list-subtitle
If this is a native custom element, make sure to exclude it from component resolution via compilerOptions.isCustomElement. 
      background: #f39c12;
      border-radius: 0.5em;
      color: white;
      font-weight: bold;
      padding: 2px 0.5em;
      at <CatalogProductDetails>
at <VCol>
at <VRow>
at <VCol>
at <VRow>
at <[...id]>
at <RouteProvider>
at <RouterView>
at <NuxtPage>
at <VMain>
at <VApp>
at <VResponsive>
at <Default>
at <AsyncComponentWrapper>
at <LayoutLoader>
at <NuxtLayoutProvider>
at <NuxtLayout>
at <App>
at <NuxtRoot> @ http://localhost:3003/_nuxt/@vite/client:528
[   61687ms] [WARNING] %cssr:warn%c [Vue warn]: Invalid prop: type check failed for prop "product". Expected Object, got String with value "28". 
      background: #f39c12;
      border-radius: 0.5em;
      color: white;
      font-weight: bold;
      padding: 2px 0.5em;
      at <BlocksCompareBtn>
at <VListItem>
at <VListItem>
at <VListChildren>
at <VList>
at <VCard>
at <CatalogProductDetails>
at <VCol>
at <VRow>
at <VCol>
at <VRow>
at <[...id]>
at <RouteProvider>
at <RouterView>
at <NuxtPage>
at <VMain>
at <VApp>
at <VResponsive>
at <Default>
at <AsyncComponentWrapper>
at <LayoutLoader>
at <NuxtLayoutProvider>
at <NuxtLayout>
at <App>
at <NuxtRoot> @ http://localhost:3003/_nuxt/@vite/client:528
[   62752ms] [LOG] ✨ %cNuxt DevTools %c Press Shift + Alt + D to open DevTools color: black; border-radius: 3px 0 0 3px; padding: 2px 2px 1px 10px; background: #00DC82 border-radius: 0 3px 3px 0; padding: 2px 10px 1px 2px; background: #00DC8220  @ http://localhost:3003/_nuxt/@fs/home/meebuzo/github/alternate-framework/node_modules/@nuxt/devtools/dist/runtime/plugins/devtools.client.js?v=ae2da2d8:51
[   66237ms] [INFO] <Suspense> is an experimental feature and its API will likely change. @ http://localhost:3003/_nuxt/@fs/home/meebuzo/github/alternate-framework/node_modules/@sentry/core/build/esm/instrument/console.js?v=fc37b3a2:44
[   67422ms] [ERROR] Connecting to 'https://o996770.ingest.us.sentry.io/api/5955273/envelope/?sentry_version=7&sentry_key=df1b90fab7c44ce8aef097a63b468d61&sentry_client=sentry.javascript.nuxt%2F10.70.0' violates the following Content Security Policy directive: "connect-src 'self' https://*.mux.com https://cms.meeovicms.com". The action has been blocked. @ http://localhost:3003/_nuxt/@fs/home/meebuzo/github/alternate-framework/node_modules/@sentry/browser/build/npm/esm/dev/transports/fetch.js?v=fc37b3a2:31
[   67423ms] [ERROR] Fetch API cannot load https://o996770.ingest.us.sentry.io/api/5955273/envelope/?sentry_version=7&sentry_key=df1b90fab7c44ce8aef097a63b468d61&sentry_client=sentry.javascript.nuxt%2F10.70.0. Refused to connect because it violates the document's Content Security Policy. @ http://localhost:3003/_nuxt/@fs/home/meebuzo/github/alternate-framework/node_modules/@sentry/browser/build/npm/esm/dev/transports/fetch.js?v=fc37b3a2:31
[   71626ms] [ERROR] Failed to load resource: the server responded with a status of 404 () @ https://res.cloudinary.com/nuxt-cloudinary/image/upload/f_auto,q_auto/images/display-2.png:0
[  104309ms] [ERROR] Failed to load resource: the server responded with a status of 404 () @ https://res.cloudinary.com/nuxt-cloudinary/image/upload/f_auto,q_auto/images/display-2.png:0
[  117971ms] [WARNING] %cssr:warn%c [Vue warn]: Failed to resolve component: v-list-subtitle
If this is a native custom element, make sure to exclude it from component resolution via compilerOptions.isCustomElement. 
      background: #f39c12;
      border-radius: 0.5em;
      color: white;
      font-weight: bold;
      padding: 2px 0.5em;
      at <CatalogProductDetails>
at <VCol>
at <VRow>
at <VCol>
at <VRow>
at <[...id]>
at <RouteProvider>
at <RouterView>
at <NuxtPage>
at <VMain>
at <VApp>
at <VResponsive>
at <Default>
at <AsyncComponentWrapper>
at <LayoutLoader>
at <NuxtLayoutProvider>
at <NuxtLayout>
at <App>
at <NuxtRoot> @ http://localhost:3003/_nuxt/@vite/client:528
[  117977ms] [WARNING] %cssr:warn%c [Vue warn]: Invalid prop: type check failed for prop "product". Expected Object, got String with value "28". 
      background: #f39c12;
      border-radius: 0.5em;
      color: white;
      font-weight: bold;
      padding: 2px 0.5em;
      at <BlocksCompareBtn>
at <VListItem>
at <VListItem>
at <VListChildren>
at <VList>
at <VCard>
at <CatalogProductDetails>
at <VCol>
at <VRow>
at <VCol>
at <VRow>
at <[...id]>
at <RouteProvider>
at <RouterView>
at <NuxtPage>
at <VMain>
at <VApp>
at <VResponsive>
at <Default>
at <AsyncComponentWrapper>
at <LayoutLoader>
at <NuxtLayoutProvider>
at <NuxtLayout>
at <App>
at <NuxtRoot> @ http://localhost:3003/_nuxt/@vite/client:528
[  118791ms] [LOG] ✨ %cNuxt DevTools %c Press Shift + Alt + D to open DevTools color: black; border-radius: 3px 0 0 3px; padding: 2px 2px 1px 10px; background: #00DC82 border-radius: 0 3px 3px 0; padding: 2px 10px 1px 2px; background: #00DC8220  @ http://localhost:3003/_nuxt/@fs/home/meebuzo/github/alternate-framework/node_modules/@sentry/core/build/esm/instrument/console.js?v=4b1b562e:44
[  118892ms] [INFO] <Suspense> is an experimental feature and its API will likely change. @ http://localhost:3003/_nuxt/@fs/home/meebuzo/github/alternate-framework/node_modules/@sentry/core/build/esm/instrument/console.js?v=4b1b562e:44
[  119830ms] [WARNING] [nuxt] [image] Density values above `2` are not recommended. See https://observablehq.com/@eeeps/visual-acuity-and-device-pixel-ratio. @ http://localhost:3003/_nuxt/@vite/client:528
[  120176ms] [WARNING] [Vue warn]: Failed to resolve component: v-list-subtitle
If this is a native custom element, make sure to exclude it from component resolution via compilerOptions.isCustomElement. 
  at <CatalogProductDetails productDetails= {id: 28, sku: null, name: Clipboard, tax_class: null, created_at: 2025-12-19T11:20:42} > 
  at <VCol cols="12" > 
  at <VRow > 
  at <VCol cols="12" > 
  at <VRow > 
  at <[...id] onVnodeUnmounted=fn<onVnodeUnmounted> ref=Ref< undefined > > 
  at <RouteProvider key="/product/28" vnode= {__v_isVNode: true, __v_skip: true, type: Object, props: Object, key: null} route= {fullPath: /product/28, hash: , query: Object, name: product-id___en, path: /product/28}  ... > 
  at <RouterView name=undefined route=undefined > 
  at <NuxtPage > 
  at <VMain> 
  at <VApp theme="light" class="auto-text" > 
  at <VResponsive class="border rounded" > 
  at <Default ref=Ref< undefined > > 
  at <AsyncComponentWrapper ref=Ref< undefined > > 
  at <LayoutLoader key="default" layoutProps= {ref: RefImpl} name="default" > 
  at <NuxtLayoutProvider layoutProps= {ref: RefImpl} key="default" name="default"  ... > 
  at <NuxtLayout > 
  at <App key=4 > 
  at <NuxtRoot> @ http://localhost:3003/_nuxt/@vite/client:528
[  120775ms] [WARNING] [Vue warn]: Invalid prop: type check failed for prop "product". Expected Object, got String with value "28". 
  at <BlocksCompareBtn product="28" > 
  at <VListItem class="col-6" > 
  at <VListItem class="col col-6" > 
  at <VListChildren items= [] returnObject=false > 
  at <VList lines="one" > 
  at <VCard class="right" elevation="0" > 
  at <CatalogProductDetails productDetails= {id: 28, sku: null, name: Clipboard, tax_class: null, created_at: 2025-12-19T11:20:42} > 
  at <VCol cols="12" > 
  at <VRow > 
  at <VCol cols="12" > 
  at <VRow > 
  at <[...id] onVnodeUnmounted=fn<onVnodeUnmounted> ref=Ref< undefined > > 
  at <RouteProvider key="/product/28" vnode= {__v_isVNode: true, __v_skip: true, type: Object, props: Object, key: null} route= {fullPath: /product/28, hash: , query: Object, name: product-id___en, path: /product/28}  ... > 
  at <RouterView name=undefined route=undefined > 
  at <NuxtPage > 
  at <VMain> 
  at <VApp theme="light" class="auto-text" > 
  at <VResponsive class="border rounded" > 
  at <Default ref=Ref< undefined > > 
  at <AsyncComponentWrapper ref=Ref< undefined > > 
  at <LayoutLoader key="default" layoutProps= {ref: RefImpl} name="default" > 
  at <NuxtLayoutProvider layoutProps= {ref: RefImpl} key="default" name="default"  ... > 
  at <NuxtLayout > 
  at <App key=4 > 
  at <NuxtRoot> @ http://localhost:3003/_nuxt/@vite/client:528
[  122177ms] [WARNING] [Meta Pixel] - Invalid PixelID: null. @ http://localhost:3003/_nuxt/@vite/client:528
[  122282ms] [ERROR] Connecting to 'https://analytics.tiktok.com/api/v2/monitor' violates the following Content Security Policy directive: "connect-src 'self' https://*.mux.com https://cms.meeovicms.com". The action has been blocked. @ https://analytics.tiktok.com/i18n/pixel/static/main.MTQyN2U3Zjc5MA.js:0
[  122284ms] [ERROR] Connecting to 'https://analytics.tiktok.com/api/v2/monitor' violates the following Content Security Policy directive: "connect-src 'self' https://*.mux.com https://cms.meeovicms.com". The action has been blocked. @ https://analytics.tiktok.com/i18n/pixel/static/main.MTQyN2U3Zjc5MA.js:0
[  122285ms] [ERROR] Connecting to 'https://analytics.tiktok.com/api/v2/monitor' violates the following Content Security Policy directive: "connect-src 'self' https://*.mux.com https://cms.meeovicms.com". The action has been blocked. @ https://analytics.tiktok.com/i18n/pixel/static/main.MTQyN2U3Zjc5MA.js:0
[  122288ms] [ERROR] Connecting to 'https://analytics.tiktok.com/api/v2/monitor' violates the following Content Security Policy directive: "connect-src 'self' https://*.mux.com https://cms.meeovicms.com". The action has been blocked. @ https://analytics.tiktok.com/i18n/pixel/static/main.MTQyN2U3Zjc5MA.js:0
[  122290ms] [ERROR] Connecting to 'https://analytics.tiktok.com/api/v2/monitor' violates the following Content Security Policy directive: "connect-src 'self' https://*.mux.com https://cms.meeovicms.com". The action has been blocked. @ https://analytics.tiktok.com/i18n/pixel/static/main.MTQyN2U3Zjc5MA.js:0
[  122291ms] [ERROR] Connecting to 'https://analytics.tiktok.com/api/v2/monitor' violates the following Content Security Policy directive: "connect-src 'self' https://*.mux.com https://cms.meeovicms.com". The action has been blocked. @ https://analytics.tiktok.com/i18n/pixel/static/main.MTQyN2U3Zjc5MA.js:0
[  122298ms] [ERROR] Connecting to 'https://analytics.tiktok.com/api/v2/monitor' violates the following Content Security Policy directive: "connect-src 'self' https://*.mux.com https://cms.meeovicms.com". The action has been blocked. @ https://analytics.tiktok.com/i18n/pixel/static/main.MTQyN2U3Zjc5MA.js:0
[  122612ms] [LOG] Meeovi Search @ http://localhost:3003/_nuxt/@fs/home/meebuzo/github/alternate-framework/node_modules/@sentry/core/build/esm/instrument/console.js?v=4b1b562e:44
[  122982ms] [ERROR] Failed to load resource: the server responded with a status of 404 () @ https://res.cloudinary.com/nuxt-cloudinary/image/upload/f_auto,q_auto/images/logo512alpha.png:0
[  123757ms] [ERROR] Failed to load resource: the server responded with a status of 500 (Server Error) @ http://localhost:3003/api/social/list-saved?kind=product&itemId=28:0
[  124782ms] [ERROR] Failed to load resource: the server responded with a status of 500 (Server Error) @ http://localhost:3003/api/social/list-saved?kind=product&itemId=28:0
[  124785ms] [ERROR] Failed to check list membership FetchError: [GET] "/api/social/list-saved?kind=product&itemId=28": 500 Server Error
    at async $fetchRaw2 (http://localhost:3003/_nuxt/@fs/home/meebuzo/github/alternate-framework/node_modules/ofetch/dist/shared/ofetch.CWycOUEr.mjs?v=4b1b562e:327:14)
    at async $fetch2 (http://localhost:3003/_nuxt/@fs/home/meebuzo/github/alternate-framework/node_modules/ofetch/dist/shared/ofetch.CWycOUEr.mjs?v=4b1b562e:332:15)
    at async getListsContainingItem (http://localhost:3003/_nuxt/@fs/home/meebuzo/github/alternate-framework/layers/social/app/composables/lists/useLists.ts:134:18)
    at async loadMembership (http://localhost:3003/_nuxt/@fs/home/meebuzo/github/alternate-framework/layers/social/app/components/blocks/partials/createListBtn.vue:43:24) @ http://localhost:3003/_nuxt/@vite/client:528
[  125688ms] [WARNING] [NUXT_E3003] `useAsyncData`/`useFetch` was called after the component had already mounted, so the data fetch cannot be awaited during setup.
╰▶ fix: Use `$fetch()` for requests triggered after mount (e.g. in event handlers), or call `useAsyncData`/`useFetch` in the `setup()` function. @ http://localhost:3003/_nuxt/@vite/client:528
[  127805ms] [ERROR] Connecting to 'https://o996770.ingest.us.sentry.io/api/5955273/envelope/?sentry_version=7&sentry_key=df1b90fab7c44ce8aef097a63b468d61&sentry_client=sentry.javascript.nuxt%2F10.70.0' violates the following Content Security Policy directive: "connect-src 'self' https://*.mux.com https://cms.meeovicms.com". The action has been blocked. @ http://localhost:3003/_nuxt/@fs/home/meebuzo/github/alternate-framework/node_modules/@sentry/browser/build/npm/esm/dev/transports/fetch.js?v=4b1b562e:31
[  127805ms] [ERROR] Fetch API cannot load https://o996770.ingest.us.sentry.io/api/5955273/envelope/?sentry_version=7&sentry_key=df1b90fab7c44ce8aef097a63b468d61&sentry_client=sentry.javascript.nuxt%2F10.70.0. Refused to connect because it violates the document's Content Security Policy. @ http://localhost:3003/_nuxt/@fs/home/meebuzo/github/alternate-framework/node_modules/@sentry/browser/build/npm/esm/dev/transports/fetch.js?v=4b1b562e:31
[  223667ms] [ERROR] Failed to load resource: the server responded with a status of 500 (Server Error) @ http://localhost:3003/api/social/lists:0
