[     391ms] [WARNING] %cssr:warn%c [Vue warn]: Failed to resolve component: v-app
If this is a native custom element, make sure to exclude it from component resolution via compilerOptions.isCustomElement. 
      background: #f39c12;
      border-radius: 0.5em;
      color: white;
      font-weight: bold;
      padding: 2px 0.5em;
      at <Auth>
at <AsyncComponentWrapper>
at <LayoutLoader>
at <NuxtLayoutProvider>
at <NuxtLayout>
at <App>
at <NuxtRoot> @ http://localhost:3026/_nuxt/@fs/home/meebuzo/github/alternate-framework/node_modules/consola/dist/browser.mjs?v=7bf3dffb:47
[     391ms] [WARNING] %cssr:warn%c [Vue warn]: Failed to resolve component: v-main
If this is a native custom element, make sure to exclude it from component resolution via compilerOptions.isCustomElement. 
      background: #f39c12;
      border-radius: 0.5em;
      color: white;
      font-weight: bold;
      padding: 2px 0.5em;
      at <Auth>
at <AsyncComponentWrapper>
at <LayoutLoader>
at <NuxtLayoutProvider>
at <NuxtLayout>
at <App>
at <NuxtRoot> @ http://localhost:3026/_nuxt/@fs/home/meebuzo/github/alternate-framework/node_modules/consola/dist/browser.mjs?v=7bf3dffb:47
[     391ms] [WARNING] %cssr:warn%c [Vue warn]: Failed to resolve component: v-icon
If this is a native custom element, make sure to exclude it from component resolution via compilerOptions.isCustomElement. 
      background: #f39c12;
      border-radius: 0.5em;
      color: white;
      font-weight: bold;
      padding: 2px 0.5em;
      at <Auth>
at <AsyncComponentWrapper>
at <LayoutLoader>
at <NuxtLayoutProvider>
at <NuxtLayout>
at <App>
at <NuxtRoot> @ http://localhost:3026/_nuxt/@fs/home/meebuzo/github/alternate-framework/node_modules/consola/dist/browser.mjs?v=7bf3dffb:47
[     391ms] [WARNING] %cssr:warn%c [Vue warn]: Non-function value encountered for default slot. Prefer function slots for better performance. 
      background: #f39c12;
      border-radius: 0.5em;
      color: white;
      font-weight: bold;
      padding: 2px 0.5em;
      at <Anonymous>
at <Auth>
at <AsyncComponentWrapper>
at <LayoutLoader>
at <NuxtLayoutProvider>
at <NuxtLayout>
at <App>
at <NuxtRoot> @ http://localhost:3026/_nuxt/@fs/home/meebuzo/github/alternate-framework/node_modules/consola/dist/browser.mjs?v=7bf3dffb:47
[     391ms] [WARNING] %cssr:warn%c [Vue warn]: Component <Anonymous> is missing template or render function. 
      background: #f39c12;
      border-radius: 0.5em;
      color: white;
      font-weight: bold;
      padding: 2px 0.5em;
      at <Anonymous>
at <Auth>
at <AsyncComponentWrapper>
at <LayoutLoader>
at <NuxtLayoutProvider>
at <NuxtLayout>
at <App>
at <NuxtRoot> @ http://localhost:3026/_nuxt/@fs/home/meebuzo/github/alternate-framework/node_modules/consola/dist/browser.mjs?v=7bf3dffb:47
[     392ms] [WARNING] %cssr:warn%c [nuxt] Your project has pages but `<NuxtPage />` has not been detected. Make sure you are using `<NuxtPage />` instead of `<RouterView />`, as `<RouterView />` will not work correctly in Nuxt. If `<NuxtPage />` is rendered conditionally, this warning can be triggered before it is mounted. You can set `pages: false` in `nuxt.config` if you do not wish to use the Nuxt `vue-router` integration. 
      background: #f39c12;
      border-radius: 0.5em;
      color: white;
      font-weight: bold;
      padding: 2px 0.5em;
      
  at process.processTicksAndRejections (node:internal/process/task_queues)
 @ http://localhost:3026/_nuxt/@fs/home/meebuzo/github/alternate-framework/node_modules/consola/dist/browser.mjs?v=7bf3dffb:47
[     397ms] [INFO] <Suspense> is an experimental feature and its API will likely change. @ http://localhost:3026/_nuxt/@fs/home/meebuzo/github/alternate-framework/node_modules/@vue/runtime-core/dist/runtime-core.esm-bundler.js?v=7bf3dffb:7310
[     419ms] [WARNING] [Vue warn]: Failed to resolve component: v-icon
If this is a native custom element, make sure to exclude it from component resolution via compilerOptions.isCustomElement. 
  at <Auth ref=Ref< undefined > > 
  at <AsyncComponentWrapper ref=Ref< undefined > > 
  at <LayoutLoader key="auth" layoutProps= {ref: RefImpl} name="auth" > 
  at <NuxtLayoutProvider layoutProps= {ref: RefImpl} key="auth" name="auth"  ... > 
  at <NuxtLayout > 
  at <App key=4 > 
  at <NuxtRoot> @ http://localhost:3026/_nuxt/@fs/home/meebuzo/github/alternate-framework/node_modules/@vue/runtime-core/dist/runtime-core.esm-bundler.js?v=7bf3dffb:49
[     422ms] [WARNING] [Vue warn]: Failed to resolve component: v-main
If this is a native custom element, make sure to exclude it from component resolution via compilerOptions.isCustomElement. 
  at <Auth ref=Ref< undefined > > 
  at <AsyncComponentWrapper ref=Ref< undefined > > 
  at <LayoutLoader key="auth" layoutProps= {ref: RefImpl} name="auth" > 
  at <NuxtLayoutProvider layoutProps= {ref: RefImpl} key="auth" name="auth"  ... > 
  at <NuxtLayout > 
  at <App key=4 > 
  at <NuxtRoot> @ http://localhost:3026/_nuxt/@fs/home/meebuzo/github/alternate-framework/node_modules/@vue/runtime-core/dist/runtime-core.esm-bundler.js?v=7bf3dffb:49
[     422ms] [WARNING] [Vue warn]: Failed to resolve component: v-app
If this is a native custom element, make sure to exclude it from component resolution via compilerOptions.isCustomElement. 
  at <Auth ref=Ref< undefined > > 
  at <AsyncComponentWrapper ref=Ref< undefined > > 
  at <LayoutLoader key="auth" layoutProps= {ref: RefImpl} name="auth" > 
  at <NuxtLayoutProvider layoutProps= {ref: RefImpl} key="auth" name="auth"  ... > 
  at <NuxtLayout > 
  at <App key=4 > 
  at <NuxtRoot> @ http://localhost:3026/_nuxt/@fs/home/meebuzo/github/alternate-framework/node_modules/@vue/runtime-core/dist/runtime-core.esm-bundler.js?v=7bf3dffb:49
[     429ms] [WARNING] [Vue warn]: Hydration node mismatch:
- rendered on server: JSHandle@node  
- expected on client: v-app 
  at <Auth ref=Ref< undefined > > 
  at <AsyncComponentWrapper ref=Ref< undefined > > 
  at <LayoutLoader key="auth" layoutProps= {ref: RefImpl} name="auth" > 
  at <NuxtLayoutProvider layoutProps= {ref: RefImpl} key="auth" name="auth"  ... > 
  at <NuxtLayout > 
  at <App key=4 > 
  at <NuxtRoot> @ http://localhost:3026/_nuxt/@fs/home/meebuzo/github/alternate-framework/node_modules/@vue/runtime-core/dist/runtime-core.esm-bundler.js?v=7bf3dffb:49
[     429ms] [ERROR] Hydration completed but contains mismatches. @ http://localhost:3026/_nuxt/@fs/home/meebuzo/github/alternate-framework/node_modules/@vue/runtime-core/dist/runtime-core.esm-bundler.js?v=7bf3dffb:1890
[     435ms] [WARNING] [Vue warn]: Failed to resolve component: v-card-title
If this is a native custom element, make sure to exclude it from component resolution via compilerOptions.isCustomElement. 
  at <Login onVnodeUnmounted=fn<onVnodeUnmounted> ref=Ref< undefined > > 
  at <RouteProvider key="/login" vnode= {__v_isVNode: true, __v_skip: true, type: Object, props: Object, key: null} route= {fullPath: /login, hash: , query: Object, name: login, path: /login}  ... > 
  at <RouterView name=undefined route=undefined > 
  at <NuxtPage > 
  at <Auth ref=Ref< undefined > > 
  at <AsyncComponentWrapper ref=Ref< undefined > > 
  at <LayoutLoader key="auth" layoutProps= {ref: RefImpl} name="auth" > 
  at <NuxtLayoutProvider layoutProps= {ref: RefImpl} key="auth" name="auth"  ... > 
  at <NuxtLayout > 
  at <App key=4 > 
  at <NuxtRoot> @ http://localhost:3026/_nuxt/@fs/home/meebuzo/github/alternate-framework/node_modules/@vue/runtime-core/dist/runtime-core.esm-bundler.js?v=7bf3dffb:49
[     437ms] [WARNING] [Vue warn]: Failed to resolve component: v-card-subtitle
If this is a native custom element, make sure to exclude it from component resolution via compilerOptions.isCustomElement. 
  at <Login onVnodeUnmounted=fn<onVnodeUnmounted> ref=Ref< undefined > > 
  at <RouteProvider key="/login" vnode= {__v_isVNode: true, __v_skip: true, type: Object, props: Object, key: null} route= {fullPath: /login, hash: , query: Object, name: login, path: /login}  ... > 
  at <RouterView name=undefined route=undefined > 
  at <NuxtPage > 
  at <Auth ref=Ref< undefined > > 
  at <AsyncComponentWrapper ref=Ref< undefined > > 
  at <LayoutLoader key="auth" layoutProps= {ref: RefImpl} name="auth" > 
  at <NuxtLayoutProvider layoutProps= {ref: RefImpl} key="auth" name="auth"  ... > 
  at <NuxtLayout > 
  at <App key=4 > 
  at <NuxtRoot> @ http://localhost:3026/_nuxt/@fs/home/meebuzo/github/alternate-framework/node_modules/@vue/runtime-core/dist/runtime-core.esm-bundler.js?v=7bf3dffb:49
[     438ms] [WARNING] [Vue warn]: Failed to resolve component: v-alert
If this is a native custom element, make sure to exclude it from component resolution via compilerOptions.isCustomElement. 
  at <Login onVnodeUnmounted=fn<onVnodeUnmounted> ref=Ref< undefined > > 
  at <RouteProvider key="/login" vnode= {__v_isVNode: true, __v_skip: true, type: Object, props: Object, key: null} route= {fullPath: /login, hash: , query: Object, name: login, path: /login}  ... > 
  at <RouterView name=undefined route=undefined > 
  at <NuxtPage > 
  at <Auth ref=Ref< undefined > > 
  at <AsyncComponentWrapper ref=Ref< undefined > > 
  at <LayoutLoader key="auth" layoutProps= {ref: RefImpl} name="auth" > 
  at <NuxtLayoutProvider layoutProps= {ref: RefImpl} key="auth" name="auth"  ... > 
  at <NuxtLayout > 
  at <App key=4 > 
  at <NuxtRoot> @ http://localhost:3026/_nuxt/@fs/home/meebuzo/github/alternate-framework/node_modules/@vue/runtime-core/dist/runtime-core.esm-bundler.js?v=7bf3dffb:49
[     439ms] [WARNING] [Vue warn]: Failed to resolve component: v-text-field
If this is a native custom element, make sure to exclude it from component resolution via compilerOptions.isCustomElement. 
  at <Login onVnodeUnmounted=fn<onVnodeUnmounted> ref=Ref< undefined > > 
  at <RouteProvider key="/login" vnode= {__v_isVNode: true, __v_skip: true, type: Object, props: Object, key: null} route= {fullPath: /login, hash: , query: Object, name: login, path: /login}  ... > 
  at <RouterView name=undefined route=undefined > 
  at <NuxtPage > 
  at <Auth ref=Ref< undefined > > 
  at <AsyncComponentWrapper ref=Ref< undefined > > 
  at <LayoutLoader key="auth" layoutProps= {ref: RefImpl} name="auth" > 
  at <NuxtLayoutProvider layoutProps= {ref: RefImpl} key="auth" name="auth"  ... > 
  at <NuxtLayout > 
  at <App key=4 > 
  at <NuxtRoot> @ http://localhost:3026/_nuxt/@fs/home/meebuzo/github/alternate-framework/node_modules/@vue/runtime-core/dist/runtime-core.esm-bundler.js?v=7bf3dffb:49
[     440ms] [WARNING] [Vue warn]: Failed to resolve component: v-checkbox
If this is a native custom element, make sure to exclude it from component resolution via compilerOptions.isCustomElement. 
  at <Login onVnodeUnmounted=fn<onVnodeUnmounted> ref=Ref< undefined > > 
  at <RouteProvider key="/login" vnode= {__v_isVNode: true, __v_skip: true, type: Object, props: Object, key: null} route= {fullPath: /login, hash: , query: Object, name: login, path: /login}  ... > 
  at <RouterView name=undefined route=undefined > 
  at <NuxtPage > 
  at <Auth ref=Ref< undefined > > 
  at <AsyncComponentWrapper ref=Ref< undefined > > 
  at <LayoutLoader key="auth" layoutProps= {ref: RefImpl} name="auth" > 
  at <NuxtLayoutProvider layoutProps= {ref: RefImpl} key="auth" name="auth"  ... > 
  at <NuxtLayout > 
  at <App key=4 > 
  at <NuxtRoot> @ http://localhost:3026/_nuxt/@fs/home/meebuzo/github/alternate-framework/node_modules/@vue/runtime-core/dist/runtime-core.esm-bundler.js?v=7bf3dffb:49
[     441ms] [WARNING] [Vue warn]: Failed to resolve component: v-btn
If this is a native custom element, make sure to exclude it from component resolution via compilerOptions.isCustomElement. 
  at <Login onVnodeUnmounted=fn<onVnodeUnmounted> ref=Ref< undefined > > 
  at <RouteProvider key="/login" vnode= {__v_isVNode: true, __v_skip: true, type: Object, props: Object, key: null} route= {fullPath: /login, hash: , query: Object, name: login, path: /login}  ... > 
  at <RouterView name=undefined route=undefined > 
  at <NuxtPage > 
  at <Auth ref=Ref< undefined > > 
  at <AsyncComponentWrapper ref=Ref< undefined > > 
  at <LayoutLoader key="auth" layoutProps= {ref: RefImpl} name="auth" > 
  at <NuxtLayoutProvider layoutProps= {ref: RefImpl} key="auth" name="auth"  ... > 
  at <NuxtLayout > 
  at <App key=4 > 
  at <NuxtRoot> @ http://localhost:3026/_nuxt/@fs/home/meebuzo/github/alternate-framework/node_modules/@vue/runtime-core/dist/runtime-core.esm-bundler.js?v=7bf3dffb:49
[     442ms] [WARNING] [Vue warn]: Failed to resolve component: v-form
If this is a native custom element, make sure to exclude it from component resolution via compilerOptions.isCustomElement. 
  at <Login onVnodeUnmounted=fn<onVnodeUnmounted> ref=Ref< undefined > > 
  at <RouteProvider key="/login" vnode= {__v_isVNode: true, __v_skip: true, type: Object, props: Object, key: null} route= {fullPath: /login, hash: , query: Object, name: login, path: /login}  ... > 
  at <RouterView name=undefined route=undefined > 
  at <NuxtPage > 
  at <Auth ref=Ref< undefined > > 
  at <AsyncComponentWrapper ref=Ref< undefined > > 
  at <LayoutLoader key="auth" layoutProps= {ref: RefImpl} name="auth" > 
  at <NuxtLayoutProvider layoutProps= {ref: RefImpl} key="auth" name="auth"  ... > 
  at <NuxtLayout > 
  at <App key=4 > 
  at <NuxtRoot> @ http://localhost:3026/_nuxt/@fs/home/meebuzo/github/alternate-framework/node_modules/@vue/runtime-core/dist/runtime-core.esm-bundler.js?v=7bf3dffb:49
[     443ms] [WARNING] [Vue warn]: Failed to resolve component: v-divider
If this is a native custom element, make sure to exclude it from component resolution via compilerOptions.isCustomElement. 
  at <Login onVnodeUnmounted=fn<onVnodeUnmounted> ref=Ref< undefined > > 
  at <RouteProvider key="/login" vnode= {__v_isVNode: true, __v_skip: true, type: Object, props: Object, key: null} route= {fullPath: /login, hash: , query: Object, name: login, path: /login}  ... > 
  at <RouterView name=undefined route=undefined > 
  at <NuxtPage > 
  at <Auth ref=Ref< undefined > > 
  at <AsyncComponentWrapper ref=Ref< undefined > > 
  at <LayoutLoader key="auth" layoutProps= {ref: RefImpl} name="auth" > 
  at <NuxtLayoutProvider layoutProps= {ref: RefImpl} key="auth" name="auth"  ... > 
  at <NuxtLayout > 
  at <App key=4 > 
  at <NuxtRoot> @ http://localhost:3026/_nuxt/@fs/home/meebuzo/github/alternate-framework/node_modules/@vue/runtime-core/dist/runtime-core.esm-bundler.js?v=7bf3dffb:49
[     445ms] [WARNING] [Vue warn]: Failed to resolve component: v-card-text
If this is a native custom element, make sure to exclude it from component resolution via compilerOptions.isCustomElement. 
  at <Login onVnodeUnmounted=fn<onVnodeUnmounted> ref=Ref< undefined > > 
  at <RouteProvider key="/login" vnode= {__v_isVNode: true, __v_skip: true, type: Object, props: Object, key: null} route= {fullPath: /login, hash: , query: Object, name: login, path: /login}  ... > 
  at <RouterView name=undefined route=undefined > 
  at <NuxtPage > 
  at <Auth ref=Ref< undefined > > 
  at <AsyncComponentWrapper ref=Ref< undefined > > 
  at <LayoutLoader key="auth" layoutProps= {ref: RefImpl} name="auth" > 
  at <NuxtLayoutProvider layoutProps= {ref: RefImpl} key="auth" name="auth"  ... > 
  at <NuxtLayout > 
  at <App key=4 > 
  at <NuxtRoot> @ http://localhost:3026/_nuxt/@fs/home/meebuzo/github/alternate-framework/node_modules/@vue/runtime-core/dist/runtime-core.esm-bundler.js?v=7bf3dffb:49
[     446ms] [WARNING] [Vue warn]: Failed to resolve component: v-card
If this is a native custom element, make sure to exclude it from component resolution via compilerOptions.isCustomElement. 
  at <Login onVnodeUnmounted=fn<onVnodeUnmounted> ref=Ref< undefined > > 
  at <RouteProvider key="/login" vnode= {__v_isVNode: true, __v_skip: true, type: Object, props: Object, key: null} route= {fullPath: /login, hash: , query: Object, name: login, path: /login}  ... > 
  at <RouterView name=undefined route=undefined > 
  at <NuxtPage > 
  at <Auth ref=Ref< undefined > > 
  at <AsyncComponentWrapper ref=Ref< undefined > > 
  at <LayoutLoader key="auth" layoutProps= {ref: RefImpl} name="auth" > 
  at <NuxtLayoutProvider layoutProps= {ref: RefImpl} key="auth" name="auth"  ... > 
  at <NuxtLayout > 
  at <App key=4 > 
  at <NuxtRoot> @ http://localhost:3026/_nuxt/@fs/home/meebuzo/github/alternate-framework/node_modules/@vue/runtime-core/dist/runtime-core.esm-bundler.js?v=7bf3dffb:49
[     457ms] [WARNING] [Vue warn]: Failed to resolve component: v-card-title
If this is a native custom element, make sure to exclude it from component resolution via compilerOptions.isCustomElement. 
  at <Login onVnodeUnmounted=fn<onVnodeUnmounted> ref=Ref< Proxy(Object) > > 
  at <RouteProvider key="/login" vnode= {__v_isVNode: true, __v_skip: true, type: Object, props: Object, key: null} route= {fullPath: /login, hash: , query: Object, name: login, path: /login}  ... > 
  at <RouterView name=undefined route=undefined > 
  at <NuxtPage > 
  at <Auth ref=Ref< Proxy(Object) > > 
  at <AsyncComponentWrapper ref=Ref< Proxy(Object) > > 
  at <LayoutLoader key="auth" layoutProps= {ref: RefImpl} name="auth" > 
  at <NuxtLayoutProvider layoutProps= {ref: RefImpl} key="auth" name="auth"  ... > 
  at <NuxtLayout > 
  at <App key=4 > 
  at <NuxtRoot> @ http://localhost:3026/_nuxt/@fs/home/meebuzo/github/alternate-framework/node_modules/@vue/runtime-core/dist/runtime-core.esm-bundler.js?v=7bf3dffb:49
[     458ms] [WARNING] [Vue warn]: Failed to resolve component: v-card-subtitle
If this is a native custom element, make sure to exclude it from component resolution via compilerOptions.isCustomElement. 
  at <Login onVnodeUnmounted=fn<onVnodeUnmounted> ref=Ref< Proxy(Object) > > 
  at <RouteProvider key="/login" vnode= {__v_isVNode: true, __v_skip: true, type: Object, props: Object, key: null} route= {fullPath: /login, hash: , query: Object, name: login, path: /login}  ... > 
  at <RouterView name=undefined route=undefined > 
  at <NuxtPage > 
  at <Auth ref=Ref< Proxy(Object) > > 
  at <AsyncComponentWrapper ref=Ref< Proxy(Object) > > 
  at <LayoutLoader key="auth" layoutProps= {ref: RefImpl} name="auth" > 
  at <NuxtLayoutProvider layoutProps= {ref: RefImpl} key="auth" name="auth"  ... > 
  at <NuxtLayout > 
  at <App key=4 > 
  at <NuxtRoot> @ http://localhost:3026/_nuxt/@fs/home/meebuzo/github/alternate-framework/node_modules/@vue/runtime-core/dist/runtime-core.esm-bundler.js?v=7bf3dffb:49
[     459ms] [WARNING] [Vue warn]: Failed to resolve component: v-alert
If this is a native custom element, make sure to exclude it from component resolution via compilerOptions.isCustomElement. 
  at <Login onVnodeUnmounted=fn<onVnodeUnmounted> ref=Ref< Proxy(Object) > > 
  at <RouteProvider key="/login" vnode= {__v_isVNode: true, __v_skip: true, type: Object, props: Object, key: null} route= {fullPath: /login, hash: , query: Object, name: login, path: /login}  ... > 
  at <RouterView name=undefined route=undefined > 
  at <NuxtPage > 
  at <Auth ref=Ref< Proxy(Object) > > 
  at <AsyncComponentWrapper ref=Ref< Proxy(Object) > > 
  at <LayoutLoader key="auth" layoutProps= {ref: RefImpl} name="auth" > 
  at <NuxtLayoutProvider layoutProps= {ref: RefImpl} key="auth" name="auth"  ... > 
  at <NuxtLayout > 
  at <App key=4 > 
  at <NuxtRoot> @ http://localhost:3026/_nuxt/@fs/home/meebuzo/github/alternate-framework/node_modules/@vue/runtime-core/dist/runtime-core.esm-bundler.js?v=7bf3dffb:49
[     459ms] [WARNING] [Vue warn]: Failed to resolve component: v-text-field
If this is a native custom element, make sure to exclude it from component resolution via compilerOptions.isCustomElement. 
  at <Login onVnodeUnmounted=fn<onVnodeUnmounted> ref=Ref< Proxy(Object) > > 
  at <RouteProvider key="/login" vnode= {__v_isVNode: true, __v_skip: true, type: Object, props: Object, key: null} route= {fullPath: /login, hash: , query: Object, name: login, path: /login}  ... > 
  at <RouterView name=undefined route=undefined > 
  at <NuxtPage > 
  at <Auth ref=Ref< Proxy(Object) > > 
  at <AsyncComponentWrapper ref=Ref< Proxy(Object) > > 
  at <LayoutLoader key="auth" layoutProps= {ref: RefImpl} name="auth" > 
  at <NuxtLayoutProvider layoutProps= {ref: RefImpl} key="auth" name="auth"  ... > 
  at <NuxtLayout > 
  at <App key=4 > 
  at <NuxtRoot> @ http://localhost:3026/_nuxt/@fs/home/meebuzo/github/alternate-framework/node_modules/@vue/runtime-core/dist/runtime-core.esm-bundler.js?v=7bf3dffb:49
[     460ms] [WARNING] [Vue warn]: Failed to resolve component: v-checkbox
If this is a native custom element, make sure to exclude it from component resolution via compilerOptions.isCustomElement. 
  at <Login onVnodeUnmounted=fn<onVnodeUnmounted> ref=Ref< Proxy(Object) > > 
  at <RouteProvider key="/login" vnode= {__v_isVNode: true, __v_skip: true, type: Object, props: Object, key: null} route= {fullPath: /login, hash: , query: Object, name: login, path: /login}  ... > 
  at <RouterView name=undefined route=undefined > 
  at <NuxtPage > 
  at <Auth ref=Ref< Proxy(Object) > > 
  at <AsyncComponentWrapper ref=Ref< Proxy(Object) > > 
  at <LayoutLoader key="auth" layoutProps= {ref: RefImpl} name="auth" > 
  at <NuxtLayoutProvider layoutProps= {ref: RefImpl} key="auth" name="auth"  ... > 
  at <NuxtLayout > 
  at <App key=4 > 
  at <NuxtRoot> @ http://localhost:3026/_nuxt/@fs/home/meebuzo/github/alternate-framework/node_modules/@vue/runtime-core/dist/runtime-core.esm-bundler.js?v=7bf3dffb:49
[     461ms] [WARNING] [Vue warn]: Failed to resolve component: v-btn
If this is a native custom element, make sure to exclude it from component resolution via compilerOptions.isCustomElement. 
  at <Login onVnodeUnmounted=fn<onVnodeUnmounted> ref=Ref< Proxy(Object) > > 
  at <RouteProvider key="/login" vnode= {__v_isVNode: true, __v_skip: true, type: Object, props: Object, key: null} route= {fullPath: /login, hash: , query: Object, name: login, path: /login}  ... > 
  at <RouterView name=undefined route=undefined > 
  at <NuxtPage > 
  at <Auth ref=Ref< Proxy(Object) > > 
  at <AsyncComponentWrapper ref=Ref< Proxy(Object) > > 
  at <LayoutLoader key="auth" layoutProps= {ref: RefImpl} name="auth" > 
  at <NuxtLayoutProvider layoutProps= {ref: RefImpl} key="auth" name="auth"  ... > 
  at <NuxtLayout > 
  at <App key=4 > 
  at <NuxtRoot> @ http://localhost:3026/_nuxt/@fs/home/meebuzo/github/alternate-framework/node_modules/@vue/runtime-core/dist/runtime-core.esm-bundler.js?v=7bf3dffb:49
[     462ms] [WARNING] [Vue warn]: Failed to resolve component: v-form
If this is a native custom element, make sure to exclude it from component resolution via compilerOptions.isCustomElement. 
  at <Login onVnodeUnmounted=fn<onVnodeUnmounted> ref=Ref< Proxy(Object) > > 
  at <RouteProvider key="/login" vnode= {__v_isVNode: true, __v_skip: true, type: Object, props: Object, key: null} route= {fullPath: /login, hash: , query: Object, name: login, path: /login}  ... > 
  at <RouterView name=undefined route=undefined > 
  at <NuxtPage > 
  at <Auth ref=Ref< Proxy(Object) > > 
  at <AsyncComponentWrapper ref=Ref< Proxy(Object) > > 
  at <LayoutLoader key="auth" layoutProps= {ref: RefImpl} name="auth" > 
  at <NuxtLayoutProvider layoutProps= {ref: RefImpl} key="auth" name="auth"  ... > 
  at <NuxtLayout > 
  at <App key=4 > 
  at <NuxtRoot> @ http://localhost:3026/_nuxt/@fs/home/meebuzo/github/alternate-framework/node_modules/@vue/runtime-core/dist/runtime-core.esm-bundler.js?v=7bf3dffb:49
[     463ms] [WARNING] [Vue warn]: Failed to resolve component: v-divider
If this is a native custom element, make sure to exclude it from component resolution via compilerOptions.isCustomElement. 
  at <Login onVnodeUnmounted=fn<onVnodeUnmounted> ref=Ref< Proxy(Object) > > 
  at <RouteProvider key="/login" vnode= {__v_isVNode: true, __v_skip: true, type: Object, props: Object, key: null} route= {fullPath: /login, hash: , query: Object, name: login, path: /login}  ... > 
  at <RouterView name=undefined route=undefined > 
  at <NuxtPage > 
  at <Auth ref=Ref< Proxy(Object) > > 
  at <AsyncComponentWrapper ref=Ref< Proxy(Object) > > 
  at <LayoutLoader key="auth" layoutProps= {ref: RefImpl} name="auth" > 
  at <NuxtLayoutProvider layoutProps= {ref: RefImpl} key="auth" name="auth"  ... > 
  at <NuxtLayout > 
  at <App key=4 > 
  at <NuxtRoot> @ http://localhost:3026/_nuxt/@fs/home/meebuzo/github/alternate-framework/node_modules/@vue/runtime-core/dist/runtime-core.esm-bundler.js?v=7bf3dffb:49
[     464ms] [WARNING] [Vue warn]: Failed to resolve component: v-card-text
If this is a native custom element, make sure to exclude it from component resolution via compilerOptions.isCustomElement. 
  at <Login onVnodeUnmounted=fn<onVnodeUnmounted> ref=Ref< Proxy(Object) > > 
  at <RouteProvider key="/login" vnode= {__v_isVNode: true, __v_skip: true, type: Object, props: Object, key: null} route= {fullPath: /login, hash: , query: Object, name: login, path: /login}  ... > 
  at <RouterView name=undefined route=undefined > 
  at <NuxtPage > 
  at <Auth ref=Ref< Proxy(Object) > > 
  at <AsyncComponentWrapper ref=Ref< Proxy(Object) > > 
  at <LayoutLoader key="auth" layoutProps= {ref: RefImpl} name="auth" > 
  at <NuxtLayoutProvider layoutProps= {ref: RefImpl} key="auth" name="auth"  ... > 
  at <NuxtLayout > 
  at <App key=4 > 
  at <NuxtRoot> @ http://localhost:3026/_nuxt/@fs/home/meebuzo/github/alternate-framework/node_modules/@vue/runtime-core/dist/runtime-core.esm-bundler.js?v=7bf3dffb:49
[     465ms] [WARNING] [Vue warn]: Failed to resolve component: v-card
If this is a native custom element, make sure to exclude it from component resolution via compilerOptions.isCustomElement. 
  at <Login onVnodeUnmounted=fn<onVnodeUnmounted> ref=Ref< Proxy(Object) > > 
  at <RouteProvider key="/login" vnode= {__v_isVNode: true, __v_skip: true, type: Object, props: Object, key: null} route= {fullPath: /login, hash: , query: Object, name: login, path: /login}  ... > 
  at <RouterView name=undefined route=undefined > 
  at <NuxtPage > 
  at <Auth ref=Ref< Proxy(Object) > > 
  at <AsyncComponentWrapper ref=Ref< Proxy(Object) > > 
  at <LayoutLoader key="auth" layoutProps= {ref: RefImpl} name="auth" > 
  at <NuxtLayoutProvider layoutProps= {ref: RefImpl} key="auth" name="auth"  ... > 
  at <NuxtLayout > 
  at <App key=4 > 
  at <NuxtRoot> @ http://localhost:3026/_nuxt/@fs/home/meebuzo/github/alternate-framework/node_modules/@vue/runtime-core/dist/runtime-core.esm-bundler.js?v=7bf3dffb:49
[     519ms] [LOG] ✨ %cNuxt DevTools %c Press Shift + Alt + D to open DevTools color: black; border-radius: 3px 0 0 3px; padding: 2px 2px 1px 10px; background: #00DC82 border-radius: 0 3px 3px 0; padding: 2px 10px 1px 2px; background: #00DC8220  @ http://localhost:3026/_nuxt/@fs/home/meebuzo/github/alternate-framework/node_modules/@nuxt/devtools/dist/runtime/plugins/devtools.client.js?v=7bf3dffb:51
[    6980ms] [LOG] Auth client type: undefined @ :3
[   50055ms] [LOG] [vite] server connection lost. Polling for restart... @ http://localhost:3026/_nuxt/@vite/client:864
[   64129ms] [ERROR] Failed to load resource: the server responded with a status of 504 (Outdated Optimize Dep) @ http://localhost:3026/_nuxt/@fs/home/meebuzo/github/alternate-framework/node_modules/nuxt/node_modules/vue-router/dist/vue-router.js:0
[   64141ms] Failed to fetch dynamically imported module: http://localhost:3026/_nuxt/@fs/home/meebuzo/github/alternate-framework/node_modules/nuxt/dist/app/entry.js?v=7bf3dffb
[  226711ms] [LOG] [vite] server connection lost. Polling for restart... @ http://localhost:3026/_nuxt/@vite/client:864
[  240561ms] [ERROR] Failed to load resource: the server responded with a status of 504 (Outdated Optimize Dep) @ http://localhost:3026/_nuxt/@fs/home/meebuzo/github/alternate-framework/node_modules/nuxt/node_modules/vue-router/dist/vue-router.js:0
[  240565ms] Failed to fetch dynamically imported module: http://localhost:3026/_nuxt/@fs/home/meebuzo/github/alternate-framework/node_modules/nuxt/dist/app/entry.js?v=7bf3dffb
