[   30329ms] [LOG] %cssr:success%c Vite server hmr 102 files 
      background: #2ecc71;
      border-radius: 0.5em;
      color: white;
      font-weight: bold;
      padding: 2px 0.5em;
      in 3.15ms 
  at vite_node_entry_default (/home/meebuzo/github/alternate-framework/node_modules/@nuxt/vite-builder/dist/vite-node-entry.mjs)
  at process.processTicksAndRejections (node:internal/process/task_queues)
  at async Object.renderToString (/home/meebuzo/github/alternate-framework/node_modules/vue-bundle-renderer/dist/runtime.mjs)
 @ http://localhost:3002/_nuxt/@fs/home/meebuzo/github/alternate-framework/node_modules/consola/dist/browser.mjs?v=1275ab82:47
[   30867ms] [LOG] ✨ %cNuxt DevTools %c Press Shift + Alt + D to open DevTools color: black; border-radius: 3px 0 0 3px; padding: 2px 2px 1px 10px; background: #00DC82 border-radius: 0 3px 3px 0; padding: 2px 10px 1px 2px; background: #00DC8220  @ http://localhost:3002/_nuxt/@fs/home/meebuzo/github/alternate-framework/node_modules/@sentry/core/build/esm/instrument/console.js?v=1275ab82:44
[   30955ms] [INFO] <Suspense> is an experimental feature and its API will likely change. @ http://localhost:3002/_nuxt/@fs/home/meebuzo/github/alternate-framework/node_modules/@sentry/core/build/esm/instrument/console.js?v=1275ab82:44
[   31332ms] [WARNING] [Vue warn]: Slot "default" invoked outside of the render function: this will not track dependencies used in the slot. Invoke the slot function inside the render function instead. 
  at <VDefaultsProvider key="content-defaults" disabled=false defaults= {VIcon: Object} > 
  at <VBtn href="/" icon="fas fa-home" > 
  at <VBottomNavigation modelValue=undefined onUpdate:modelValue=fn bg-color="color"  ... > 
  at <VLayout id="mobileNav" style= {height: 56px} > 
  at <MenusMobileNav> 
  at <VResponsive class="border rounded" > 
  at <Default ref=Ref< undefined > > 
  at <AsyncComponentWrapper ref=Ref< undefined > > 
  at <LayoutLoader key="default" layoutProps= {ref: RefImpl} name="default" > 
  at <NuxtLayoutProvider layoutProps= {ref: RefImpl} key="default" name="default"  ... > 
  at <NuxtLayout > 
  at <App key=4 > 
  at <NuxtRoot> @ http://localhost:3002/_nuxt/@fs/home/meebuzo/github/alternate-framework/node_modules/@sentry/core/build/esm/instrument/console.js?v=1275ab82:44
[   31336ms] [WARNING] [Vue warn]: Slot "default" invoked outside of the render function: this will not track dependencies used in the slot. Invoke the slot function inside the render function instead. 
  at <VDefaultsProvider key="content-defaults" disabled=true defaults= {VIcon: Object} > 
  at <VBtn href="/u/" > 
  at <VBottomNavigation modelValue=undefined onUpdate:modelValue=fn bg-color="color"  ... > 
  at <VLayout id="mobileNav" style= {height: 56px} > 
  at <MenusMobileNav> 
  at <VResponsive class="border rounded" > 
  at <Default ref=Ref< undefined > > 
  at <AsyncComponentWrapper ref=Ref< undefined > > 
  at <LayoutLoader key="default" layoutProps= {ref: RefImpl} name="default" > 
  at <NuxtLayoutProvider layoutProps= {ref: RefImpl} key="default" name="default"  ... > 
  at <NuxtLayout > 
  at <App key=4 > 
  at <NuxtRoot> @ http://localhost:3002/_nuxt/@fs/home/meebuzo/github/alternate-framework/node_modules/@sentry/core/build/esm/instrument/console.js?v=1275ab82:44
[   31338ms] [WARNING] [Vue warn]: Slot "default" invoked outside of the render function: this will not track dependencies used in the slot. Invoke the slot function inside the render function instead. 
  at <VDefaultsProvider key="content-defaults" disabled=true defaults= {VIcon: Object} > 
  at <VBtn href="/checkout" > 
  at <VBottomNavigation modelValue=undefined onUpdate:modelValue=fn bg-color="color"  ... > 
  at <VLayout id="mobileNav" style= {height: 56px} > 
  at <MenusMobileNav> 
  at <VResponsive class="border rounded" > 
  at <Default ref=Ref< undefined > > 
  at <AsyncComponentWrapper ref=Ref< undefined > > 
  at <LayoutLoader key="default" layoutProps= {ref: RefImpl} name="default" > 
  at <NuxtLayoutProvider layoutProps= {ref: RefImpl} key="default" name="default"  ... > 
  at <NuxtLayout > 
  at <App key=4 > 
  at <NuxtRoot> @ http://localhost:3002/_nuxt/@fs/home/meebuzo/github/alternate-framework/node_modules/@sentry/core/build/esm/instrument/console.js?v=1275ab82:44
[   31340ms] [WARNING] [Vue warn]: Slot "default" invoked outside of the render function: this will not track dependencies used in the slot. Invoke the slot function inside the render function instead. 
  at <VDefaultsProvider key="content-defaults" disabled=true defaults= {VIcon: Object} > 
  at <VBtn href="/menu-page/" > 
  at <VBottomNavigation modelValue=undefined onUpdate:modelValue=fn bg-color="color"  ... > 
  at <VLayout id="mobileNav" style= {height: 56px} > 
  at <MenusMobileNav> 
  at <VResponsive class="border rounded" > 
  at <Default ref=Ref< undefined > > 
  at <AsyncComponentWrapper ref=Ref< undefined > > 
  at <LayoutLoader key="default" layoutProps= {ref: RefImpl} name="default" > 
  at <NuxtLayoutProvider layoutProps= {ref: RefImpl} key="default" name="default"  ... > 
  at <NuxtLayout > 
  at <App key=4 > 
  at <NuxtRoot> @ http://localhost:3002/_nuxt/@fs/home/meebuzo/github/alternate-framework/node_modules/@sentry/core/build/esm/instrument/console.js?v=1275ab82:44
[   31343ms] [WARNING] [Vue warn]: Slot "default" invoked outside of the render function: this will not track dependencies used in the slot. Invoke the slot function inside the render function instead. 
  at <VDefaultsProvider key="content-defaults" disabled=true defaults= {VIcon: Object} > 
  at <VBtn href="/notifications" > 
  at <VBottomNavigation modelValue=undefined onUpdate:modelValue=fn bg-color="color"  ... > 
  at <VLayout id="mobileNav" style= {height: 56px} > 
  at <MenusMobileNav> 
  at <VResponsive class="border rounded" > 
  at <Default ref=Ref< undefined > > 
  at <AsyncComponentWrapper ref=Ref< undefined > > 
  at <LayoutLoader key="default" layoutProps= {ref: RefImpl} name="default" > 
  at <NuxtLayoutProvider layoutProps= {ref: RefImpl} key="default" name="default"  ... > 
  at <NuxtLayout > 
  at <App key=4 > 
  at <NuxtRoot> @ http://localhost:3002/_nuxt/@fs/home/meebuzo/github/alternate-framework/node_modules/@sentry/core/build/esm/instrument/console.js?v=1275ab82:44
[   31361ms] [WARNING] [nuxt] [image] Density values above `2` are not recommended. See https://observablehq.com/@eeeps/visual-acuity-and-device-pixel-ratio. @ http://localhost:3002/_nuxt/@fs/home/meebuzo/github/alternate-framework/node_modules/@sentry/core/build/esm/instrument/console.js?v=1275ab82:44
[   32622ms] [WARNING] [Meta Pixel] - Invalid PixelID: null. @ http://localhost:3002/_nuxt/@fs/home/meebuzo/github/alternate-framework/node_modules/@sentry/core/build/esm/instrument/console.js?v=1275ab82:44
[   32699ms] [ERROR] Connecting to 'https://analytics.tiktok.com/api/v2/monitor' violates the following Content Security Policy directive: "connect-src 'self' https://*.mux.com https://*.sentry.io https://cms.meeovicms.com https://comments.meeovicms.com". The action has been blocked. @ https://analytics.tiktok.com/i18n/pixel/static/main.MTQyN2U3Zjc5MA.js:0
[   32700ms] [ERROR] Connecting to 'https://analytics.tiktok.com/api/v2/monitor' violates the following Content Security Policy directive: "connect-src 'self' https://*.mux.com https://*.sentry.io https://cms.meeovicms.com https://comments.meeovicms.com". The action has been blocked. @ https://analytics.tiktok.com/i18n/pixel/static/main.MTQyN2U3Zjc5MA.js:0
[   32701ms] [ERROR] Connecting to 'https://analytics.tiktok.com/api/v2/monitor' violates the following Content Security Policy directive: "connect-src 'self' https://*.mux.com https://*.sentry.io https://cms.meeovicms.com https://comments.meeovicms.com". The action has been blocked. @ https://analytics.tiktok.com/i18n/pixel/static/main.MTQyN2U3Zjc5MA.js:0
[   32703ms] [ERROR] Connecting to 'https://analytics.tiktok.com/api/v2/monitor' violates the following Content Security Policy directive: "connect-src 'self' https://*.mux.com https://*.sentry.io https://cms.meeovicms.com https://comments.meeovicms.com". The action has been blocked. @ https://analytics.tiktok.com/i18n/pixel/static/main.MTQyN2U3Zjc5MA.js:0
[   32711ms] [ERROR] Connecting to 'https://analytics.tiktok.com/api/v2/monitor' violates the following Content Security Policy directive: "connect-src 'self' https://*.mux.com https://*.sentry.io https://cms.meeovicms.com https://comments.meeovicms.com". The action has been blocked. @ https://analytics.tiktok.com/i18n/pixel/static/main.MTQyN2U3Zjc5MA.js:0
[   32712ms] [ERROR] Connecting to 'https://analytics.tiktok.com/api/v2/monitor' violates the following Content Security Policy directive: "connect-src 'self' https://*.mux.com https://*.sentry.io https://cms.meeovicms.com https://comments.meeovicms.com". The action has been blocked. @ https://analytics.tiktok.com/i18n/pixel/static/main.MTQyN2U3Zjc5MA.js:0
[   32718ms] [ERROR] Connecting to 'https://analytics.tiktok.com/api/v2/monitor' violates the following Content Security Policy directive: "connect-src 'self' https://*.mux.com https://*.sentry.io https://cms.meeovicms.com https://comments.meeovicms.com". The action has been blocked. @ https://analytics.tiktok.com/i18n/pixel/static/main.MTQyN2U3Zjc5MA.js:0
[   33114ms] [LOG] Meeovi @ http://localhost:3002/_nuxt/@fs/home/meebuzo/github/alternate-framework/node_modules/@sentry/core/build/esm/instrument/console.js?v=1275ab82:44
[   33367ms] [WARNING] No available adapters. @ https://challenges.cloudflare.com/cdn-cgi/challenge-platform/h/g/turnstile/f/av0/rch/lf64m/0x4AAAAAAASJjd3fbeyQJrfe/auto/fbE/new/normal?lang=auto:0
[   33515ms] [ERROR] Failed to load resource: the server responded with a status of 400 () @ https://challenges.cloudflare.com/cdn-cgi/challenge-platform/h/g/fo/4255694275:1788602721:W2-GbzTlPdIaJeBuHQYsCcAwSVfQOtDWBHU4fVHSgnQ/a364a31e1c8d1185/x1Aeg3Spczb4g7MRJ3AvNGXts7IBr_h8Y8BYFHr3EoA-1788605050-1.2.1.1-Bnpx4dn3JC4aIn6SomJCUY6G5BBqN8rVgswJSpOvWdIi34KWlDNtfeUPlFMdFrE1:0
[   33553ms] TurnstileError: [Cloudflare Turnstile] Error: 110200.
    at x (https://challenges.cloudflare.com/turnstile/v0/api.js:2:17328)
    at P (https://challenges.cloudflare.com/turnstile/v0/api.js:2:60066)
    at I (https://challenges.cloudflare.com/turnstile/v0/api.js:2:65893)
    at sentryWrapped (http://localhost:3002/_nuxt/@fs/home/meebuzo/github/alternate-framework/node_modules/@sentry/browser/build/npm/esm/dev/helpers.js?v=1275ab82:41:17)
[   54303ms] [WARNING] Failed to execute 'postMessage' on 'DOMWindow': The target origin provided ('https://challenges.cloudflare.com') does not match the recipient window's origin ('http://localhost:3002'). @ https://challenges.cloudflare.com/turnstile/v0/api.js:1
[   54451ms] [WARNING] No available adapters. @ https://challenges.cloudflare.com/cdn-cgi/challenge-platform/h/g/turnstile/f/av0/rchuLFKnUd9nNVS.xFm6UTdjF2AZAPUOs..OLUleSiT_BM-1788605050-1.3.1.1-tUM4poZNS8Kk.cdmvGLLRghJgLOv7zk3WLNZI9cuPnM/lf64m/0x4AAAAAAASJjd3fbeyQJrfe/auto/fbE/failure_retry/normal?lang=auto:0
[   54609ms] [ERROR] Failed to load resource: the server responded with a status of 400 () @ https://challenges.cloudflare.com/cdn-cgi/challenge-platform/h/g/fo/4255694275:1788602721:W2-GbzTlPdIaJeBuHQYsCcAwSVfQOtDWBHU4fVHSgnQ/a364a39f3ca61185/T0bWkIn6DqaCA5sVlhgIK3BzumJTz.tJFOpMCJ0fITw-1788605071-1.2.1.1-Zpwky5cMnWlthbXm0P1TccMsfqGQ2w9rnTLJFIc4PMGM.E1aG6EGSbpn86BTF2V4:0
[   60144ms] TurnstileError: [Cloudflare Turnstile] Error: 110200.
    at x (https://challenges.cloudflare.com/turnstile/v0/api.js:2:17328)
    at P (https://challenges.cloudflare.com/turnstile/v0/api.js:2:60066)
    at I (https://challenges.cloudflare.com/turnstile/v0/api.js:2:65893)
    at sentryWrapped (http://localhost:3002/_nuxt/@fs/home/meebuzo/github/alternate-framework/node_modules/@sentry/browser/build/npm/esm/dev/helpers.js?v=1275ab82:41:17)
[   82652ms] [WARNING] No available adapters. @ https://challenges.cloudflare.com/cdn-cgi/challenge-platform/h/g/turnstile/f/av0/rchl3JrU9xvnOiU4jkRj3uyYfnylffTKZ3IpNbBEwAM6Jk-1788605071-1.3.1.1-P_y42BMRrUO4h6BWbr8f7OM4_t7GEqmky9vJ1EduXFs/lf64m/0x4AAAAAAASJjd3fbeyQJrfe/auto/fbE/failure_retry/normal?lang=auto:0
[   82825ms] [ERROR] Failed to load resource: the server responded with a status of 400 () @ https://challenges.cloudflare.com/cdn-cgi/challenge-platform/h/g/fo/4255694275:1788602721:W2-GbzTlPdIaJeBuHQYsCcAwSVfQOtDWBHU4fVHSgnQ/a364a43f5f501185/u8U6Rs47wywcsJntANWuMXuBLOwu.ELva_dQPqAxre4-1788605096-1.2.1.1-o25GqA8Y0WDLVD_QpEF9caLMnrUBB6FwAymYiCLJZL7cK8weqzickazMJHUUvfKj:0
[   90386ms] TurnstileError: [Cloudflare Turnstile] Error: 110200.
    at x (https://challenges.cloudflare.com/turnstile/v0/api.js:2:17328)
    at P (https://challenges.cloudflare.com/turnstile/v0/api.js:2:60066)
    at I (https://challenges.cloudflare.com/turnstile/v0/api.js:2:65893)
    at sentryWrapped (http://localhost:3002/_nuxt/@fs/home/meebuzo/github/alternate-framework/node_modules/@sentry/browser/build/npm/esm/dev/helpers.js?v=1275ab82:41:17)
[  180951ms] Uncaught (in promise) Error: reCAPTCHA Timeout (o)
    at <anonymous> (https://www.gstatic.com/recaptcha/releases/8x-4t2pegToiW8KmThtO4AQt/recaptcha__en.js:1487:511)
    at O (https://www.gstatic.com/recaptcha/releases/8x-4t2pegToiW8KmThtO4AQt/recaptcha__en.js:493:393)
[  217504ms] [WARNING] No available adapters. @ https://challenges.cloudflare.com/cdn-cgi/challenge-platform/h/g/turnstile/f/av0/rchTf6F_Q1OgU6L3Zq5bL6wZklzfGUStx_MgOzVJ08QrQ4-1788605096-1.3.1.1-QXGyw4WXk.VaL7A2EBmBX4bAtp6iw2Hj8C0gybp9Niw/lf64m/0x4AAAAAAASJjd3fbeyQJrfe/auto/fbE/failure_retry/normal?lang=auto:0
[  217662ms] [ERROR] Failed to load resource: the server responded with a status of 400 () @ https://challenges.cloudflare.com/cdn-cgi/challenge-platform/h/g/fo/4255694275:1788602721:W2-GbzTlPdIaJeBuHQYsCcAwSVfQOtDWBHU4fVHSgnQ/a364a704bfaab0a3/xCMiC5hA52oJc7avuNup_jMl2Lbg7jmXFbS5DWDPf5w-1788605210-1.2.1.1-rSnVJKcNP4KGBexsh.xZBmVNIfLXcdNV8vYvXT2EVMdVY5A.wH2bH.MNg2JwA0xr:0
[  241701ms] TurnstileError: [Cloudflare Turnstile] Error: 110200.
    at x (https://challenges.cloudflare.com/turnstile/v0/api.js:2:17328)
    at P (https://challenges.cloudflare.com/turnstile/v0/api.js:2:60066)
    at I (https://challenges.cloudflare.com/turnstile/v0/api.js:2:65893)
    at sentryWrapped (http://localhost:3002/_nuxt/@fs/home/meebuzo/github/alternate-framework/node_modules/@sentry/browser/build/npm/esm/dev/helpers.js?v=1275ab82:41:17)
