[     558ms] [ERROR] Failed to load resource: the server responded with a status of 500 (Vite Error) @ http://localhost:3026/reset-password:0
[     718ms] [WARNING] An iframe which has both allow-scripts and allow-same-origin for its sandbox attribute can escape its sandboxing. @ http://localhost:3026/reset-password:478
[     910ms] [ERROR] Failed to load resource: the server responded with a status of 404 (Not Found) @ http://localhost:3026/_nuxt/pages/reset-password.vue:0
[     918ms] [WARNING] [Vue Router warn]: uncaught error during route navigation: @ http://localhost:3026/_nuxt/@fs/home/meebuzo/github/alternate-framework/node_modules/nuxt/node_modules/vue-router/dist/devtools-DCoWQoU_.js?v=16ee93cb:10
[     919ms] [ERROR] TypeError: Failed to fetch dynamically imported module: http://localhost:3026/_nuxt/pages/reset-password.vue @ http://localhost:3026/_nuxt/@fs/home/meebuzo/github/alternate-framework/node_modules/nuxt/node_modules/vue-router/dist/vue-router.js:1213
[     920ms] [ERROR] [nuxt] error caught during app initialization H3Error: Failed to fetch dynamically imported module: http://localhost:3026/_nuxt/pages/reset-password.vue @ http://localhost:3026/_nuxt/@fs/home/meebuzo/github/alternate-framework/node_modules/nuxt/dist/app/nuxt.js?v=16ee93cb:126
[     920ms] [WARNING] [Vue Router warn]: Unexpected error when starting the router: TypeError: Failed to fetch dynamically imported module: http://localhost:3026/_nuxt/pages/reset-password.vue @ http://localhost:3026/_nuxt/@fs/home/meebuzo/github/alternate-framework/node_modules/nuxt/node_modules/vue-router/dist/devtools-DCoWQoU_.js?v=16ee93cb:10
[    1051ms] [ERROR] [nuxt] error caught during app initialization H3Error: Failed to fetch dynamically imported module: http://localhost:3026/_nuxt/pages/reset-password.vue @ http://localhost:3026/_nuxt/@fs/home/meebuzo/github/alternate-framework/node_modules/nuxt/dist/app/nuxt.js?v=16ee93cb:126
[    1053ms] [INFO] <Suspense> is an experimental feature and its API will likely change. @ http://localhost:3026/_nuxt/@fs/home/meebuzo/github/alternate-framework/node_modules/@vue/runtime-core/dist/runtime-core.esm-bundler.js?v=16ee93cb:7310
[    1111ms] [LOG] ✨ %cNuxt DevTools %c Press Shift + Alt + D to open DevTools color: black; border-radius: 3px 0 0 3px; padding: 2px 2px 1px 10px; background: #00DC82 border-radius: 0 3px 3px 0; padding: 2px 10px 1px 2px; background: #00DC8220  @ http://localhost:3026/_nuxt/@fs/home/meebuzo/github/alternate-framework/node_modules/@nuxt/devtools/dist/runtime/plugins/devtools.client.js?v=16ee93cb:51
[    1936ms] [ERROR] Failed to load resource: the server responded with a status of 500 (Vite Error) @ http://localhost:3026/reset-password:0
[    2107ms] [WARNING] An iframe which has both allow-scripts and allow-same-origin for its sandbox attribute can escape its sandboxing. @ http://localhost:3026/reset-password:478
[    3786ms] [ERROR] Failed to load resource: the server responded with a status of 404 (Not Found) @ http://localhost:3026/_nuxt/pages/reset-password.vue:0
[    3788ms] [WARNING] [Vue Router warn]: uncaught error during route navigation: @ http://localhost:3026/_nuxt/@fs/home/meebuzo/github/alternate-framework/node_modules/nuxt/node_modules/vue-router/dist/devtools-DCoWQoU_.js?v=7bf3dffb:10
[    3788ms] [ERROR] TypeError: Failed to fetch dynamically imported module: http://localhost:3026/_nuxt/pages/reset-password.vue @ http://localhost:3026/_nuxt/@fs/home/meebuzo/github/alternate-framework/node_modules/nuxt/node_modules/vue-router/dist/vue-router.js:1213
[    3791ms] [ERROR] [nuxt] error caught during app initialization H3Error: Failed to fetch dynamically imported module: http://localhost:3026/_nuxt/pages/reset-password.vue @ http://localhost:3026/_nuxt/@fs/home/meebuzo/github/alternate-framework/node_modules/nuxt/dist/app/nuxt.js?v=7bf3dffb:126
[    3792ms] [WARNING] [Vue Router warn]: Unexpected error when starting the router: TypeError: Failed to fetch dynamically imported module: http://localhost:3026/_nuxt/pages/reset-password.vue @ http://localhost:3026/_nuxt/@fs/home/meebuzo/github/alternate-framework/node_modules/nuxt/node_modules/vue-router/dist/devtools-DCoWQoU_.js?v=7bf3dffb:10
[    3802ms] [ERROR] [nuxt] error caught during app initialization H3Error: Failed to fetch dynamically imported module: http://localhost:3026/_nuxt/pages/reset-password.vue @ http://localhost:3026/_nuxt/@fs/home/meebuzo/github/alternate-framework/node_modules/nuxt/dist/app/nuxt.js?v=7bf3dffb:126
[    3814ms] [INFO] <Suspense> is an experimental feature and its API will likely change. @ http://localhost:3026/_nuxt/@fs/home/meebuzo/github/alternate-framework/node_modules/@vue/runtime-core/dist/runtime-core.esm-bundler.js?v=7bf3dffb:7310
[    4466ms] [LOG] ✨ %cNuxt DevTools %c Press Shift + Alt + D to open DevTools color: black; border-radius: 3px 0 0 3px; padding: 2px 2px 1px 10px; background: #00DC82 border-radius: 0 3px 3px 0; padding: 2px 10px 1px 2px; background: #00DC8220  @ http://localhost:3026/_nuxt/@fs/home/meebuzo/github/alternate-framework/node_modules/@nuxt/devtools/dist/runtime/plugins/devtools.client.js?v=7bf3dffb:51
[   31704ms] [ERROR] Failed to load resource: the server responded with a status of 500 (Vite Error) @ http://localhost:3026/reset-password:0
[   31878ms] [WARNING] An iframe which has both allow-scripts and allow-same-origin for its sandbox attribute can escape its sandboxing. @ http://localhost:3026/reset-password:478
[   32193ms] [ERROR] Failed to load resource: the server responded with a status of 404 (Not Found) @ http://localhost:3026/_nuxt/pages/reset-password.vue:0
[   32196ms] [WARNING] [Vue Router warn]: uncaught error during route navigation: @ http://localhost:3026/_nuxt/@fs/home/meebuzo/github/alternate-framework/node_modules/nuxt/node_modules/vue-router/dist/devtools-DCoWQoU_.js?v=7bf3dffb:10
[   32196ms] [ERROR] TypeError: Failed to fetch dynamically imported module: http://localhost:3026/_nuxt/pages/reset-password.vue @ http://localhost:3026/_nuxt/@fs/home/meebuzo/github/alternate-framework/node_modules/nuxt/node_modules/vue-router/dist/vue-router.js:1213
[   32200ms] [ERROR] [nuxt] error caught during app initialization H3Error: Failed to fetch dynamically imported module: http://localhost:3026/_nuxt/pages/reset-password.vue @ http://localhost:3026/_nuxt/@fs/home/meebuzo/github/alternate-framework/node_modules/nuxt/dist/app/nuxt.js?v=7bf3dffb:126
[   32201ms] [WARNING] [Vue Router warn]: Unexpected error when starting the router: TypeError: Failed to fetch dynamically imported module: http://localhost:3026/_nuxt/pages/reset-password.vue @ http://localhost:3026/_nuxt/@fs/home/meebuzo/github/alternate-framework/node_modules/nuxt/node_modules/vue-router/dist/devtools-DCoWQoU_.js?v=7bf3dffb:10
[   32209ms] [ERROR] [nuxt] error caught during app initialization H3Error: Failed to fetch dynamically imported module: http://localhost:3026/_nuxt/pages/reset-password.vue @ http://localhost:3026/_nuxt/@fs/home/meebuzo/github/alternate-framework/node_modules/nuxt/dist/app/nuxt.js?v=7bf3dffb:126
[   32211ms] [INFO] <Suspense> is an experimental feature and its API will likely change. @ http://localhost:3026/_nuxt/@fs/home/meebuzo/github/alternate-framework/node_modules/@vue/runtime-core/dist/runtime-core.esm-bundler.js?v=7bf3dffb:7310
[   32246ms] [LOG] ✨ %cNuxt DevTools %c Press Shift + Alt + D to open DevTools color: black; border-radius: 3px 0 0 3px; padding: 2px 2px 1px 10px; background: #00DC82 border-radius: 0 3px 3px 0; padding: 2px 10px 1px 2px; background: #00DC8220  @ http://localhost:3026/_nuxt/@fs/home/meebuzo/github/alternate-framework/node_modules/@nuxt/devtools/dist/runtime/plugins/devtools.client.js?v=7bf3dffb:51
[   52223ms] [ERROR] Failed to load resource: the server responded with a status of 500 (Vite Error) @ http://localhost:3026/reset-password:0
[   52422ms] [WARNING] An iframe which has both allow-scripts and allow-same-origin for its sandbox attribute can escape its sandboxing. @ http://localhost:3026/reset-password:478
[   52676ms] [ERROR] Failed to load resource: the server responded with a status of 404 (Not Found) @ http://localhost:3026/_nuxt/pages/reset-password.vue:0
[   52677ms] [WARNING] [Vue Router warn]: uncaught error during route navigation: @ http://localhost:3026/_nuxt/@fs/home/meebuzo/github/alternate-framework/node_modules/nuxt/node_modules/vue-router/dist/devtools-DCoWQoU_.js?v=7bf3dffb:10
[   52677ms] [ERROR] TypeError: Failed to fetch dynamically imported module: http://localhost:3026/_nuxt/pages/reset-password.vue @ http://localhost:3026/_nuxt/@fs/home/meebuzo/github/alternate-framework/node_modules/nuxt/node_modules/vue-router/dist/vue-router.js:1213
[   52680ms] [ERROR] [nuxt] error caught during app initialization H3Error: Failed to fetch dynamically imported module: http://localhost:3026/_nuxt/pages/reset-password.vue @ http://localhost:3026/_nuxt/@fs/home/meebuzo/github/alternate-framework/node_modules/nuxt/dist/app/nuxt.js?v=7bf3dffb:126
[   52682ms] [WARNING] [Vue Router warn]: Unexpected error when starting the router: TypeError: Failed to fetch dynamically imported module: http://localhost:3026/_nuxt/pages/reset-password.vue @ http://localhost:3026/_nuxt/@fs/home/meebuzo/github/alternate-framework/node_modules/nuxt/node_modules/vue-router/dist/devtools-DCoWQoU_.js?v=7bf3dffb:10
[   52691ms] [ERROR] [nuxt] error caught during app initialization H3Error: Failed to fetch dynamically imported module: http://localhost:3026/_nuxt/pages/reset-password.vue @ http://localhost:3026/_nuxt/@fs/home/meebuzo/github/alternate-framework/node_modules/nuxt/dist/app/nuxt.js?v=7bf3dffb:126
[   52693ms] [INFO] <Suspense> is an experimental feature and its API will likely change. @ http://localhost:3026/_nuxt/@fs/home/meebuzo/github/alternate-framework/node_modules/@vue/runtime-core/dist/runtime-core.esm-bundler.js?v=7bf3dffb:7310
[   52736ms] [LOG] ✨ %cNuxt DevTools %c Press Shift + Alt + D to open DevTools color: black; border-radius: 3px 0 0 3px; padding: 2px 2px 1px 10px; background: #00DC82 border-radius: 0 3px 3px 0; padding: 2px 10px 1px 2px; background: #00DC8220  @ http://localhost:3026/_nuxt/@fs/home/meebuzo/github/alternate-framework/node_modules/@nuxt/devtools/dist/runtime/plugins/devtools.client.js?v=7bf3dffb:51
[   58772ms] [ERROR] Failed to load resource: the server responded with a status of 500 (Vite Error) @ http://localhost:3026/reset-password:0
[   58946ms] [WARNING] An iframe which has both allow-scripts and allow-same-origin for its sandbox attribute can escape its sandboxing. @ http://localhost:3026/reset-password:478
[   59207ms] [ERROR] Failed to load resource: the server responded with a status of 404 (Not Found) @ http://localhost:3026/_nuxt/pages/reset-password.vue:0
[   59209ms] [WARNING] [Vue Router warn]: uncaught error during route navigation: @ http://localhost:3026/_nuxt/@fs/home/meebuzo/github/alternate-framework/node_modules/nuxt/node_modules/vue-router/dist/devtools-DCoWQoU_.js?v=7bf3dffb:10
[   59210ms] [ERROR] TypeError: Failed to fetch dynamically imported module: http://localhost:3026/_nuxt/pages/reset-password.vue @ http://localhost:3026/_nuxt/@fs/home/meebuzo/github/alternate-framework/node_modules/nuxt/node_modules/vue-router/dist/vue-router.js:1213
[   59214ms] [ERROR] [nuxt] error caught during app initialization H3Error: Failed to fetch dynamically imported module: http://localhost:3026/_nuxt/pages/reset-password.vue @ http://localhost:3026/_nuxt/@fs/home/meebuzo/github/alternate-framework/node_modules/nuxt/dist/app/nuxt.js?v=7bf3dffb:126
[   59214ms] [WARNING] [Vue Router warn]: Unexpected error when starting the router: TypeError: Failed to fetch dynamically imported module: http://localhost:3026/_nuxt/pages/reset-password.vue @ http://localhost:3026/_nuxt/@fs/home/meebuzo/github/alternate-framework/node_modules/nuxt/node_modules/vue-router/dist/devtools-DCoWQoU_.js?v=7bf3dffb:10
[   59222ms] [ERROR] [nuxt] error caught during app initialization H3Error: Failed to fetch dynamically imported module: http://localhost:3026/_nuxt/pages/reset-password.vue @ http://localhost:3026/_nuxt/@fs/home/meebuzo/github/alternate-framework/node_modules/nuxt/dist/app/nuxt.js?v=7bf3dffb:126
[   59225ms] [INFO] <Suspense> is an experimental feature and its API will likely change. @ http://localhost:3026/_nuxt/@fs/home/meebuzo/github/alternate-framework/node_modules/@vue/runtime-core/dist/runtime-core.esm-bundler.js?v=7bf3dffb:7310
[   59276ms] [LOG] ✨ %cNuxt DevTools %c Press Shift + Alt + D to open DevTools color: black; border-radius: 3px 0 0 3px; padding: 2px 2px 1px 10px; background: #00DC82 border-radius: 0 3px 3px 0; padding: 2px 10px 1px 2px; background: #00DC8220  @ http://localhost:3026/_nuxt/@fs/home/meebuzo/github/alternate-framework/node_modules/@nuxt/devtools/dist/runtime/plugins/devtools.client.js?v=7bf3dffb:51
[   65025ms] [ERROR] Failed to load resource: the server responded with a status of 500 (Vite Error) @ http://localhost:3026/reset-password:0
[   65206ms] [WARNING] An iframe which has both allow-scripts and allow-same-origin for its sandbox attribute can escape its sandboxing. @ http://localhost:3026/reset-password:478
[   65527ms] [ERROR] Failed to load resource: the server responded with a status of 404 (Not Found) @ http://localhost:3026/_nuxt/pages/reset-password.vue:0
[   65528ms] [WARNING] [Vue Router warn]: uncaught error during route navigation: @ http://localhost:3026/_nuxt/@fs/home/meebuzo/github/alternate-framework/node_modules/nuxt/node_modules/vue-router/dist/devtools-DCoWQoU_.js?v=7bf3dffb:10
[   65528ms] [ERROR] TypeError: Failed to fetch dynamically imported module: http://localhost:3026/_nuxt/pages/reset-password.vue @ http://localhost:3026/_nuxt/@fs/home/meebuzo/github/alternate-framework/node_modules/nuxt/node_modules/vue-router/dist/vue-router.js:1213
[   65530ms] [ERROR] [nuxt] error caught during app initialization H3Error: Failed to fetch dynamically imported module: http://localhost:3026/_nuxt/pages/reset-password.vue @ http://localhost:3026/_nuxt/@fs/home/meebuzo/github/alternate-framework/node_modules/nuxt/dist/app/nuxt.js?v=7bf3dffb:126
[   65532ms] [WARNING] [Vue Router warn]: Unexpected error when starting the router: TypeError: Failed to fetch dynamically imported module: http://localhost:3026/_nuxt/pages/reset-password.vue @ http://localhost:3026/_nuxt/@fs/home/meebuzo/github/alternate-framework/node_modules/nuxt/node_modules/vue-router/dist/devtools-DCoWQoU_.js?v=7bf3dffb:10
[   65542ms] [ERROR] [nuxt] error caught during app initialization H3Error: Failed to fetch dynamically imported module: http://localhost:3026/_nuxt/pages/reset-password.vue @ http://localhost:3026/_nuxt/@fs/home/meebuzo/github/alternate-framework/node_modules/nuxt/dist/app/nuxt.js?v=7bf3dffb:126
[   65544ms] [INFO] <Suspense> is an experimental feature and its API will likely change. @ http://localhost:3026/_nuxt/@fs/home/meebuzo/github/alternate-framework/node_modules/@vue/runtime-core/dist/runtime-core.esm-bundler.js?v=7bf3dffb:7310
[   65589ms] [LOG] ✨ %cNuxt DevTools %c Press Shift + Alt + D to open DevTools color: black; border-radius: 3px 0 0 3px; padding: 2px 2px 1px 10px; background: #00DC82 border-radius: 0 3px 3px 0; padding: 2px 10px 1px 2px; background: #00DC8220  @ http://localhost:3026/_nuxt/@fs/home/meebuzo/github/alternate-framework/node_modules/@nuxt/devtools/dist/runtime/plugins/devtools.client.js?v=7bf3dffb:51
[   72059ms] [ERROR] Failed to load resource: the server responded with a status of 500 (Vite Error) @ http://localhost:3026/reset-password:0
[   72215ms] [WARNING] An iframe which has both allow-scripts and allow-same-origin for its sandbox attribute can escape its sandboxing. @ http://localhost:3026/reset-password:478
[   72471ms] [ERROR] Failed to load resource: the server responded with a status of 404 (Not Found) @ http://localhost:3026/_nuxt/pages/reset-password.vue:0
[   72472ms] [WARNING] [Vue Router warn]: uncaught error during route navigation: @ http://localhost:3026/_nuxt/@fs/home/meebuzo/github/alternate-framework/node_modules/nuxt/node_modules/vue-router/dist/devtools-DCoWQoU_.js?v=7bf3dffb:10
[   72472ms] [ERROR] TypeError: Failed to fetch dynamically imported module: http://localhost:3026/_nuxt/pages/reset-password.vue @ http://localhost:3026/_nuxt/@fs/home/meebuzo/github/alternate-framework/node_modules/nuxt/node_modules/vue-router/dist/vue-router.js:1213
[   72474ms] [ERROR] [nuxt] error caught during app initialization H3Error: Failed to fetch dynamically imported module: http://localhost:3026/_nuxt/pages/reset-password.vue @ http://localhost:3026/_nuxt/@fs/home/meebuzo/github/alternate-framework/node_modules/nuxt/dist/app/nuxt.js?v=7bf3dffb:126
[   72475ms] [WARNING] [Vue Router warn]: Unexpected error when starting the router: TypeError: Failed to fetch dynamically imported module: http://localhost:3026/_nuxt/pages/reset-password.vue @ http://localhost:3026/_nuxt/@fs/home/meebuzo/github/alternate-framework/node_modules/nuxt/node_modules/vue-router/dist/devtools-DCoWQoU_.js?v=7bf3dffb:10
[   72482ms] [ERROR] [nuxt] error caught during app initialization H3Error: Failed to fetch dynamically imported module: http://localhost:3026/_nuxt/pages/reset-password.vue @ http://localhost:3026/_nuxt/@fs/home/meebuzo/github/alternate-framework/node_modules/nuxt/dist/app/nuxt.js?v=7bf3dffb:126
[   72484ms] [INFO] <Suspense> is an experimental feature and its API will likely change. @ http://localhost:3026/_nuxt/@fs/home/meebuzo/github/alternate-framework/node_modules/@vue/runtime-core/dist/runtime-core.esm-bundler.js?v=7bf3dffb:7310
[   72517ms] [LOG] ✨ %cNuxt DevTools %c Press Shift + Alt + D to open DevTools color: black; border-radius: 3px 0 0 3px; padding: 2px 2px 1px 10px; background: #00DC82 border-radius: 0 3px 3px 0; padding: 2px 10px 1px 2px; background: #00DC8220  @ http://localhost:3026/_nuxt/@fs/home/meebuzo/github/alternate-framework/node_modules/@nuxt/devtools/dist/runtime/plugins/devtools.client.js?v=7bf3dffb:51
[   78437ms] [ERROR] Failed to load resource: the server responded with a status of 500 (Vite Error) @ http://localhost:3026/reset-password:0
[   78628ms] [WARNING] An iframe which has both allow-scripts and allow-same-origin for its sandbox attribute can escape its sandboxing. @ http://localhost:3026/reset-password:478
[   79023ms] [ERROR] Failed to load resource: the server responded with a status of 404 (Not Found) @ http://localhost:3026/_nuxt/pages/reset-password.vue?t=1784905192960:0
[   79024ms] [WARNING] [Vue Router warn]: uncaught error during route navigation: @ http://localhost:3026/_nuxt/@fs/home/meebuzo/github/alternate-framework/node_modules/nuxt/node_modules/vue-router/dist/devtools-DCoWQoU_.js?v=7bf3dffb:10
[   79024ms] [ERROR] TypeError: Failed to fetch dynamically imported module: http://localhost:3026/_nuxt/pages/reset-password.vue?t=1784905192960 @ http://localhost:3026/_nuxt/@fs/home/meebuzo/github/alternate-framework/node_modules/nuxt/node_modules/vue-router/dist/vue-router.js:1213
[   79026ms] [ERROR] [nuxt] error caught during app initialization H3Error: Failed to fetch dynamically imported module: http://localhost:3026/_nuxt/pages/reset-password.vue?t=1784905192960 @ http://localhost:3026/_nuxt/@fs/home/meebuzo/github/alternate-framework/node_modules/nuxt/dist/app/nuxt.js?v=7bf3dffb:126
[   79027ms] [WARNING] [Vue Router warn]: Unexpected error when starting the router: TypeError: Failed to fetch dynamically imported module: http://localhost:3026/_nuxt/pages/reset-password.vue?t=1784905192960 @ http://localhost:3026/_nuxt/@fs/home/meebuzo/github/alternate-framework/node_modules/nuxt/node_modules/vue-router/dist/devtools-DCoWQoU_.js?v=7bf3dffb:10
[   79035ms] [ERROR] [nuxt] error caught during app initialization H3Error: Failed to fetch dynamically imported module: http://localhost:3026/_nuxt/pages/reset-password.vue?t=1784905192960 @ http://localhost:3026/_nuxt/@fs/home/meebuzo/github/alternate-framework/node_modules/nuxt/dist/app/nuxt.js?v=7bf3dffb:126
[   79038ms] [INFO] <Suspense> is an experimental feature and its API will likely change. @ http://localhost:3026/_nuxt/@fs/home/meebuzo/github/alternate-framework/node_modules/@vue/runtime-core/dist/runtime-core.esm-bundler.js?v=7bf3dffb:7310
[   79079ms] [LOG] ✨ %cNuxt DevTools %c Press Shift + Alt + D to open DevTools color: black; border-radius: 3px 0 0 3px; padding: 2px 2px 1px 10px; background: #00DC82 border-radius: 0 3px 3px 0; padding: 2px 10px 1px 2px; background: #00DC8220  @ http://localhost:3026/_nuxt/@fs/home/meebuzo/github/alternate-framework/node_modules/@nuxt/devtools/dist/runtime/plugins/devtools.client.js?v=7bf3dffb:51
[   89328ms] [LOG] %cssr:success%c Vite server hmr 18 files 
      background: #2ecc71;
      border-radius: 0.5em;
      color: white;
      font-weight: bold;
      padding: 2px 0.5em;
      in 1.966ms 
  at vite_node_entry_default (/home/meebuzo/github/alternate-framework/node_modules/@nuxt/vite-builder/dist/vite-node-entry.mjs)
  at process.processTicksAndRejections (node:internal/process/task_queues)
  at async Object.renderToString (/home/meebuzo/github/alternate-framework/node_modules/vue-bundle-renderer/dist/runtime.mjs)
 @ http://localhost:3026/_nuxt/@fs/home/meebuzo/github/alternate-framework/node_modules/consola/dist/browser.mjs?v=7bf3dffb:47
[   89328ms] [WARNING] %cssr:warn%c [Vue warn]: Failed to resolve component: v-app
If this is a native custom element, make sure to exclude it from component resolution via compilerOptions.isCustomElement. 
      background: #f39c12;
      border-radius: 0.5em;
      color: white;
      font-weight: bold;
      padding: 2px 0.5em;
      at <Auth>
at <AsyncComponentWrapper>
at <LayoutLoader>
at <NuxtLayoutProvider>
at <NuxtLayout>
at <App>
at <NuxtRoot> @ http://localhost:3026/_nuxt/@fs/home/meebuzo/github/alternate-framework/node_modules/consola/dist/browser.mjs?v=7bf3dffb:47
[   89329ms] [WARNING] %cssr:warn%c [Vue warn]: Failed to resolve component: v-main
If this is a native custom element, make sure to exclude it from component resolution via compilerOptions.isCustomElement. 
      background: #f39c12;
      border-radius: 0.5em;
      color: white;
      font-weight: bold;
      padding: 2px 0.5em;
      at <Auth>
at <AsyncComponentWrapper>
at <LayoutLoader>
at <NuxtLayoutProvider>
at <NuxtLayout>
at <App>
at <NuxtRoot> @ http://localhost:3026/_nuxt/@fs/home/meebuzo/github/alternate-framework/node_modules/consola/dist/browser.mjs?v=7bf3dffb:47
[   89329ms] [WARNING] %cssr:warn%c [Vue warn]: Failed to resolve component: v-icon
If this is a native custom element, make sure to exclude it from component resolution via compilerOptions.isCustomElement. 
      background: #f39c12;
      border-radius: 0.5em;
      color: white;
      font-weight: bold;
      padding: 2px 0.5em;
      at <Auth>
at <AsyncComponentWrapper>
at <LayoutLoader>
at <NuxtLayoutProvider>
at <NuxtLayout>
at <App>
at <NuxtRoot> @ http://localhost:3026/_nuxt/@fs/home/meebuzo/github/alternate-framework/node_modules/consola/dist/browser.mjs?v=7bf3dffb:47
[   89330ms] [WARNING] %cssr:warn%c [Vue warn]: Non-function value encountered for default slot. Prefer function slots for better performance. 
      background: #f39c12;
      border-radius: 0.5em;
      color: white;
      font-weight: bold;
      padding: 2px 0.5em;
      at <Anonymous>
at <Auth>
at <AsyncComponentWrapper>
at <LayoutLoader>
at <NuxtLayoutProvider>
at <NuxtLayout>
at <App>
at <NuxtRoot> @ http://localhost:3026/_nuxt/@fs/home/meebuzo/github/alternate-framework/node_modules/consola/dist/browser.mjs?v=7bf3dffb:47
[   89330ms] [WARNING] %cssr:warn%c [Vue warn]: Component <Anonymous> is missing template or render function. 
      background: #f39c12;
      border-radius: 0.5em;
      color: white;
      font-weight: bold;
      padding: 2px 0.5em;
      at <Anonymous>
at <Auth>
at <AsyncComponentWrapper>
at <LayoutLoader>
at <NuxtLayoutProvider>
at <NuxtLayout>
at <App>
at <NuxtRoot> @ http://localhost:3026/_nuxt/@fs/home/meebuzo/github/alternate-framework/node_modules/consola/dist/browser.mjs?v=7bf3dffb:47
[   89330ms] [WARNING] %cssr:warn%c [nuxt] Your project has pages but `<NuxtPage />` has not been detected. Make sure you are using `<NuxtPage />` instead of `<RouterView />`, as `<RouterView />` will not work correctly in Nuxt. If `<NuxtPage />` is rendered conditionally, this warning can be triggered before it is mounted. You can set `pages: false` in `nuxt.config` if you do not wish to use the Nuxt `vue-router` integration. 
      background: #f39c12;
      border-radius: 0.5em;
      color: white;
      font-weight: bold;
      padding: 2px 0.5em;
      
  at process.processTicksAndRejections (node:internal/process/task_queues)
 @ http://localhost:3026/_nuxt/@fs/home/meebuzo/github/alternate-framework/node_modules/consola/dist/browser.mjs?v=7bf3dffb:47
[   89340ms] [INFO] <Suspense> is an experimental feature and its API will likely change. @ http://localhost:3026/_nuxt/@fs/home/meebuzo/github/alternate-framework/node_modules/@vue/runtime-core/dist/runtime-core.esm-bundler.js?v=7bf3dffb:7310
[   89425ms] [LOG] ✨ %cNuxt DevTools %c Press Shift + Alt + D to open DevTools color: black; border-radius: 3px 0 0 3px; padding: 2px 2px 1px 10px; background: #00DC82 border-radius: 0 3px 3px 0; padding: 2px 10px 1px 2px; background: #00DC8220  @ http://localhost:3026/_nuxt/@fs/home/meebuzo/github/alternate-framework/node_modules/@nuxt/devtools/dist/runtime/plugins/devtools.client.js?v=7bf3dffb:51
[   89437ms] [WARNING] [Vue warn]: Failed to resolve component: v-icon
If this is a native custom element, make sure to exclude it from component resolution via compilerOptions.isCustomElement. 
  at <Auth ref=Ref< undefined > > 
  at <AsyncComponentWrapper ref=Ref< undefined > > 
  at <LayoutLoader key="auth" layoutProps= {ref: RefImpl} name="auth" > 
  at <NuxtLayoutProvider layoutProps= {ref: RefImpl} key="auth" name="auth"  ... > 
  at <NuxtLayout > 
  at <App key=4 > 
  at <NuxtRoot> @ http://localhost:3026/_nuxt/@fs/home/meebuzo/github/alternate-framework/node_modules/@vue/runtime-core/dist/runtime-core.esm-bundler.js?v=7bf3dffb:49
[   89439ms] [WARNING] [Vue warn]: Failed to resolve component: v-main
If this is a native custom element, make sure to exclude it from component resolution via compilerOptions.isCustomElement. 
  at <Auth ref=Ref< undefined > > 
  at <AsyncComponentWrapper ref=Ref< undefined > > 
  at <LayoutLoader key="auth" layoutProps= {ref: RefImpl} name="auth" > 
  at <NuxtLayoutProvider layoutProps= {ref: RefImpl} key="auth" name="auth"  ... > 
  at <NuxtLayout > 
  at <App key=4 > 
  at <NuxtRoot> @ http://localhost:3026/_nuxt/@fs/home/meebuzo/github/alternate-framework/node_modules/@vue/runtime-core/dist/runtime-core.esm-bundler.js?v=7bf3dffb:49
[   89440ms] [WARNING] [Vue warn]: Failed to resolve component: v-app
If this is a native custom element, make sure to exclude it from component resolution via compilerOptions.isCustomElement. 
  at <Auth ref=Ref< undefined > > 
  at <AsyncComponentWrapper ref=Ref< undefined > > 
  at <LayoutLoader key="auth" layoutProps= {ref: RefImpl} name="auth" > 
  at <NuxtLayoutProvider layoutProps= {ref: RefImpl} key="auth" name="auth"  ... > 
  at <NuxtLayout > 
  at <App key=4 > 
  at <NuxtRoot> @ http://localhost:3026/_nuxt/@fs/home/meebuzo/github/alternate-framework/node_modules/@vue/runtime-core/dist/runtime-core.esm-bundler.js?v=7bf3dffb:49
[   89444ms] [WARNING] [Vue warn]: Hydration node mismatch:
- rendered on server: JSHandle@node  
- expected on client: v-app 
  at <Auth ref=Ref< undefined > > 
  at <AsyncComponentWrapper ref=Ref< undefined > > 
  at <LayoutLoader key="auth" layoutProps= {ref: RefImpl} name="auth" > 
  at <NuxtLayoutProvider layoutProps= {ref: RefImpl} key="auth" name="auth"  ... > 
  at <NuxtLayout > 
  at <App key=4 > 
  at <NuxtRoot> @ http://localhost:3026/_nuxt/@fs/home/meebuzo/github/alternate-framework/node_modules/@vue/runtime-core/dist/runtime-core.esm-bundler.js?v=7bf3dffb:49
[   89445ms] [ERROR] Hydration completed but contains mismatches. @ http://localhost:3026/_nuxt/@fs/home/meebuzo/github/alternate-framework/node_modules/@vue/runtime-core/dist/runtime-core.esm-bundler.js?v=7bf3dffb:1890
[   89463ms] [WARNING] [Vue warn]: Failed to resolve component: v-card-title
If this is a native custom element, make sure to exclude it from component resolution via compilerOptions.isCustomElement. 
  at <ResetPassword onVnodeUnmounted=fn<onVnodeUnmounted> ref=Ref< undefined > > 
  at <RouteProvider key="/reset-password" vnode= {__v_isVNode: true, __v_skip: true, type: Object, props: Object, key: null} route= {fullPath: /reset-password, hash: , query: Object, name: reset-password, path: /reset-password}  ... > 
  at <RouterView name=undefined route=undefined > 
  at <NuxtPage > 
  at <Auth ref=Ref< undefined > > 
  at <AsyncComponentWrapper ref=Ref< undefined > > 
  at <LayoutLoader key="auth" layoutProps= {ref: RefImpl} name="auth" > 
  at <NuxtLayoutProvider layoutProps= {ref: RefImpl} key="auth" name="auth"  ... > 
  at <NuxtLayout > 
  at <App key=4 > 
  at <NuxtRoot> @ http://localhost:3026/_nuxt/@fs/home/meebuzo/github/alternate-framework/node_modules/@vue/runtime-core/dist/runtime-core.esm-bundler.js?v=7bf3dffb:49
[   89466ms] [WARNING] [Vue warn]: Failed to resolve component: v-text-field
If this is a native custom element, make sure to exclude it from component resolution via compilerOptions.isCustomElement. 
  at <ResetPassword onVnodeUnmounted=fn<onVnodeUnmounted> ref=Ref< undefined > > 
  at <RouteProvider key="/reset-password" vnode= {__v_isVNode: true, __v_skip: true, type: Object, props: Object, key: null} route= {fullPath: /reset-password, hash: , query: Object, name: reset-password, path: /reset-password}  ... > 
  at <RouterView name=undefined route=undefined > 
  at <NuxtPage > 
  at <Auth ref=Ref< undefined > > 
  at <AsyncComponentWrapper ref=Ref< undefined > > 
  at <LayoutLoader key="auth" layoutProps= {ref: RefImpl} name="auth" > 
  at <NuxtLayoutProvider layoutProps= {ref: RefImpl} key="auth" name="auth"  ... > 
  at <NuxtLayout > 
  at <App key=4 > 
  at <NuxtRoot> @ http://localhost:3026/_nuxt/@fs/home/meebuzo/github/alternate-framework/node_modules/@vue/runtime-core/dist/runtime-core.esm-bundler.js?v=7bf3dffb:49
[   89468ms] [WARNING] [Vue warn]: Failed to resolve component: v-btn
If this is a native custom element, make sure to exclude it from component resolution via compilerOptions.isCustomElement. 
  at <ResetPassword onVnodeUnmounted=fn<onVnodeUnmounted> ref=Ref< undefined > > 
  at <RouteProvider key="/reset-password" vnode= {__v_isVNode: true, __v_skip: true, type: Object, props: Object, key: null} route= {fullPath: /reset-password, hash: , query: Object, name: reset-password, path: /reset-password}  ... > 
  at <RouterView name=undefined route=undefined > 
  at <NuxtPage > 
  at <Auth ref=Ref< undefined > > 
  at <AsyncComponentWrapper ref=Ref< undefined > > 
  at <LayoutLoader key="auth" layoutProps= {ref: RefImpl} name="auth" > 
  at <NuxtLayoutProvider layoutProps= {ref: RefImpl} key="auth" name="auth"  ... > 
  at <NuxtLayout > 
  at <App key=4 > 
  at <NuxtRoot> @ http://localhost:3026/_nuxt/@fs/home/meebuzo/github/alternate-framework/node_modules/@vue/runtime-core/dist/runtime-core.esm-bundler.js?v=7bf3dffb:49
[   89469ms] [WARNING] [Vue warn]: Failed to resolve component: v-form
If this is a native custom element, make sure to exclude it from component resolution via compilerOptions.isCustomElement. 
  at <ResetPassword onVnodeUnmounted=fn<onVnodeUnmounted> ref=Ref< undefined > > 
  at <RouteProvider key="/reset-password" vnode= {__v_isVNode: true, __v_skip: true, type: Object, props: Object, key: null} route= {fullPath: /reset-password, hash: , query: Object, name: reset-password, path: /reset-password}  ... > 
  at <RouterView name=undefined route=undefined > 
  at <NuxtPage > 
  at <Auth ref=Ref< undefined > > 
  at <AsyncComponentWrapper ref=Ref< undefined > > 
  at <LayoutLoader key="auth" layoutProps= {ref: RefImpl} name="auth" > 
  at <NuxtLayoutProvider layoutProps= {ref: RefImpl} key="auth" name="auth"  ... > 
  at <NuxtLayout > 
  at <App key=4 > 
  at <NuxtRoot> @ http://localhost:3026/_nuxt/@fs/home/meebuzo/github/alternate-framework/node_modules/@vue/runtime-core/dist/runtime-core.esm-bundler.js?v=7bf3dffb:49
[   89471ms] [WARNING] [Vue warn]: Failed to resolve component: v-card-text
If this is a native custom element, make sure to exclude it from component resolution via compilerOptions.isCustomElement. 
  at <ResetPassword onVnodeUnmounted=fn<onVnodeUnmounted> ref=Ref< undefined > > 
  at <RouteProvider key="/reset-password" vnode= {__v_isVNode: true, __v_skip: true, type: Object, props: Object, key: null} route= {fullPath: /reset-password, hash: , query: Object, name: reset-password, path: /reset-password}  ... > 
  at <RouterView name=undefined route=undefined > 
  at <NuxtPage > 
  at <Auth ref=Ref< undefined > > 
  at <AsyncComponentWrapper ref=Ref< undefined > > 
  at <LayoutLoader key="auth" layoutProps= {ref: RefImpl} name="auth" > 
  at <NuxtLayoutProvider layoutProps= {ref: RefImpl} key="auth" name="auth"  ... > 
  at <NuxtLayout > 
  at <App key=4 > 
  at <NuxtRoot> @ http://localhost:3026/_nuxt/@fs/home/meebuzo/github/alternate-framework/node_modules/@vue/runtime-core/dist/runtime-core.esm-bundler.js?v=7bf3dffb:49
[   89472ms] [WARNING] [Vue warn]: Failed to resolve component: v-alert
If this is a native custom element, make sure to exclude it from component resolution via compilerOptions.isCustomElement. 
  at <ResetPassword onVnodeUnmounted=fn<onVnodeUnmounted> ref=Ref< undefined > > 
  at <RouteProvider key="/reset-password" vnode= {__v_isVNode: true, __v_skip: true, type: Object, props: Object, key: null} route= {fullPath: /reset-password, hash: , query: Object, name: reset-password, path: /reset-password}  ... > 
  at <RouterView name=undefined route=undefined > 
  at <NuxtPage > 
  at <Auth ref=Ref< undefined > > 
  at <AsyncComponentWrapper ref=Ref< undefined > > 
  at <LayoutLoader key="auth" layoutProps= {ref: RefImpl} name="auth" > 
  at <NuxtLayoutProvider layoutProps= {ref: RefImpl} key="auth" name="auth"  ... > 
  at <NuxtLayout > 
  at <App key=4 > 
  at <NuxtRoot> @ http://localhost:3026/_nuxt/@fs/home/meebuzo/github/alternate-framework/node_modules/@vue/runtime-core/dist/runtime-core.esm-bundler.js?v=7bf3dffb:49
[   89474ms] [WARNING] [Vue warn]: Failed to resolve component: v-card
If this is a native custom element, make sure to exclude it from component resolution via compilerOptions.isCustomElement. 
  at <ResetPassword onVnodeUnmounted=fn<onVnodeUnmounted> ref=Ref< undefined > > 
  at <RouteProvider key="/reset-password" vnode= {__v_isVNode: true, __v_skip: true, type: Object, props: Object, key: null} route= {fullPath: /reset-password, hash: , query: Object, name: reset-password, path: /reset-password}  ... > 
  at <RouterView name=undefined route=undefined > 
  at <NuxtPage > 
  at <Auth ref=Ref< undefined > > 
  at <AsyncComponentWrapper ref=Ref< undefined > > 
  at <LayoutLoader key="auth" layoutProps= {ref: RefImpl} name="auth" > 
  at <NuxtLayoutProvider layoutProps= {ref: RefImpl} key="auth" name="auth"  ... > 
  at <NuxtLayout > 
  at <App key=4 > 
  at <NuxtRoot> @ http://localhost:3026/_nuxt/@fs/home/meebuzo/github/alternate-framework/node_modules/@vue/runtime-core/dist/runtime-core.esm-bundler.js?v=7bf3dffb:49
[  213957ms] [LOG] [vite] server connection lost. Polling for restart... @ http://localhost:3026/_nuxt/@vite/client:864
[  228224ms] [ERROR] Failed to load resource: the server responded with a status of 504 (Outdated Optimize Dep) @ http://localhost:3026/_nuxt/@fs/home/meebuzo/github/alternate-framework/node_modules/nuxt/node_modules/vue-router/dist/vue-router.js:0
[  228227ms] Failed to fetch dynamically imported module: http://localhost:3026/_nuxt/@fs/home/meebuzo/github/alternate-framework/node_modules/nuxt/dist/app/entry.js?v=7bf3dffb
