[   16241ms] [WARNING] %cssr:warn%c [1m[31m[NUXT_E3006][39m[22m `useAsyncData` handler returned `undefined`, so the request may be duplicated on the client side.
[2m├▶[22m [2mfix:[22m Return a value from the handler function (e.g. `return null` instead of returning nothing).
[2m╰▶[22m [2msources:[22m node:internal/process/task_queues:103:5 
      background: #f39c12;
      border-radius: 0.5em;
      color: white;
      font-weight: bold;
      padding: 2px 0.5em;
      
  at /home/meebuzo/github/alternate-framework/node_modules/nostics/dist/index.mjs
  at Object.handle [as NUXT_E3006] (/home/meebuzo/github/alternate-framework/node_modules/nostics/dist/index.mjs)
 @ http://127.0.0.1:3002/_nuxt/@vite/client:528
[   16242ms] [WARNING] %cssr:warn%c [nostics]: import.meta.hot.send() is not available. This must be running on Vite. 
      background: #f39c12;
      border-radius: 0.5em;
      color: white;
      font-weight: bold;
      padding: 2px 0.5em;
      
  at /home/meebuzo/github/alternate-framework/node_modules/nostics/dist/reporters/dev.mjs
  at Object.handle [as NUXT_E3006] (/home/meebuzo/github/alternate-framework/node_modules/nostics/dist/index.mjs)
 @ http://127.0.0.1:3002/_nuxt/@vite/client:528
[   16819ms] [LOG] ✨ %cNuxt DevTools %c Press Shift + Alt + D to open DevTools color: black; border-radius: 3px 0 0 3px; padding: 2px 2px 1px 10px; background: #00DC82 border-radius: 0 3px 3px 0; padding: 2px 10px 1px 2px; background: #00DC8220  @ http://127.0.0.1:3002/_nuxt/@fs/home/meebuzo/github/alternate-framework/node_modules/@sentry/core/build/esm/instrument/console.js?v=4790ac70:44
[   16896ms] [INFO] <Suspense> is an experimental feature and its API will likely change. @ http://127.0.0.1:3002/_nuxt/@fs/home/meebuzo/github/alternate-framework/node_modules/@sentry/core/build/esm/instrument/console.js?v=4790ac70:44
[   17369ms] [ERROR] Hydration completed but contains mismatches. @ http://127.0.0.1:3002/_nuxt/@vite/client:528
[   17372ms] [WARNING] [Vue warn]: Hydration children mismatch on JSHandle@node 
Server rendered element contains more child nodes than client vdom. 
  at <VMain> 
  at <VApp theme="light" class="auto-text" > 
  at <VResponsive class="border rounded" > 
  at <Nolive ref=Ref< undefined > > 
  at <AsyncComponentWrapper ref=Ref< undefined > > 
  at <LayoutLoader key="nolive" layoutProps= {ref: RefImpl} name="nolive" > 
  at <NuxtLayoutProvider layoutProps= {ref: RefImpl} key="nolive" name="nolive"  ... > 
  at <NuxtLayout > 
  at <App key=4 > 
  at <NuxtRoot> @ http://127.0.0.1:3002/_nuxt/@vite/client:528
[   17375ms] [WARNING] [Vue warn]: Hydration children mismatch on JSHandle@node 
Server rendered element contains more child nodes than client vdom. 
  at <VMain> 
  at <VApp theme="light" class="auto-text" > 
  at <VResponsive class="border rounded" > 
  at <Nolive ref=Ref< undefined > > 
  at <AsyncComponentWrapper ref=Ref< undefined > > 
  at <LayoutLoader key="nolive" layoutProps= {ref: RefImpl} name="nolive" > 
  at <NuxtLayoutProvider layoutProps= {ref: RefImpl} key="nolive" name="nolive"  ... > 
  at <NuxtLayout > 
  at <App key=4 > 
  at <NuxtRoot> @ http://127.0.0.1:3002/_nuxt/@vite/client:528
[   17378ms] [WARNING] [Vue warn]: Hydration children mismatch on JSHandle@node 
Server rendered element contains more child nodes than client vdom. 
  at <VMain> 
  at <VApp theme="light" class="auto-text" > 
  at <VResponsive class="border rounded" > 
  at <Nolive ref=Ref< undefined > > 
  at <AsyncComponentWrapper ref=Ref< undefined > > 
  at <LayoutLoader key="nolive" layoutProps= {ref: RefImpl} name="nolive" > 
  at <NuxtLayoutProvider layoutProps= {ref: RefImpl} key="nolive" name="nolive"  ... > 
  at <NuxtLayout > 
  at <App key=4 > 
  at <NuxtRoot> @ http://127.0.0.1:3002/_nuxt/@vite/client:528
[   17381ms] [WARNING] [Vue warn]: Hydration node mismatch:
- rendered on server: JSHandle@node  
- expected on client: Symbol(v-cmt) 
  at <VMain> 
  at <VApp theme="light" class="auto-text" > 
  at <VResponsive class="border rounded" > 
  at <Nolive ref=Ref< undefined > > 
  at <AsyncComponentWrapper ref=Ref< undefined > > 
  at <LayoutLoader key="nolive" layoutProps= {ref: RefImpl} name="nolive" > 
  at <NuxtLayoutProvider layoutProps= {ref: RefImpl} key="nolive" name="nolive"  ... > 
  at <NuxtLayout > 
  at <App key=4 > 
  at <NuxtRoot> @ http://127.0.0.1:3002/_nuxt/@vite/client:528
[   17383ms] [WARNING] [Vue warn]: Hydration children mismatch on JSHandle@node 
Server rendered element contains more child nodes than client vdom. 
  at <VMain> 
  at <VApp theme="light" class="auto-text" > 
  at <VResponsive class="border rounded" > 
  at <Nolive ref=Ref< undefined > > 
  at <AsyncComponentWrapper ref=Ref< undefined > > 
  at <LayoutLoader key="nolive" layoutProps= {ref: RefImpl} name="nolive" > 
  at <NuxtLayoutProvider layoutProps= {ref: RefImpl} key="nolive" name="nolive"  ... > 
  at <NuxtLayout > 
  at <App key=4 > 
  at <NuxtRoot> @ http://127.0.0.1:3002/_nuxt/@vite/client:528
[   17386ms] [WARNING] [Vue warn]: Hydration children mismatch on JSHandle@node 
Server rendered element contains more child nodes than client vdom. 
  at <VApp theme="light" class="auto-text" > 
  at <VResponsive class="border rounded" > 
  at <Nolive ref=Ref< undefined > > 
  at <AsyncComponentWrapper ref=Ref< undefined > > 
  at <LayoutLoader key="nolive" layoutProps= {ref: RefImpl} name="nolive" > 
  at <NuxtLayoutProvider layoutProps= {ref: RefImpl} key="nolive" name="nolive"  ... > 
  at <NuxtLayout > 
  at <App key=4 > 
  at <NuxtRoot> @ http://127.0.0.1:3002/_nuxt/@vite/client:528
[   17388ms] [WARNING] [Vue warn]: Hydration children mismatch on JSHandle@node 
Server rendered element contains fewer child nodes than client vdom. 
  at <VResponsive class="border rounded" > 
  at <Nolive ref=Ref< undefined > > 
  at <AsyncComponentWrapper ref=Ref< undefined > > 
  at <LayoutLoader key="nolive" layoutProps= {ref: RefImpl} name="nolive" > 
  at <NuxtLayoutProvider layoutProps= {ref: RefImpl} key="nolive" name="nolive"  ... > 
  at <NuxtLayout > 
  at <App key=4 > 
  at <NuxtRoot> @ http://127.0.0.1:3002/_nuxt/@vite/client:528
[   17440ms] [WARNING] [Vue warn]: Hydration children mismatch on JSHandle@node 
Server rendered element contains more child nodes than client vdom. 
  at <Nolive ref=Ref< undefined > > 
  at <AsyncComponentWrapper ref=Ref< undefined > > 
  at <LayoutLoader key="nolive" layoutProps= {ref: RefImpl} name="nolive" > 
  at <NuxtLayoutProvider layoutProps= {ref: RefImpl} key="nolive" name="nolive"  ... > 
  at <NuxtLayout > 
  at <App key=4 > 
  at <NuxtRoot> @ http://127.0.0.1:3002/_nuxt/@vite/client:528
[   17502ms] [WARNING] %c@nuxtjs/og-image:warn%c `defineOgImageComponent()` is deprecated. Use `defineOgImage()` instead. Run `npx nuxt-og-image migrate v6` to auto-migrate. 
      background: #f39c12;
      border-radius: 0.5em;
      color: white;
      font-weight: bold;
      padding: 2px 0.5em;
      @ http://127.0.0.1:3002/_nuxt/@vite/client:528
[   17997ms] [WARNING] [Vue warn]: Hydration children mismatch on JSHandle@node 
Server rendered element contains fewer child nodes than client vdom. 
  at <[...slug] onVnodeUnmounted=fn<onVnodeUnmounted> ref=Ref< undefined > > 
  at <RouteProvider key="/search" vnode= {__v_isVNode: true, __v_skip: true, type: Object, props: Object, key: null} route= {fullPath: /search?q=test, hash: , query: Object, name: slug___en, path: /search}  ... > 
  at <RouterView name=undefined route=undefined > 
  at <NuxtPage > 
  at <VMain> 
  at <VApp theme="light" class="auto-text" > 
  at <VResponsive class="border rounded" > 
  at <Nolive ref=Ref< undefined > > 
  at <AsyncComponentWrapper ref=Ref< undefined > > 
  at <LayoutLoader key="nolive" layoutProps= {ref: RefImpl} name="nolive" > 
  at <NuxtLayoutProvider layoutProps= {ref: RefImpl} key="nolive" name="nolive"  ... > 
  at <NuxtLayout > 
  at <App key=4 > 
  at <NuxtRoot> @ http://127.0.0.1:3002/_nuxt/@vite/client:528
[   18302ms] [WARNING] [NUXT_E1003] Could not access `toJSON`. The only available runtime config keys on the client side are `public` and `app`.
╰▶ fix: Move `toJSON` under `runtimeConfig.public` in `nuxt.config` to make it available on the client side. @ http://127.0.0.1:3002/_nuxt/@vite/client:528
[   19000ms] [WARNING] [Vue warn]: Hydration children mismatch on JSHandle@node 
Server rendered element contains fewer child nodes than client vdom. 
  at <VDefaultsProvider key="content-defaults" disabled=true defaults= {VIcon: Object} > 
  at <VBtn symbol= Symbol(vuetify:v-tabs) ref=Ref< undefined > class="v-tab"  ... > 
  at <VTab key=0 > 
  at <VSlideGroup centerActive=false scrollToActive=true contentClass=undefined  ... > 
  at <VTabs show-arrows="" > 
  at <VToolbarItems > 
  at <VDefaultsProvider defaults= {VTabs: Object} > 
  at <VToolbar class="pagebar" > 
  at <MenusPagePagebar key=0 > 
  at <[...slug] onVnodeUnmounted=fn<onVnodeUnmounted> ref=Ref< undefined > > 
  at <RouteProvider key="/search" vnode= {__v_isVNode: true, __v_skip: true, type: Object, props: Object, key: null} route= {fullPath: /search?q=test, hash: , query: Object, name: slug___en, path: /search}  ... > 
  at <RouterView name=undefined route=undefined > 
  at <NuxtPage > 
  at <VMain> 
  at <VApp theme="light" class="auto-text" > 
  at <VResponsive class="border rounded" > 
  at <Nolive ref=Ref< undefined > > 
  at <AsyncComponentWrapper ref=Ref< undefined > > 
  at <LayoutLoader key="nolive" layoutProps= {ref: RefImpl} name="nolive" > 
  at <NuxtLayoutProvider layoutProps= {ref: RefImpl} key="nolive" name="nolive"  ... > 
  at <NuxtLayout > 
  at <App key=4 > 
  at <NuxtRoot> @ http://127.0.0.1:3002/_nuxt/@vite/client:528
[   19572ms] [WARNING] [Vue warn]: Hydration children mismatch on JSHandle@node 
Server rendered element contains fewer child nodes than client vdom. 
  at <VBtn symbol= Symbol(vuetify:v-tabs) ref=Ref< undefined > class="v-tab"  ... > 
  at <VTab key=0 > 
  at <VSlideGroup centerActive=false scrollToActive=true contentClass=undefined  ... > 
  at <VTabs show-arrows="" > 
  at <VToolbarItems > 
  at <VDefaultsProvider defaults= {VTabs: Object} > 
  at <VToolbar class="pagebar" > 
  at <MenusPagePagebar key=0 > 
  at <[...slug] onVnodeUnmounted=fn<onVnodeUnmounted> ref=Ref< undefined > > 
  at <RouteProvider key="/search" vnode= {__v_isVNode: true, __v_skip: true, type: Object, props: Object, key: null} route= {fullPath: /search?q=test, hash: , query: Object, name: slug___en, path: /search}  ... > 
  at <RouterView name=undefined route=undefined > 
  at <NuxtPage > 
  at <VMain> 
  at <VApp theme="light" class="auto-text" > 
  at <VResponsive class="border rounded" > 
  at <Nolive ref=Ref< undefined > > 
  at <AsyncComponentWrapper ref=Ref< undefined > > 
  at <LayoutLoader key="nolive" layoutProps= {ref: RefImpl} name="nolive" > 
  at <NuxtLayoutProvider layoutProps= {ref: RefImpl} key="nolive" name="nolive"  ... > 
  at <NuxtLayout > 
  at <App key=4 > 
  at <NuxtRoot> @ http://127.0.0.1:3002/_nuxt/@vite/client:528
[   19903ms] [WARNING] [Vue warn]: Hydration node mismatch:
- rendered on server: JSHandle@node  
- expected on client: Symbol(v-cmt) 
  at <VSlideGroup centerActive=false scrollToActive=true contentClass=undefined  ... > 
  at <VTabs show-arrows="" > 
  at <VToolbarItems > 
  at <VDefaultsProvider defaults= {VTabs: Object} > 
  at <VToolbar class="pagebar" > 
  at <MenusPagePagebar key=0 > 
  at <[...slug] onVnodeUnmounted=fn<onVnodeUnmounted> ref=Ref< undefined > > 
  at <RouteProvider key="/search" vnode= {__v_isVNode: true, __v_skip: true, type: Object, props: Object, key: null} route= {fullPath: /search?q=test, hash: , query: Object, name: slug___en, path: /search}  ... > 
  at <RouterView name=undefined route=undefined > 
  at <NuxtPage > 
  at <VMain> 
  at <VApp theme="light" class="auto-text" > 
  at <VResponsive class="border rounded" > 
  at <Nolive ref=Ref< undefined > > 
  at <AsyncComponentWrapper ref=Ref< undefined > > 
  at <LayoutLoader key="nolive" layoutProps= {ref: RefImpl} name="nolive" > 
  at <NuxtLayoutProvider layoutProps= {ref: RefImpl} key="nolive" name="nolive"  ... > 
  at <NuxtLayout > 
  at <App key=4 > 
  at <NuxtRoot> @ http://127.0.0.1:3002/_nuxt/@vite/client:528
[   20235ms] [WARNING] [Vue warn]: Hydration children mismatch on JSHandle@node 
Server rendered element contains more child nodes than client vdom. 
  at <VSlideGroup centerActive=false scrollToActive=true contentClass=undefined  ... > 
  at <VTabs show-arrows="" > 
  at <VToolbarItems > 
  at <VDefaultsProvider defaults= {VTabs: Object} > 
  at <VToolbar class="pagebar" > 
  at <MenusPagePagebar key=0 > 
  at <[...slug] onVnodeUnmounted=fn<onVnodeUnmounted> ref=Ref< undefined > > 
  at <RouteProvider key="/search" vnode= {__v_isVNode: true, __v_skip: true, type: Object, props: Object, key: null} route= {fullPath: /search?q=test, hash: , query: Object, name: slug___en, path: /search}  ... > 
  at <RouterView name=undefined route=undefined > 
  at <NuxtPage > 
  at <VMain> 
  at <VApp theme="light" class="auto-text" > 
  at <VResponsive class="border rounded" > 
  at <Nolive ref=Ref< undefined > > 
  at <AsyncComponentWrapper ref=Ref< undefined > > 
  at <LayoutLoader key="nolive" layoutProps= {ref: RefImpl} name="nolive" > 
  at <NuxtLayoutProvider layoutProps= {ref: RefImpl} key="nolive" name="nolive"  ... > 
  at <NuxtLayout > 
  at <App key=4 > 
  at <NuxtRoot> @ http://127.0.0.1:3002/_nuxt/@vite/client:528
[   20662ms] [WARNING] [Vue warn]: Hydration node mismatch:
- rendered on server: JSHandle@node  
- expected on client: div 
  at <VSlideGroup centerActive=false scrollToActive=true contentClass=undefined  ... > 
  at <VTabs show-arrows="" > 
  at <VToolbarItems > 
  at <VDefaultsProvider defaults= {VTabs: Object} > 
  at <VToolbar class="pagebar" > 
  at <MenusPagePagebar key=0 > 
  at <[...slug] onVnodeUnmounted=fn<onVnodeUnmounted> ref=Ref< undefined > > 
  at <RouteProvider key="/search" vnode= {__v_isVNode: true, __v_skip: true, type: Object, props: Object, key: null} route= {fullPath: /search?q=test, hash: , query: Object, name: slug___en, path: /search}  ... > 
  at <RouterView name=undefined route=undefined > 
  at <NuxtPage > 
  at <VMain> 
  at <VApp theme="light" class="auto-text" > 
  at <VResponsive class="border rounded" > 
  at <Nolive ref=Ref< undefined > > 
  at <AsyncComponentWrapper ref=Ref< undefined > > 
  at <LayoutLoader key="nolive" layoutProps= {ref: RefImpl} name="nolive" > 
  at <NuxtLayoutProvider layoutProps= {ref: RefImpl} key="nolive" name="nolive"  ... > 
  at <NuxtLayout > 
  at <App key=4 > 
  at <NuxtRoot> @ http://127.0.0.1:3002/_nuxt/@vite/client:528
[   21039ms] [WARNING] [Vue warn]: Hydration children mismatch on JSHandle@node 
Server rendered element contains fewer child nodes than client vdom. 
  at <VSlideGroup centerActive=false scrollToActive=true contentClass=undefined  ... > 
  at <VTabs show-arrows="" > 
  at <VToolbarItems > 
  at <VDefaultsProvider defaults= {VTabs: Object} > 
  at <VToolbar class="pagebar" > 
  at <MenusPagePagebar key=0 > 
  at <[...slug] onVnodeUnmounted=fn<onVnodeUnmounted> ref=Ref< undefined > > 
  at <RouteProvider key="/search" vnode= {__v_isVNode: true, __v_skip: true, type: Object, props: Object, key: null} route= {fullPath: /search?q=test, hash: , query: Object, name: slug___en, path: /search}  ... > 
  at <RouterView name=undefined route=undefined > 
  at <NuxtPage > 
  at <VMain> 
  at <VApp theme="light" class="auto-text" > 
  at <VResponsive class="border rounded" > 
  at <Nolive ref=Ref< undefined > > 
  at <AsyncComponentWrapper ref=Ref< undefined > > 
  at <LayoutLoader key="nolive" layoutProps= {ref: RefImpl} name="nolive" > 
  at <NuxtLayoutProvider layoutProps= {ref: RefImpl} key="nolive" name="nolive"  ... > 
  at <NuxtLayout > 
  at <App key=4 > 
  at <NuxtRoot> @ http://127.0.0.1:3002/_nuxt/@vite/client:528
[   22035ms] [WARNING] [Vue warn]: Hydration class mismatch on JSHandle@node 
  - rendered on server: class="v-tab__slider"
  - expected on client: class="pagebarTabs"
  Note: this mismatch is check-only. The DOM will not be rectified in production due to performance overhead.
  You should fix the source of the mismatch. 
  at <VSlideGroup centerActive=false scrollToActive=true contentClass=undefined  ... > 
  at <VTabs show-arrows="" > 
  at <VToolbarItems > 
  at <VDefaultsProvider defaults= {VTabs: Object} > 
  at <VToolbar class="pagebar" > 
  at <MenusPagePagebar key=0 > 
  at <[...slug] onVnodeUnmounted=fn<onVnodeUnmounted> ref=Ref< undefined > > 
  at <RouteProvider key="/search" vnode= {__v_isVNode: true, __v_skip: true, type: Object, props: Object, key: null} route= {fullPath: /search?q=test, hash: , query: Object, name: slug___en, path: /search}  ... > 
  at <RouterView name=undefined route=undefined > 
  at <NuxtPage > 
  at <VMain> 
  at <VApp theme="light" class="auto-text" > 
  at <VResponsive class="border rounded" > 
  at <Nolive ref=Ref< undefined > > 
  at <AsyncComponentWrapper ref=Ref< undefined > > 
  at <LayoutLoader key="nolive" layoutProps= {ref: RefImpl} name="nolive" > 
  at <NuxtLayoutProvider layoutProps= {ref: RefImpl} key="nolive" name="nolive"  ... > 
  at <NuxtLayout > 
  at <App key=4 > 
  at <NuxtRoot> @ http://127.0.0.1:3002/_nuxt/@vite/client:528
[   22685ms] [WARNING] [Vue warn]: Hydration node mismatch:
- rendered on server: JSHandle@node  
- expected on client: div 
  at <VSlideGroup centerActive=false scrollToActive=true contentClass=undefined  ... > 
  at <VTabs show-arrows="" > 
  at <VToolbarItems > 
  at <VDefaultsProvider defaults= {VTabs: Object} > 
  at <VToolbar class="pagebar" > 
  at <MenusPagePagebar key=0 > 
  at <[...slug] onVnodeUnmounted=fn<onVnodeUnmounted> ref=Ref< undefined > > 
  at <RouteProvider key="/search" vnode= {__v_isVNode: true, __v_skip: true, type: Object, props: Object, key: null} route= {fullPath: /search?q=test, hash: , query: Object, name: slug___en, path: /search}  ... > 
  at <RouterView name=undefined route=undefined > 
  at <NuxtPage > 
  at <VMain> 
  at <VApp theme="light" class="auto-text" > 
  at <VResponsive class="border rounded" > 
  at <Nolive ref=Ref< undefined > > 
  at <AsyncComponentWrapper ref=Ref< undefined > > 
  at <LayoutLoader key="nolive" layoutProps= {ref: RefImpl} name="nolive" > 
  at <NuxtLayoutProvider layoutProps= {ref: RefImpl} key="nolive" name="nolive"  ... > 
  at <NuxtLayout > 
  at <App key=4 > 
  at <NuxtRoot> @ http://127.0.0.1:3002/_nuxt/@vite/client:528
[   23091ms] [WARNING] [Vue warn]: Hydration children mismatch on JSHandle@node 
Server rendered element contains more child nodes than client vdom. 
  at <VSlideGroup centerActive=false scrollToActive=true contentClass=undefined  ... > 
  at <VTabs show-arrows="" > 
  at <VToolbarItems > 
  at <VDefaultsProvider defaults= {VTabs: Object} > 
  at <VToolbar class="pagebar" > 
  at <MenusPagePagebar key=0 > 
  at <[...slug] onVnodeUnmounted=fn<onVnodeUnmounted> ref=Ref< undefined > > 
  at <RouteProvider key="/search" vnode= {__v_isVNode: true, __v_skip: true, type: Object, props: Object, key: null} route= {fullPath: /search?q=test, hash: , query: Object, name: slug___en, path: /search}  ... > 
  at <RouterView name=undefined route=undefined > 
  at <NuxtPage > 
  at <VMain> 
  at <VApp theme="light" class="auto-text" > 
  at <VResponsive class="border rounded" > 
  at <Nolive ref=Ref< undefined > > 
  at <AsyncComponentWrapper ref=Ref< undefined > > 
  at <LayoutLoader key="nolive" layoutProps= {ref: RefImpl} name="nolive" > 
  at <NuxtLayoutProvider layoutProps= {ref: RefImpl} key="nolive" name="nolive"  ... > 
  at <NuxtLayout > 
  at <App key=4 > 
  at <NuxtRoot> @ http://127.0.0.1:3002/_nuxt/@vite/client:528
[   23442ms] [WARNING] [Vue warn]: Hydration children mismatch on JSHandle@node 
Server rendered element contains more child nodes than client vdom. 
  at <VSlideGroup centerActive=false scrollToActive=true contentClass=undefined  ... > 
  at <VTabs show-arrows="" > 
  at <VToolbarItems > 
  at <VDefaultsProvider defaults= {VTabs: Object} > 
  at <VToolbar class="pagebar" > 
  at <MenusPagePagebar key=0 > 
  at <[...slug] onVnodeUnmounted=fn<onVnodeUnmounted> ref=Ref< undefined > > 
  at <RouteProvider key="/search" vnode= {__v_isVNode: true, __v_skip: true, type: Object, props: Object, key: null} route= {fullPath: /search?q=test, hash: , query: Object, name: slug___en, path: /search}  ... > 
  at <RouterView name=undefined route=undefined > 
  at <NuxtPage > 
  at <VMain> 
  at <VApp theme="light" class="auto-text" > 
  at <VResponsive class="border rounded" > 
  at <Nolive ref=Ref< undefined > > 
  at <AsyncComponentWrapper ref=Ref< undefined > > 
  at <LayoutLoader key="nolive" layoutProps= {ref: RefImpl} name="nolive" > 
  at <NuxtLayoutProvider layoutProps= {ref: RefImpl} key="nolive" name="nolive"  ... > 
  at <NuxtLayout > 
  at <App key=4 > 
  at <NuxtRoot> @ http://127.0.0.1:3002/_nuxt/@vite/client:528
[   23799ms] [WARNING] [Vue warn]: Hydration node mismatch:
- rendered on server: JSHandle@node  
- expected on client: Symbol(v-cmt) 
  at <VSlideGroup centerActive=false scrollToActive=true contentClass=undefined  ... > 
  at <VTabs show-arrows="" > 
  at <VToolbarItems > 
  at <VDefaultsProvider defaults= {VTabs: Object} > 
  at <VToolbar class="pagebar" > 
  at <MenusPagePagebar key=0 > 
  at <[...slug] onVnodeUnmounted=fn<onVnodeUnmounted> ref=Ref< undefined > > 
  at <RouteProvider key="/search" vnode= {__v_isVNode: true, __v_skip: true, type: Object, props: Object, key: null} route= {fullPath: /search?q=test, hash: , query: Object, name: slug___en, path: /search}  ... > 
  at <RouterView name=undefined route=undefined > 
  at <NuxtPage > 
  at <VMain> 
  at <VApp theme="light" class="auto-text" > 
  at <VResponsive class="border rounded" > 
  at <Nolive ref=Ref< undefined > > 
  at <AsyncComponentWrapper ref=Ref< undefined > > 
  at <LayoutLoader key="nolive" layoutProps= {ref: RefImpl} name="nolive" > 
  at <NuxtLayoutProvider layoutProps= {ref: RefImpl} key="nolive" name="nolive"  ... > 
  at <NuxtLayout > 
  at <App key=4 > 
  at <NuxtRoot> @ http://127.0.0.1:3002/_nuxt/@vite/client:528
[   24179ms] [WARNING] [Vue warn]: Hydration children mismatch on JSHandle@node 
Server rendered element contains more child nodes than client vdom. 
  at <VSlideGroup centerActive=false scrollToActive=true contentClass=undefined  ... > 
  at <VTabs show-arrows="" > 
  at <VToolbarItems > 
  at <VDefaultsProvider defaults= {VTabs: Object} > 
  at <VToolbar class="pagebar" > 
  at <MenusPagePagebar key=0 > 
  at <[...slug] onVnodeUnmounted=fn<onVnodeUnmounted> ref=Ref< undefined > > 
  at <RouteProvider key="/search" vnode= {__v_isVNode: true, __v_skip: true, type: Object, props: Object, key: null} route= {fullPath: /search?q=test, hash: , query: Object, name: slug___en, path: /search}  ... > 
  at <RouterView name=undefined route=undefined > 
  at <NuxtPage > 
  at <VMain> 
  at <VApp theme="light" class="auto-text" > 
  at <VResponsive class="border rounded" > 
  at <Nolive ref=Ref< undefined > > 
  at <AsyncComponentWrapper ref=Ref< undefined > > 
  at <LayoutLoader key="nolive" layoutProps= {ref: RefImpl} name="nolive" > 
  at <NuxtLayoutProvider layoutProps= {ref: RefImpl} key="nolive" name="nolive"  ... > 
  at <NuxtLayout > 
  at <App key=4 > 
  at <NuxtRoot> @ http://127.0.0.1:3002/_nuxt/@vite/client:528
[   24557ms] [WARNING] [Vue warn]: Hydration node mismatch:
- rendered on server: JSHandle@node  
- expected on client: Symbol(v-cmt) 
  at <VTabs show-arrows="" > 
  at <VToolbarItems > 
  at <VDefaultsProvider defaults= {VTabs: Object} > 
  at <VToolbar class="pagebar" > 
  at <MenusPagePagebar key=0 > 
  at <[...slug] onVnodeUnmounted=fn<onVnodeUnmounted> ref=Ref< undefined > > 
  at <RouteProvider key="/search" vnode= {__v_isVNode: true, __v_skip: true, type: Object, props: Object, key: null} route= {fullPath: /search?q=test, hash: , query: Object, name: slug___en, path: /search}  ... > 
  at <RouterView name=undefined route=undefined > 
  at <NuxtPage > 
  at <VMain> 
  at <VApp theme="light" class="auto-text" > 
  at <VResponsive class="border rounded" > 
  at <Nolive ref=Ref< undefined > > 
  at <AsyncComponentWrapper ref=Ref< undefined > > 
  at <LayoutLoader key="nolive" layoutProps= {ref: RefImpl} name="nolive" > 
  at <NuxtLayoutProvider layoutProps= {ref: RefImpl} key="nolive" name="nolive"  ... > 
  at <NuxtLayout > 
  at <App key=4 > 
  at <NuxtRoot> @ http://127.0.0.1:3002/_nuxt/@vite/client:528
[   24959ms] [WARNING] [Vue warn]: Hydration children mismatch on JSHandle@node 
Server rendered element contains more child nodes than client vdom. 
  at <VToolbarItems > 
  at <VDefaultsProvider defaults= {VTabs: Object} > 
  at <VToolbar class="pagebar" > 
  at <MenusPagePagebar key=0 > 
  at <[...slug] onVnodeUnmounted=fn<onVnodeUnmounted> ref=Ref< undefined > > 
  at <RouteProvider key="/search" vnode= {__v_isVNode: true, __v_skip: true, type: Object, props: Object, key: null} route= {fullPath: /search?q=test, hash: , query: Object, name: slug___en, path: /search}  ... > 
  at <RouterView name=undefined route=undefined > 
  at <NuxtPage > 
  at <VMain> 
  at <VApp theme="light" class="auto-text" > 
  at <VResponsive class="border rounded" > 
  at <Nolive ref=Ref< undefined > > 
  at <AsyncComponentWrapper ref=Ref< undefined > > 
  at <LayoutLoader key="nolive" layoutProps= {ref: RefImpl} name="nolive" > 
  at <NuxtLayoutProvider layoutProps= {ref: RefImpl} key="nolive" name="nolive"  ... > 
  at <NuxtLayout > 
  at <App key=4 > 
  at <NuxtRoot> @ http://127.0.0.1:3002/_nuxt/@vite/client:528
[   25329ms] [WARNING] [Vue warn]: Hydration children mismatch on JSHandle@node 
Server rendered element contains fewer child nodes than client vdom. 
  at <VToolbar class="pagebar" > 
  at <MenusPagePagebar key=0 > 
  at <[...slug] onVnodeUnmounted=fn<onVnodeUnmounted> ref=Ref< undefined > > 
  at <RouteProvider key="/search" vnode= {__v_isVNode: true, __v_skip: true, type: Object, props: Object, key: null} route= {fullPath: /search?q=test, hash: , query: Object, name: slug___en, path: /search}  ... > 
  at <RouterView name=undefined route=undefined > 
  at <NuxtPage > 
  at <VMain> 
  at <VApp theme="light" class="auto-text" > 
  at <VResponsive class="border rounded" > 
  at <Nolive ref=Ref< undefined > > 
  at <AsyncComponentWrapper ref=Ref< undefined > > 
  at <LayoutLoader key="nolive" layoutProps= {ref: RefImpl} name="nolive" > 
  at <NuxtLayoutProvider layoutProps= {ref: RefImpl} key="nolive" name="nolive"  ... > 
  at <NuxtLayout > 
  at <App key=4 > 
  at <NuxtRoot> @ http://127.0.0.1:3002/_nuxt/@vite/client:528
[   25436ms] [WARNING] [Vue warn]: Hydration node mismatch:
- rendered on server: JSHandle@node (start of fragment) 
- expected on client: div 
  at <MenusFooterNav> 
  at <VMain> 
  at <VApp theme="light" class="auto-text" > 
  at <VResponsive class="border rounded" > 
  at <Nolive ref=Ref< undefined > > 
  at <AsyncComponentWrapper ref=Ref< undefined > > 
  at <LayoutLoader key="nolive" layoutProps= {ref: RefImpl} name="nolive" > 
  at <NuxtLayoutProvider layoutProps= {ref: RefImpl} key="nolive" name="nolive"  ... > 
  at <NuxtLayout > 
  at <App key=4 > 
  at <NuxtRoot> @ http://127.0.0.1:3002/_nuxt/@vite/client:528
[   25769ms] [WARNING] [Vue warn]: Hydration children mismatch on JSHandle@node 
Server rendered element contains fewer child nodes than client vdom. 
  at <VOverlay ref=Ref< undefined > id="v-menu-v-0-8-0-0-0" class="v-menu"  ... > 
  at <VMenu > 
  at <MenusPageAboutMenu > 
  at <VDefaultsProvider key="content-defaults" disabled=true defaults= {VIcon: Object} > 
  at <VBtn symbol= Symbol(vuetify:v-tabs) ref=Ref< undefined > class="v-tab"  ... > 
  at <VTab key=0 > 
  at <VSlideGroup centerActive=false scrollToActive=true contentClass=undefined  ... > 
  at <VTabs show-arrows="" > 
  at <VToolbarItems > 
  at <VDefaultsProvider defaults= {VTabs: Object} > 
  at <VToolbar class="pagebar" > 
  at <MenusPagePagebar key=0 > 
  at <[...slug] onVnodeUnmounted=fn<onVnodeUnmounted> ref=Ref< undefined > > 
  at <RouteProvider key="/search" vnode= {__v_isVNode: true, __v_skip: true, type: Object, props: Object, key: null} route= {fullPath: /search?q=test, hash: , query: Object, name: slug___en, path: /search}  ... > 
  at <RouterView name=undefined route=undefined > 
  at <NuxtPage > 
  at <VMain> 
  at <VApp theme="light" class="auto-text" > 
  at <VResponsive class="border rounded" > 
  at <Nolive ref=Ref< undefined > > 
  at <AsyncComponentWrapper ref=Ref< undefined > > 
  at <LayoutLoader key="nolive" layoutProps= {ref: RefImpl} name="nolive" > 
  at <NuxtLayoutProvider layoutProps= {ref: RefImpl} key="nolive" name="nolive"  ... > 
  at <NuxtLayout > 
  at <App key=4 > 
  at <NuxtRoot> @ http://127.0.0.1:3002/_nuxt/@vite/client:528
[   26131ms] [WARNING] [Vue warn]: Hydration children mismatch on JSHandle@node 
Server rendered element contains fewer child nodes than client vdom. 
  at <VOverlay ref=Ref< undefined > id="v-menu-v-0-8-0-0-0" class="v-menu"  ... > 
  at <VMenu > 
  at <MenusPageAboutMenu > 
  at <VDefaultsProvider key="content-defaults" disabled=true defaults= {VIcon: Object} > 
  at <VBtn symbol= Symbol(vuetify:v-tabs) ref=Ref< undefined > class="v-tab"  ... > 
  at <VTab key=0 > 
  at <VSlideGroup centerActive=false scrollToActive=true contentClass=undefined  ... > 
  at <VTabs show-arrows="" > 
  at <VToolbarItems > 
  at <VDefaultsProvider defaults= {VTabs: Object} > 
  at <VToolbar class="pagebar" > 
  at <MenusPagePagebar key=0 > 
  at <[...slug] onVnodeUnmounted=fn<onVnodeUnmounted> ref=Ref< undefined > > 
  at <RouteProvider key="/search" vnode= {__v_isVNode: true, __v_skip: true, type: Object, props: Object, key: null} route= {fullPath: /search?q=test, hash: , query: Object, name: slug___en, path: /search}  ... > 
  at <RouterView name=undefined route=undefined > 
  at <NuxtPage > 
  at <VMain> 
  at <VApp theme="light" class="auto-text" > 
  at <VResponsive class="border rounded" > 
  at <Nolive ref=Ref< undefined > > 
  at <AsyncComponentWrapper ref=Ref< undefined > > 
  at <LayoutLoader key="nolive" layoutProps= {ref: RefImpl} name="nolive" > 
  at <NuxtLayoutProvider layoutProps= {ref: RefImpl} key="nolive" name="nolive"  ... > 
  at <NuxtLayout > 
  at <App key=4 > 
  at <NuxtRoot> @ http://127.0.0.1:3002/_nuxt/@vite/client:528
[   27213ms] [WARNING] [Meta Pixel] - Invalid PixelID: null. @ http://127.0.0.1:3002/_nuxt/@vite/client:528
[   27402ms] [ERROR] Connecting to 'https://analytics.tiktok.com/api/v2/monitor' violates the following Content Security Policy directive: "connect-src 'self' https://*.mux.com https://cms.meeovicms.com". The action has been blocked. @ https://analytics.tiktok.com/i18n/pixel/static/main.MTQyN2U3Zjc5MA.js:0
[   27403ms] [ERROR] Connecting to 'https://analytics.tiktok.com/api/v2/monitor' violates the following Content Security Policy directive: "connect-src 'self' https://*.mux.com https://cms.meeovicms.com". The action has been blocked. @ https://analytics.tiktok.com/i18n/pixel/static/main.MTQyN2U3Zjc5MA.js:0
[   27404ms] [ERROR] Connecting to 'https://analytics.tiktok.com/api/v2/monitor' violates the following Content Security Policy directive: "connect-src 'self' https://*.mux.com https://cms.meeovicms.com". The action has been blocked. @ https://analytics.tiktok.com/i18n/pixel/static/main.MTQyN2U3Zjc5MA.js:0
[   27407ms] [ERROR] Connecting to 'https://analytics.tiktok.com/api/v2/monitor' violates the following Content Security Policy directive: "connect-src 'self' https://*.mux.com https://cms.meeovicms.com". The action has been blocked. @ https://analytics.tiktok.com/i18n/pixel/static/main.MTQyN2U3Zjc5MA.js:0
[   27411ms] [ERROR] Connecting to 'https://analytics.tiktok.com/api/v2/monitor' violates the following Content Security Policy directive: "connect-src 'self' https://*.mux.com https://cms.meeovicms.com". The action has been blocked. @ https://analytics.tiktok.com/i18n/pixel/static/main.MTQyN2U3Zjc5MA.js:0
[   27412ms] [ERROR] Connecting to 'https://analytics.tiktok.com/api/v2/monitor' violates the following Content Security Policy directive: "connect-src 'self' https://*.mux.com https://cms.meeovicms.com". The action has been blocked. @ https://analytics.tiktok.com/i18n/pixel/static/main.MTQyN2U3Zjc5MA.js:0
[   27421ms] [ERROR] Connecting to 'https://analytics.tiktok.com/api/v2/monitor' violates the following Content Security Policy directive: "connect-src 'self' https://*.mux.com https://cms.meeovicms.com". The action has been blocked. @ https://analytics.tiktok.com/i18n/pixel/static/main.MTQyN2U3Zjc5MA.js:0
[   27783ms] [LOG] Meeovi @ http://127.0.0.1:3002/_nuxt/@fs/home/meebuzo/github/alternate-framework/node_modules/@sentry/core/build/esm/instrument/console.js?v=4790ac70:44
[   27792ms] [WARNING] [nuxt] [image] Density values above `2` are not recommended. See https://observablehq.com/@eeeps/visual-acuity-and-device-pixel-ratio. @ http://127.0.0.1:3002/_nuxt/@vite/client:528
[   28008ms] [WARNING] No available adapters. @ https://challenges.cloudflare.com/cdn-cgi/challenge-platform/h/g/turnstile/f/av0/rch/5hm65/0x4AAAAAAASJjd3fbeyQJrfe/auto/fbE/new/normal?lang=auto:0
[   28090ms] [ERROR] Failed to load resource: the server responded with a status of 404 () @ https://res.cloudinary.com/nuxt-cloudinary/image/upload/f_auto,q_auto/https://cms.meeovicms.com/assets/8:0
[   28187ms] [ERROR] Failed to load resource: the server responded with a status of 400 () @ https://challenges.cloudflare.com/cdn-cgi/challenge-platform/h/g/fo/3229638258:1788530713:y45w-Vdb4KL5BoM5pUKmxidxDig_YOklI11bg4PS1zE/a35de60b38ff64a6/OO9wKbnoYqmEOJQAzsnnTWaVZVp8fn8I5LLm3vZASKE-1788534391-1.2.1.1-shDN3ZhCpEh.LQQ_DPiYdqMA2lfk7TI9MJTF83ApdQ14pTsSYwwygw.HAUzbMu4T:0
[   28259ms] [ERROR] Connecting to 'https://o996770.ingest.us.sentry.io/api/5955273/envelope/?sentry_version=7&sentry_key=df1b90fab7c44ce8aef097a63b468d61&sentry_client=sentry.javascript.nuxt%2F10.70.0' violates the following Content Security Policy directive: "connect-src 'self' https://*.mux.com https://cms.meeovicms.com". The action has been blocked. @ http://127.0.0.1:3002/_nuxt/@fs/home/meebuzo/github/alternate-framework/node_modules/@sentry/browser/build/npm/esm/dev/transports/fetch.js?v=4790ac70:31
[   28261ms] [ERROR] Fetch API cannot load https://o996770.ingest.us.sentry.io/api/5955273/envelope/?sentry_version=7&sentry_key=df1b90fab7c44ce8aef097a63b468d61&sentry_client=sentry.javascript.nuxt%2F10.70.0. Refused to connect because it violates the document's Content Security Policy. @ http://127.0.0.1:3002/_nuxt/@fs/home/meebuzo/github/alternate-framework/node_modules/@sentry/browser/build/npm/esm/dev/transports/fetch.js?v=4790ac70:31
[   28275ms] TurnstileError: [Cloudflare Turnstile] Error: 110200.
    at x (https://challenges.cloudflare.com/turnstile/v0/api.js:2:17328)
    at P (https://challenges.cloudflare.com/turnstile/v0/api.js:2:60066)
    at I (https://challenges.cloudflare.com/turnstile/v0/api.js:2:65893)
    at sentryWrapped (http://127.0.0.1:3002/_nuxt/@fs/home/meebuzo/github/alternate-framework/node_modules/@sentry/browser/build/npm/esm/dev/helpers.js?v=4790ac70:41:17)
[   31630ms] [ERROR] Connecting to 'https://o996770.ingest.us.sentry.io/api/5955273/envelope/?sentry_version=7&sentry_key=df1b90fab7c44ce8aef097a63b468d61&sentry_client=sentry.javascript.nuxt%2F10.70.0' violates the following Content Security Policy directive: "connect-src 'self' https://*.mux.com https://cms.meeovicms.com". The action has been blocked. @ http://127.0.0.1:3002/_nuxt/@fs/home/meebuzo/github/alternate-framework/node_modules/@sentry/browser/build/npm/esm/dev/transports/fetch.js?v=4790ac70:31
[   31630ms] [ERROR] Fetch API cannot load https://o996770.ingest.us.sentry.io/api/5955273/envelope/?sentry_version=7&sentry_key=df1b90fab7c44ce8aef097a63b468d61&sentry_client=sentry.javascript.nuxt%2F10.70.0. Refused to connect because it violates the document's Content Security Policy. @ http://127.0.0.1:3002/_nuxt/@fs/home/meebuzo/github/alternate-framework/node_modules/@sentry/browser/build/npm/esm/dev/transports/fetch.js?v=4790ac70:31
