[    6062ms] [ERROR] Failed to load resource: the server responded with a status of 504 (Outdated Optimize Dep) @ http://localhost:3007/_nuxt/@fs/home/meebuzo/github/alternate-framework/layers/auth/node_modules/.cache/vite/client/deps/@better-auth_sso_client.js?v=adb761d8:0
[    6064ms] [WARNING] [Vue Router warn]: uncaught error during route navigation: @ http://localhost:3007/_nuxt/@fs/home/meebuzo/github/alternate-framework/node_modules/nuxt/node_modules/vue-router/dist/devtools-DCoWQoU_.js?v=2ecba151:10
[    6064ms] [ERROR] TypeError: Failed to fetch dynamically imported module: http://localhost:3007/_nuxt/pages/login.vue @ http://localhost:3007/_nuxt/@fs/home/meebuzo/github/alternate-framework/node_modules/nuxt/node_modules/vue-router/dist/vue-router.js:1213
[    6068ms] [ERROR] [nuxt] error caught during app initialization H3Error: Failed to fetch dynamically imported module: http://localhost:3007/_nuxt/pages/login.vue @ http://localhost:3007/_nuxt/@fs/home/meebuzo/github/alternate-framework/node_modules/nuxt/dist/app/nuxt.js?v=2ecba151:126
[    6070ms] [WARNING] [Vue Router warn]: Unexpected error when starting the router: TypeError: Failed to fetch dynamically imported module: http://localhost:3007/_nuxt/pages/login.vue @ http://localhost:3007/_nuxt/@fs/home/meebuzo/github/alternate-framework/node_modules/nuxt/node_modules/vue-router/dist/devtools-DCoWQoU_.js?v=2ecba151:10
[    6075ms] [WARNING] %cssr:warn%c [Vue warn]: Failed to resolve component: v-app
If this is a native custom element, make sure to exclude it from component resolution via compilerOptions.isCustomElement. 
      background: #f39c12;
      border-radius: 0.5em;
      color: white;
      font-weight: bold;
      padding: 2px 0.5em;
      at <Auth>
at <AsyncComponentWrapper>
at <LayoutLoader>
at <NuxtLayoutProvider>
at <NuxtLayout>
at <App>
at <NuxtRoot> @ http://localhost:3007/_nuxt/@fs/home/meebuzo/github/alternate-framework/node_modules/consola/dist/browser.mjs?v=2ecba151:47
[    6075ms] [WARNING] %cssr:warn%c [Vue warn]: Failed to resolve component: v-main
If this is a native custom element, make sure to exclude it from component resolution via compilerOptions.isCustomElement. 
      background: #f39c12;
      border-radius: 0.5em;
      color: white;
      font-weight: bold;
      padding: 2px 0.5em;
      at <Auth>
at <AsyncComponentWrapper>
at <LayoutLoader>
at <NuxtLayoutProvider>
at <NuxtLayout>
at <App>
at <NuxtRoot> @ http://localhost:3007/_nuxt/@fs/home/meebuzo/github/alternate-framework/node_modules/consola/dist/browser.mjs?v=2ecba151:47
[    6076ms] [WARNING] %cssr:warn%c [Vue warn]: Failed to resolve component: v-icon
If this is a native custom element, make sure to exclude it from component resolution via compilerOptions.isCustomElement. 
      background: #f39c12;
      border-radius: 0.5em;
      color: white;
      font-weight: bold;
      padding: 2px 0.5em;
      at <Auth>
at <AsyncComponentWrapper>
at <LayoutLoader>
at <NuxtLayoutProvider>
at <NuxtLayout>
at <App>
at <NuxtRoot> @ http://localhost:3007/_nuxt/@fs/home/meebuzo/github/alternate-framework/node_modules/consola/dist/browser.mjs?v=2ecba151:47
[    6076ms] [WARNING] %cssr:warn%c [Vue warn]: Non-function value encountered for default slot. Prefer function slots for better performance. 
      background: #f39c12;
      border-radius: 0.5em;
      color: white;
      font-weight: bold;
      padding: 2px 0.5em;
      at <Anonymous>
at <Auth>
at <AsyncComponentWrapper>
at <LayoutLoader>
at <NuxtLayoutProvider>
at <NuxtLayout>
at <App>
at <NuxtRoot> @ http://localhost:3007/_nuxt/@fs/home/meebuzo/github/alternate-framework/node_modules/consola/dist/browser.mjs?v=2ecba151:47
[    6076ms] [WARNING] %cssr:warn%c [Vue warn]: Component <Anonymous> is missing template or render function. 
      background: #f39c12;
      border-radius: 0.5em;
      color: white;
      font-weight: bold;
      padding: 2px 0.5em;
      at <Anonymous>
at <Auth>
at <AsyncComponentWrapper>
at <LayoutLoader>
at <NuxtLayoutProvider>
at <NuxtLayout>
at <App>
at <NuxtRoot> @ http://localhost:3007/_nuxt/@fs/home/meebuzo/github/alternate-framework/node_modules/consola/dist/browser.mjs?v=2ecba151:47
[    6076ms] [WARNING] %cssr:warn%c [nuxt] Your project has pages but `<NuxtPage />` has not been detected. Make sure you are using `<NuxtPage />` instead of `<RouterView />`, as `<RouterView />` will not work correctly in Nuxt. If `<NuxtPage />` is rendered conditionally, this warning can be triggered before it is mounted. You can set `pages: false` in `nuxt.config` if you do not wish to use the Nuxt `vue-router` integration. 
      background: #f39c12;
      border-radius: 0.5em;
      color: white;
      font-weight: bold;
      padding: 2px 0.5em;
      
  at process.processTicksAndRejections (node:internal/process/task_queues)
 @ http://localhost:3007/_nuxt/@fs/home/meebuzo/github/alternate-framework/node_modules/consola/dist/browser.mjs?v=2ecba151:47
[    6085ms] [ERROR] Failed to load resource: the server responded with a status of 504 (Outdated Optimize Dep) @ http://localhost:3007/_nuxt/@fs/home/meebuzo/github/alternate-framework/layers/auth/node_modules/.cache/vite/client/deps/@better-auth_stripe_client.js?v=7e7c5d6a:0
[    6088ms] [ERROR] [nuxt] error caught during app initialization H3Error: Failed to fetch dynamically imported module: http://localhost:3007/_nuxt/pages/login.vue @ http://localhost:3007/_nuxt/@fs/home/meebuzo/github/alternate-framework/node_modules/nuxt/dist/app/nuxt.js?v=2ecba151:126
[    6104ms] [INFO] <Suspense> is an experimental feature and its API will likely change. @ http://localhost:3007/_nuxt/@fs/home/meebuzo/github/alternate-framework/node_modules/@vue/runtime-core/dist/runtime-core.esm-bundler.js?v=2ecba151:7310
[    8677ms] [WARNING] %cssr:warn%c [Vue warn]: Failed to resolve component: v-app
If this is a native custom element, make sure to exclude it from component resolution via compilerOptions.isCustomElement. 
      background: #f39c12;
      border-radius: 0.5em;
      color: white;
      font-weight: bold;
      padding: 2px 0.5em;
      at <Auth>
at <AsyncComponentWrapper>
at <LayoutLoader>
at <NuxtLayoutProvider>
at <NuxtLayout>
at <App>
at <NuxtRoot> @ http://localhost:3007/_nuxt/@fs/home/meebuzo/github/alternate-framework/node_modules/consola/dist/browser.mjs?v=4a8aa3e1:47
[    8677ms] [WARNING] %cssr:warn%c [Vue warn]: Failed to resolve component: v-main
If this is a native custom element, make sure to exclude it from component resolution via compilerOptions.isCustomElement. 
      background: #f39c12;
      border-radius: 0.5em;
      color: white;
      font-weight: bold;
      padding: 2px 0.5em;
      at <Auth>
at <AsyncComponentWrapper>
at <LayoutLoader>
at <NuxtLayoutProvider>
at <NuxtLayout>
at <App>
at <NuxtRoot> @ http://localhost:3007/_nuxt/@fs/home/meebuzo/github/alternate-framework/node_modules/consola/dist/browser.mjs?v=4a8aa3e1:47
[    8678ms] [WARNING] %cssr:warn%c [Vue warn]: Failed to resolve component: v-icon
If this is a native custom element, make sure to exclude it from component resolution via compilerOptions.isCustomElement. 
      background: #f39c12;
      border-radius: 0.5em;
      color: white;
      font-weight: bold;
      padding: 2px 0.5em;
      at <Auth>
at <AsyncComponentWrapper>
at <LayoutLoader>
at <NuxtLayoutProvider>
at <NuxtLayout>
at <App>
at <NuxtRoot> @ http://localhost:3007/_nuxt/@fs/home/meebuzo/github/alternate-framework/node_modules/consola/dist/browser.mjs?v=4a8aa3e1:47
[    8678ms] [WARNING] %cssr:warn%c [Vue warn]: Non-function value encountered for default slot. Prefer function slots for better performance. 
      background: #f39c12;
      border-radius: 0.5em;
      color: white;
      font-weight: bold;
      padding: 2px 0.5em;
      at <Anonymous>
at <Auth>
at <AsyncComponentWrapper>
at <LayoutLoader>
at <NuxtLayoutProvider>
at <NuxtLayout>
at <App>
at <NuxtRoot> @ http://localhost:3007/_nuxt/@fs/home/meebuzo/github/alternate-framework/node_modules/consola/dist/browser.mjs?v=4a8aa3e1:47
[    8678ms] [WARNING] %cssr:warn%c [Vue warn]: Component <Anonymous> is missing template or render function. 
      background: #f39c12;
      border-radius: 0.5em;
      color: white;
      font-weight: bold;
      padding: 2px 0.5em;
      at <Anonymous>
at <Auth>
at <AsyncComponentWrapper>
at <LayoutLoader>
at <NuxtLayoutProvider>
at <NuxtLayout>
at <App>
at <NuxtRoot> @ http://localhost:3007/_nuxt/@fs/home/meebuzo/github/alternate-framework/node_modules/consola/dist/browser.mjs?v=4a8aa3e1:47
[    8678ms] [WARNING] %cssr:warn%c [nuxt] Your project has pages but `<NuxtPage />` has not been detected. Make sure you are using `<NuxtPage />` instead of `<RouterView />`, as `<RouterView />` will not work correctly in Nuxt. If `<NuxtPage />` is rendered conditionally, this warning can be triggered before it is mounted. You can set `pages: false` in `nuxt.config` if you do not wish to use the Nuxt `vue-router` integration. 
      background: #f39c12;
      border-radius: 0.5em;
      color: white;
      font-weight: bold;
      padding: 2px 0.5em;
      
  at process.processTicksAndRejections (node:internal/process/task_queues)
 @ http://localhost:3007/_nuxt/@fs/home/meebuzo/github/alternate-framework/node_modules/consola/dist/browser.mjs?v=4a8aa3e1:47
[    8698ms] [INFO] <Suspense> is an experimental feature and its API will likely change. @ http://localhost:3007/_nuxt/@fs/home/meebuzo/github/alternate-framework/node_modules/@vue/runtime-core/dist/runtime-core.esm-bundler.js?v=4a8aa3e1:7310
[    8753ms] [WARNING] [Vue warn]: Failed to resolve component: v-icon
If this is a native custom element, make sure to exclude it from component resolution via compilerOptions.isCustomElement. 
  at <Auth ref=Ref< undefined > > 
  at <AsyncComponentWrapper ref=Ref< undefined > > 
  at <LayoutLoader key="auth" layoutProps= {ref: RefImpl} name="auth" > 
  at <NuxtLayoutProvider layoutProps= {ref: RefImpl} key="auth" name="auth"  ... > 
  at <NuxtLayout > 
  at <App key=4 > 
  at <NuxtRoot> @ http://localhost:3007/_nuxt/@fs/home/meebuzo/github/alternate-framework/node_modules/@vue/runtime-core/dist/runtime-core.esm-bundler.js?v=4a8aa3e1:49
[    8754ms] [WARNING] [Vue warn]: Failed to resolve component: v-main
If this is a native custom element, make sure to exclude it from component resolution via compilerOptions.isCustomElement. 
  at <Auth ref=Ref< undefined > > 
  at <AsyncComponentWrapper ref=Ref< undefined > > 
  at <LayoutLoader key="auth" layoutProps= {ref: RefImpl} name="auth" > 
  at <NuxtLayoutProvider layoutProps= {ref: RefImpl} key="auth" name="auth"  ... > 
  at <NuxtLayout > 
  at <App key=4 > 
  at <NuxtRoot> @ http://localhost:3007/_nuxt/@fs/home/meebuzo/github/alternate-framework/node_modules/@vue/runtime-core/dist/runtime-core.esm-bundler.js?v=4a8aa3e1:49
[    8754ms] [WARNING] [Vue warn]: Failed to resolve component: v-app
If this is a native custom element, make sure to exclude it from component resolution via compilerOptions.isCustomElement. 
  at <Auth ref=Ref< undefined > > 
  at <AsyncComponentWrapper ref=Ref< undefined > > 
  at <LayoutLoader key="auth" layoutProps= {ref: RefImpl} name="auth" > 
  at <NuxtLayoutProvider layoutProps= {ref: RefImpl} key="auth" name="auth"  ... > 
  at <NuxtLayout > 
  at <App key=4 > 
  at <NuxtRoot> @ http://localhost:3007/_nuxt/@fs/home/meebuzo/github/alternate-framework/node_modules/@vue/runtime-core/dist/runtime-core.esm-bundler.js?v=4a8aa3e1:49
[    8757ms] [WARNING] [Vue warn]: Hydration node mismatch:
- rendered on server: JSHandle@node  
- expected on client: v-app 
  at <Auth ref=Ref< undefined > > 
  at <AsyncComponentWrapper ref=Ref< undefined > > 
  at <LayoutLoader key="auth" layoutProps= {ref: RefImpl} name="auth" > 
  at <NuxtLayoutProvider layoutProps= {ref: RefImpl} key="auth" name="auth"  ... > 
  at <NuxtLayout > 
  at <App key=4 > 
  at <NuxtRoot> @ http://localhost:3007/_nuxt/@fs/home/meebuzo/github/alternate-framework/node_modules/@vue/runtime-core/dist/runtime-core.esm-bundler.js?v=4a8aa3e1:49
[    8758ms] [ERROR] Hydration completed but contains mismatches. @ http://localhost:3007/_nuxt/@fs/home/meebuzo/github/alternate-framework/node_modules/@vue/runtime-core/dist/runtime-core.esm-bundler.js?v=4a8aa3e1:1890
[    8775ms] [WARNING] [Vue warn]: Failed to resolve component: v-card-title
If this is a native custom element, make sure to exclude it from component resolution via compilerOptions.isCustomElement. 
  at <Login onVnodeUnmounted=fn<onVnodeUnmounted> ref=Ref< undefined > > 
  at <RouteProvider key="/login" vnode= {__v_isVNode: true, __v_skip: true, type: Object, props: Object, key: null} route= {fullPath: /login, hash: , query: Object, name: login, path: /login}  ... > 
  at <RouterView name=undefined route=undefined > 
  at <NuxtPage > 
  at <Auth ref=Ref< undefined > > 
  at <AsyncComponentWrapper ref=Ref< undefined > > 
  at <LayoutLoader key="auth" layoutProps= {ref: RefImpl} name="auth" > 
  at <NuxtLayoutProvider layoutProps= {ref: RefImpl} key="auth" name="auth"  ... > 
  at <NuxtLayout > 
  at <App key=4 > 
  at <NuxtRoot> @ http://localhost:3007/_nuxt/@fs/home/meebuzo/github/alternate-framework/node_modules/@vue/runtime-core/dist/runtime-core.esm-bundler.js?v=4a8aa3e1:49
[    8778ms] [WARNING] [Vue warn]: Failed to resolve component: v-card-subtitle
If this is a native custom element, make sure to exclude it from component resolution via compilerOptions.isCustomElement. 
  at <Login onVnodeUnmounted=fn<onVnodeUnmounted> ref=Ref< undefined > > 
  at <RouteProvider key="/login" vnode= {__v_isVNode: true, __v_skip: true, type: Object, props: Object, key: null} route= {fullPath: /login, hash: , query: Object, name: login, path: /login}  ... > 
  at <RouterView name=undefined route=undefined > 
  at <NuxtPage > 
  at <Auth ref=Ref< undefined > > 
  at <AsyncComponentWrapper ref=Ref< undefined > > 
  at <LayoutLoader key="auth" layoutProps= {ref: RefImpl} name="auth" > 
  at <NuxtLayoutProvider layoutProps= {ref: RefImpl} key="auth" name="auth"  ... > 
  at <NuxtLayout > 
  at <App key=4 > 
  at <NuxtRoot> @ http://localhost:3007/_nuxt/@fs/home/meebuzo/github/alternate-framework/node_modules/@vue/runtime-core/dist/runtime-core.esm-bundler.js?v=4a8aa3e1:49
[    8779ms] [WARNING] [Vue warn]: Failed to resolve component: v-alert
If this is a native custom element, make sure to exclude it from component resolution via compilerOptions.isCustomElement. 
  at <Login onVnodeUnmounted=fn<onVnodeUnmounted> ref=Ref< undefined > > 
  at <RouteProvider key="/login" vnode= {__v_isVNode: true, __v_skip: true, type: Object, props: Object, key: null} route= {fullPath: /login, hash: , query: Object, name: login, path: /login}  ... > 
  at <RouterView name=undefined route=undefined > 
  at <NuxtPage > 
  at <Auth ref=Ref< undefined > > 
  at <AsyncComponentWrapper ref=Ref< undefined > > 
  at <LayoutLoader key="auth" layoutProps= {ref: RefImpl} name="auth" > 
  at <NuxtLayoutProvider layoutProps= {ref: RefImpl} key="auth" name="auth"  ... > 
  at <NuxtLayout > 
  at <App key=4 > 
  at <NuxtRoot> @ http://localhost:3007/_nuxt/@fs/home/meebuzo/github/alternate-framework/node_modules/@vue/runtime-core/dist/runtime-core.esm-bundler.js?v=4a8aa3e1:49
[    8780ms] [WARNING] [Vue warn]: Failed to resolve component: v-text-field
If this is a native custom element, make sure to exclude it from component resolution via compilerOptions.isCustomElement. 
  at <Login onVnodeUnmounted=fn<onVnodeUnmounted> ref=Ref< undefined > > 
  at <RouteProvider key="/login" vnode= {__v_isVNode: true, __v_skip: true, type: Object, props: Object, key: null} route= {fullPath: /login, hash: , query: Object, name: login, path: /login}  ... > 
  at <RouterView name=undefined route=undefined > 
  at <NuxtPage > 
  at <Auth ref=Ref< undefined > > 
  at <AsyncComponentWrapper ref=Ref< undefined > > 
  at <LayoutLoader key="auth" layoutProps= {ref: RefImpl} name="auth" > 
  at <NuxtLayoutProvider layoutProps= {ref: RefImpl} key="auth" name="auth"  ... > 
  at <NuxtLayout > 
  at <App key=4 > 
  at <NuxtRoot> @ http://localhost:3007/_nuxt/@fs/home/meebuzo/github/alternate-framework/node_modules/@vue/runtime-core/dist/runtime-core.esm-bundler.js?v=4a8aa3e1:49
[    8781ms] [WARNING] [Vue warn]: Failed to resolve component: v-checkbox
If this is a native custom element, make sure to exclude it from component resolution via compilerOptions.isCustomElement. 
  at <Login onVnodeUnmounted=fn<onVnodeUnmounted> ref=Ref< undefined > > 
  at <RouteProvider key="/login" vnode= {__v_isVNode: true, __v_skip: true, type: Object, props: Object, key: null} route= {fullPath: /login, hash: , query: Object, name: login, path: /login}  ... > 
  at <RouterView name=undefined route=undefined > 
  at <NuxtPage > 
  at <Auth ref=Ref< undefined > > 
  at <AsyncComponentWrapper ref=Ref< undefined > > 
  at <LayoutLoader key="auth" layoutProps= {ref: RefImpl} name="auth" > 
  at <NuxtLayoutProvider layoutProps= {ref: RefImpl} key="auth" name="auth"  ... > 
  at <NuxtLayout > 
  at <App key=4 > 
  at <NuxtRoot> @ http://localhost:3007/_nuxt/@fs/home/meebuzo/github/alternate-framework/node_modules/@vue/runtime-core/dist/runtime-core.esm-bundler.js?v=4a8aa3e1:49
[    8782ms] [WARNING] [Vue warn]: Failed to resolve component: v-btn
If this is a native custom element, make sure to exclude it from component resolution via compilerOptions.isCustomElement. 
  at <Login onVnodeUnmounted=fn<onVnodeUnmounted> ref=Ref< undefined > > 
  at <RouteProvider key="/login" vnode= {__v_isVNode: true, __v_skip: true, type: Object, props: Object, key: null} route= {fullPath: /login, hash: , query: Object, name: login, path: /login}  ... > 
  at <RouterView name=undefined route=undefined > 
  at <NuxtPage > 
  at <Auth ref=Ref< undefined > > 
  at <AsyncComponentWrapper ref=Ref< undefined > > 
  at <LayoutLoader key="auth" layoutProps= {ref: RefImpl} name="auth" > 
  at <NuxtLayoutProvider layoutProps= {ref: RefImpl} key="auth" name="auth"  ... > 
  at <NuxtLayout > 
  at <App key=4 > 
  at <NuxtRoot> @ http://localhost:3007/_nuxt/@fs/home/meebuzo/github/alternate-framework/node_modules/@vue/runtime-core/dist/runtime-core.esm-bundler.js?v=4a8aa3e1:49
[    8783ms] [WARNING] [Vue warn]: Failed to resolve component: v-form
If this is a native custom element, make sure to exclude it from component resolution via compilerOptions.isCustomElement. 
  at <Login onVnodeUnmounted=fn<onVnodeUnmounted> ref=Ref< undefined > > 
  at <RouteProvider key="/login" vnode= {__v_isVNode: true, __v_skip: true, type: Object, props: Object, key: null} route= {fullPath: /login, hash: , query: Object, name: login, path: /login}  ... > 
  at <RouterView name=undefined route=undefined > 
  at <NuxtPage > 
  at <Auth ref=Ref< undefined > > 
  at <AsyncComponentWrapper ref=Ref< undefined > > 
  at <LayoutLoader key="auth" layoutProps= {ref: RefImpl} name="auth" > 
  at <NuxtLayoutProvider layoutProps= {ref: RefImpl} key="auth" name="auth"  ... > 
  at <NuxtLayout > 
  at <App key=4 > 
  at <NuxtRoot> @ http://localhost:3007/_nuxt/@fs/home/meebuzo/github/alternate-framework/node_modules/@vue/runtime-core/dist/runtime-core.esm-bundler.js?v=4a8aa3e1:49
[    8785ms] [WARNING] [Vue warn]: Failed to resolve component: v-divider
If this is a native custom element, make sure to exclude it from component resolution via compilerOptions.isCustomElement. 
  at <Login onVnodeUnmounted=fn<onVnodeUnmounted> ref=Ref< undefined > > 
  at <RouteProvider key="/login" vnode= {__v_isVNode: true, __v_skip: true, type: Object, props: Object, key: null} route= {fullPath: /login, hash: , query: Object, name: login, path: /login}  ... > 
  at <RouterView name=undefined route=undefined > 
  at <NuxtPage > 
  at <Auth ref=Ref< undefined > > 
  at <AsyncComponentWrapper ref=Ref< undefined > > 
  at <LayoutLoader key="auth" layoutProps= {ref: RefImpl} name="auth" > 
  at <NuxtLayoutProvider layoutProps= {ref: RefImpl} key="auth" name="auth"  ... > 
  at <NuxtLayout > 
  at <App key=4 > 
  at <NuxtRoot> @ http://localhost:3007/_nuxt/@fs/home/meebuzo/github/alternate-framework/node_modules/@vue/runtime-core/dist/runtime-core.esm-bundler.js?v=4a8aa3e1:49
[    8786ms] [WARNING] [Vue warn]: Failed to resolve component: v-card-text
If this is a native custom element, make sure to exclude it from component resolution via compilerOptions.isCustomElement. 
  at <Login onVnodeUnmounted=fn<onVnodeUnmounted> ref=Ref< undefined > > 
  at <RouteProvider key="/login" vnode= {__v_isVNode: true, __v_skip: true, type: Object, props: Object, key: null} route= {fullPath: /login, hash: , query: Object, name: login, path: /login}  ... > 
  at <RouterView name=undefined route=undefined > 
  at <NuxtPage > 
  at <Auth ref=Ref< undefined > > 
  at <AsyncComponentWrapper ref=Ref< undefined > > 
  at <LayoutLoader key="auth" layoutProps= {ref: RefImpl} name="auth" > 
  at <NuxtLayoutProvider layoutProps= {ref: RefImpl} key="auth" name="auth"  ... > 
  at <NuxtLayout > 
  at <App key=4 > 
  at <NuxtRoot> @ http://localhost:3007/_nuxt/@fs/home/meebuzo/github/alternate-framework/node_modules/@vue/runtime-core/dist/runtime-core.esm-bundler.js?v=4a8aa3e1:49
[    8787ms] [WARNING] [Vue warn]: Failed to resolve component: v-card
If this is a native custom element, make sure to exclude it from component resolution via compilerOptions.isCustomElement. 
  at <Login onVnodeUnmounted=fn<onVnodeUnmounted> ref=Ref< undefined > > 
  at <RouteProvider key="/login" vnode= {__v_isVNode: true, __v_skip: true, type: Object, props: Object, key: null} route= {fullPath: /login, hash: , query: Object, name: login, path: /login}  ... > 
  at <RouterView name=undefined route=undefined > 
  at <NuxtPage > 
  at <Auth ref=Ref< undefined > > 
  at <AsyncComponentWrapper ref=Ref< undefined > > 
  at <LayoutLoader key="auth" layoutProps= {ref: RefImpl} name="auth" > 
  at <NuxtLayoutProvider layoutProps= {ref: RefImpl} key="auth" name="auth"  ... > 
  at <NuxtLayout > 
  at <App key=4 > 
  at <NuxtRoot> @ http://localhost:3007/_nuxt/@fs/home/meebuzo/github/alternate-framework/node_modules/@vue/runtime-core/dist/runtime-core.esm-bundler.js?v=4a8aa3e1:49
[    8828ms] [WARNING] [Vue warn]: Failed to resolve component: v-card-title
If this is a native custom element, make sure to exclude it from component resolution via compilerOptions.isCustomElement. 
  at <Login onVnodeUnmounted=fn<onVnodeUnmounted> ref=Ref< Proxy(Object) > > 
  at <RouteProvider key="/login" vnode= {__v_isVNode: true, __v_skip: true, type: Object, props: Object, key: null} route= {fullPath: /login, hash: , query: Object, name: login, path: /login}  ... > 
  at <RouterView name=undefined route=undefined > 
  at <NuxtPage > 
  at <Auth ref=Ref< Proxy(Object) > > 
  at <AsyncComponentWrapper ref=Ref< Proxy(Object) > > 
  at <LayoutLoader key="auth" layoutProps= {ref: RefImpl} name="auth" > 
  at <NuxtLayoutProvider layoutProps= {ref: RefImpl} key="auth" name="auth"  ... > 
  at <NuxtLayout > 
  at <App key=4 > 
  at <NuxtRoot> @ http://localhost:3007/_nuxt/@fs/home/meebuzo/github/alternate-framework/node_modules/@vue/runtime-core/dist/runtime-core.esm-bundler.js?v=4a8aa3e1:49
[    8831ms] [WARNING] [Vue warn]: Failed to resolve component: v-card-subtitle
If this is a native custom element, make sure to exclude it from component resolution via compilerOptions.isCustomElement. 
  at <Login onVnodeUnmounted=fn<onVnodeUnmounted> ref=Ref< Proxy(Object) > > 
  at <RouteProvider key="/login" vnode= {__v_isVNode: true, __v_skip: true, type: Object, props: Object, key: null} route= {fullPath: /login, hash: , query: Object, name: login, path: /login}  ... > 
  at <RouterView name=undefined route=undefined > 
  at <NuxtPage > 
  at <Auth ref=Ref< Proxy(Object) > > 
  at <AsyncComponentWrapper ref=Ref< Proxy(Object) > > 
  at <LayoutLoader key="auth" layoutProps= {ref: RefImpl} name="auth" > 
  at <NuxtLayoutProvider layoutProps= {ref: RefImpl} key="auth" name="auth"  ... > 
  at <NuxtLayout > 
  at <App key=4 > 
  at <NuxtRoot> @ http://localhost:3007/_nuxt/@fs/home/meebuzo/github/alternate-framework/node_modules/@vue/runtime-core/dist/runtime-core.esm-bundler.js?v=4a8aa3e1:49
[    8832ms] [WARNING] [Vue warn]: Failed to resolve component: v-alert
If this is a native custom element, make sure to exclude it from component resolution via compilerOptions.isCustomElement. 
  at <Login onVnodeUnmounted=fn<onVnodeUnmounted> ref=Ref< Proxy(Object) > > 
  at <RouteProvider key="/login" vnode= {__v_isVNode: true, __v_skip: true, type: Object, props: Object, key: null} route= {fullPath: /login, hash: , query: Object, name: login, path: /login}  ... > 
  at <RouterView name=undefined route=undefined > 
  at <NuxtPage > 
  at <Auth ref=Ref< Proxy(Object) > > 
  at <AsyncComponentWrapper ref=Ref< Proxy(Object) > > 
  at <LayoutLoader key="auth" layoutProps= {ref: RefImpl} name="auth" > 
  at <NuxtLayoutProvider layoutProps= {ref: RefImpl} key="auth" name="auth"  ... > 
  at <NuxtLayout > 
  at <App key=4 > 
  at <NuxtRoot> @ http://localhost:3007/_nuxt/@fs/home/meebuzo/github/alternate-framework/node_modules/@vue/runtime-core/dist/runtime-core.esm-bundler.js?v=4a8aa3e1:49
[    8834ms] [WARNING] [Vue warn]: Failed to resolve component: v-text-field
If this is a native custom element, make sure to exclude it from component resolution via compilerOptions.isCustomElement. 
  at <Login onVnodeUnmounted=fn<onVnodeUnmounted> ref=Ref< Proxy(Object) > > 
  at <RouteProvider key="/login" vnode= {__v_isVNode: true, __v_skip: true, type: Object, props: Object, key: null} route= {fullPath: /login, hash: , query: Object, name: login, path: /login}  ... > 
  at <RouterView name=undefined route=undefined > 
  at <NuxtPage > 
  at <Auth ref=Ref< Proxy(Object) > > 
  at <AsyncComponentWrapper ref=Ref< Proxy(Object) > > 
  at <LayoutLoader key="auth" layoutProps= {ref: RefImpl} name="auth" > 
  at <NuxtLayoutProvider layoutProps= {ref: RefImpl} key="auth" name="auth"  ... > 
  at <NuxtLayout > 
  at <App key=4 > 
  at <NuxtRoot> @ http://localhost:3007/_nuxt/@fs/home/meebuzo/github/alternate-framework/node_modules/@vue/runtime-core/dist/runtime-core.esm-bundler.js?v=4a8aa3e1:49
[    8835ms] [WARNING] [Vue warn]: Failed to resolve component: v-checkbox
If this is a native custom element, make sure to exclude it from component resolution via compilerOptions.isCustomElement. 
  at <Login onVnodeUnmounted=fn<onVnodeUnmounted> ref=Ref< Proxy(Object) > > 
  at <RouteProvider key="/login" vnode= {__v_isVNode: true, __v_skip: true, type: Object, props: Object, key: null} route= {fullPath: /login, hash: , query: Object, name: login, path: /login}  ... > 
  at <RouterView name=undefined route=undefined > 
  at <NuxtPage > 
  at <Auth ref=Ref< Proxy(Object) > > 
  at <AsyncComponentWrapper ref=Ref< Proxy(Object) > > 
  at <LayoutLoader key="auth" layoutProps= {ref: RefImpl} name="auth" > 
  at <NuxtLayoutProvider layoutProps= {ref: RefImpl} key="auth" name="auth"  ... > 
  at <NuxtLayout > 
  at <App key=4 > 
  at <NuxtRoot> @ http://localhost:3007/_nuxt/@fs/home/meebuzo/github/alternate-framework/node_modules/@vue/runtime-core/dist/runtime-core.esm-bundler.js?v=4a8aa3e1:49
[    8838ms] [WARNING] [Vue warn]: Failed to resolve component: v-btn
If this is a native custom element, make sure to exclude it from component resolution via compilerOptions.isCustomElement. 
  at <Login onVnodeUnmounted=fn<onVnodeUnmounted> ref=Ref< Proxy(Object) > > 
  at <RouteProvider key="/login" vnode= {__v_isVNode: true, __v_skip: true, type: Object, props: Object, key: null} route= {fullPath: /login, hash: , query: Object, name: login, path: /login}  ... > 
  at <RouterView name=undefined route=undefined > 
  at <NuxtPage > 
  at <Auth ref=Ref< Proxy(Object) > > 
  at <AsyncComponentWrapper ref=Ref< Proxy(Object) > > 
  at <LayoutLoader key="auth" layoutProps= {ref: RefImpl} name="auth" > 
  at <NuxtLayoutProvider layoutProps= {ref: RefImpl} key="auth" name="auth"  ... > 
  at <NuxtLayout > 
  at <App key=4 > 
  at <NuxtRoot> @ http://localhost:3007/_nuxt/@fs/home/meebuzo/github/alternate-framework/node_modules/@vue/runtime-core/dist/runtime-core.esm-bundler.js?v=4a8aa3e1:49
[    8839ms] [WARNING] [Vue warn]: Failed to resolve component: v-form
If this is a native custom element, make sure to exclude it from component resolution via compilerOptions.isCustomElement. 
  at <Login onVnodeUnmounted=fn<onVnodeUnmounted> ref=Ref< Proxy(Object) > > 
  at <RouteProvider key="/login" vnode= {__v_isVNode: true, __v_skip: true, type: Object, props: Object, key: null} route= {fullPath: /login, hash: , query: Object, name: login, path: /login}  ... > 
  at <RouterView name=undefined route=undefined > 
  at <NuxtPage > 
  at <Auth ref=Ref< Proxy(Object) > > 
  at <AsyncComponentWrapper ref=Ref< Proxy(Object) > > 
  at <LayoutLoader key="auth" layoutProps= {ref: RefImpl} name="auth" > 
  at <NuxtLayoutProvider layoutProps= {ref: RefImpl} key="auth" name="auth"  ... > 
  at <NuxtLayout > 
  at <App key=4 > 
  at <NuxtRoot> @ http://localhost:3007/_nuxt/@fs/home/meebuzo/github/alternate-framework/node_modules/@vue/runtime-core/dist/runtime-core.esm-bundler.js?v=4a8aa3e1:49
[    8840ms] [WARNING] [Vue warn]: Failed to resolve component: v-divider
If this is a native custom element, make sure to exclude it from component resolution via compilerOptions.isCustomElement. 
  at <Login onVnodeUnmounted=fn<onVnodeUnmounted> ref=Ref< Proxy(Object) > > 
  at <RouteProvider key="/login" vnode= {__v_isVNode: true, __v_skip: true, type: Object, props: Object, key: null} route= {fullPath: /login, hash: , query: Object, name: login, path: /login}  ... > 
  at <RouterView name=undefined route=undefined > 
  at <NuxtPage > 
  at <Auth ref=Ref< Proxy(Object) > > 
  at <AsyncComponentWrapper ref=Ref< Proxy(Object) > > 
  at <LayoutLoader key="auth" layoutProps= {ref: RefImpl} name="auth" > 
  at <NuxtLayoutProvider layoutProps= {ref: RefImpl} key="auth" name="auth"  ... > 
  at <NuxtLayout > 
  at <App key=4 > 
  at <NuxtRoot> @ http://localhost:3007/_nuxt/@fs/home/meebuzo/github/alternate-framework/node_modules/@vue/runtime-core/dist/runtime-core.esm-bundler.js?v=4a8aa3e1:49
[    8841ms] [WARNING] [Vue warn]: Failed to resolve component: v-card-text
If this is a native custom element, make sure to exclude it from component resolution via compilerOptions.isCustomElement. 
  at <Login onVnodeUnmounted=fn<onVnodeUnmounted> ref=Ref< Proxy(Object) > > 
  at <RouteProvider key="/login" vnode= {__v_isVNode: true, __v_skip: true, type: Object, props: Object, key: null} route= {fullPath: /login, hash: , query: Object, name: login, path: /login}  ... > 
  at <RouterView name=undefined route=undefined > 
  at <NuxtPage > 
  at <Auth ref=Ref< Proxy(Object) > > 
  at <AsyncComponentWrapper ref=Ref< Proxy(Object) > > 
  at <LayoutLoader key="auth" layoutProps= {ref: RefImpl} name="auth" > 
  at <NuxtLayoutProvider layoutProps= {ref: RefImpl} key="auth" name="auth"  ... > 
  at <NuxtLayout > 
  at <App key=4 > 
  at <NuxtRoot> @ http://localhost:3007/_nuxt/@fs/home/meebuzo/github/alternate-framework/node_modules/@vue/runtime-core/dist/runtime-core.esm-bundler.js?v=4a8aa3e1:49
[    8842ms] [WARNING] [Vue warn]: Failed to resolve component: v-card
If this is a native custom element, make sure to exclude it from component resolution via compilerOptions.isCustomElement. 
  at <Login onVnodeUnmounted=fn<onVnodeUnmounted> ref=Ref< Proxy(Object) > > 
  at <RouteProvider key="/login" vnode= {__v_isVNode: true, __v_skip: true, type: Object, props: Object, key: null} route= {fullPath: /login, hash: , query: Object, name: login, path: /login}  ... > 
  at <RouterView name=undefined route=undefined > 
  at <NuxtPage > 
  at <Auth ref=Ref< Proxy(Object) > > 
  at <AsyncComponentWrapper ref=Ref< Proxy(Object) > > 
  at <LayoutLoader key="auth" layoutProps= {ref: RefImpl} name="auth" > 
  at <NuxtLayoutProvider layoutProps= {ref: RefImpl} key="auth" name="auth"  ... > 
  at <NuxtLayout > 
  at <App key=4 > 
  at <NuxtRoot> @ http://localhost:3007/_nuxt/@fs/home/meebuzo/github/alternate-framework/node_modules/@vue/runtime-core/dist/runtime-core.esm-bundler.js?v=4a8aa3e1:49
[    8954ms] [LOG] ✨ %cNuxt DevTools %c Press Shift + Alt + D to open DevTools color: black; border-radius: 3px 0 0 3px; padding: 2px 2px 1px 10px; background: #00DC82 border-radius: 0 3px 3px 0; padding: 2px 10px 1px 2px; background: #00DC8220  @ http://localhost:3007/_nuxt/@fs/home/meebuzo/github/alternate-framework/node_modules/@nuxt/devtools/dist/runtime/plugins/devtools.client.js?v=4a8aa3e1:51
