[     731ms] [ERROR] Failed to load resource: the server responded with a status of 500 (Vite Error) @ http://localhost:3026/forgot-password:0
[    1027ms] [WARNING] An iframe which has both allow-scripts and allow-same-origin for its sandbox attribute can escape its sandboxing. @ http://localhost:3026/forgot-password:478
[    1407ms] [ERROR] Failed to load resource: the server responded with a status of 404 (Not Found) @ http://localhost:3026/_nuxt/pages/forgot-password.vue:0
[    1411ms] [WARNING] [Vue Router warn]: uncaught error during route navigation: @ http://localhost:3026/_nuxt/@fs/home/meebuzo/github/alternate-framework/node_modules/nuxt/node_modules/vue-router/dist/devtools-DCoWQoU_.js?v=2a62b14c:10
[    1412ms] [ERROR] TypeError: Failed to fetch dynamically imported module: http://localhost:3026/_nuxt/pages/forgot-password.vue @ http://localhost:3026/_nuxt/@fs/home/meebuzo/github/alternate-framework/node_modules/nuxt/node_modules/vue-router/dist/vue-router.js:1213
[    1413ms] [ERROR] [nuxt] error caught during app initialization H3Error: Failed to fetch dynamically imported module: http://localhost:3026/_nuxt/pages/forgot-password.vue @ http://localhost:3026/_nuxt/@fs/home/meebuzo/github/alternate-framework/node_modules/nuxt/dist/app/nuxt.js?v=2a62b14c:126
[    1414ms] [WARNING] [Vue Router warn]: Unexpected error when starting the router: TypeError: Failed to fetch dynamically imported module: http://localhost:3026/_nuxt/pages/forgot-password.vue @ http://localhost:3026/_nuxt/@fs/home/meebuzo/github/alternate-framework/node_modules/nuxt/node_modules/vue-router/dist/devtools-DCoWQoU_.js?v=2a62b14c:10
[    1446ms] [ERROR] [nuxt] error caught during app initialization H3Error: Failed to fetch dynamically imported module: http://localhost:3026/_nuxt/pages/forgot-password.vue @ http://localhost:3026/_nuxt/@fs/home/meebuzo/github/alternate-framework/node_modules/nuxt/dist/app/nuxt.js?v=2a62b14c:126
[    1449ms] [INFO] <Suspense> is an experimental feature and its API will likely change. @ http://localhost:3026/_nuxt/@fs/home/meebuzo/github/alternate-framework/node_modules/@vue/runtime-core/dist/runtime-core.esm-bundler.js?v=2a62b14c:7310
[    1512ms] [LOG] ✨ %cNuxt DevTools %c Press Shift + Alt + D to open DevTools color: black; border-radius: 3px 0 0 3px; padding: 2px 2px 1px 10px; background: #00DC82 border-radius: 0 3px 3px 0; padding: 2px 10px 1px 2px; background: #00DC8220  @ http://localhost:3026/_nuxt/@fs/home/meebuzo/github/alternate-framework/node_modules/@nuxt/devtools/dist/runtime/plugins/devtools.client.js?v=2a62b14c:51
[    2473ms] [ERROR] Failed to load resource: the server responded with a status of 500 (Vite Error) @ http://localhost:3026/forgot-password:0
[    2667ms] [WARNING] An iframe which has both allow-scripts and allow-same-origin for its sandbox attribute can escape its sandboxing. @ http://localhost:3026/forgot-password:478
[    4710ms] [ERROR] Failed to load resource: the server responded with a status of 404 (Not Found) @ http://localhost:3026/_nuxt/pages/forgot-password.vue:0
[    4714ms] [WARNING] [Vue Router warn]: uncaught error during route navigation: @ http://localhost:3026/_nuxt/@fs/home/meebuzo/github/alternate-framework/node_modules/nuxt/node_modules/vue-router/dist/devtools-DCoWQoU_.js?v=16ee93cb:10
[    4714ms] [ERROR] TypeError: Failed to fetch dynamically imported module: http://localhost:3026/_nuxt/pages/forgot-password.vue @ http://localhost:3026/_nuxt/@fs/home/meebuzo/github/alternate-framework/node_modules/nuxt/node_modules/vue-router/dist/vue-router.js:1213
[    4721ms] [ERROR] [nuxt] error caught during app initialization H3Error: Failed to fetch dynamically imported module: http://localhost:3026/_nuxt/pages/forgot-password.vue @ http://localhost:3026/_nuxt/@fs/home/meebuzo/github/alternate-framework/node_modules/nuxt/dist/app/nuxt.js?v=16ee93cb:126
[    4723ms] [WARNING] [Vue Router warn]: Unexpected error when starting the router: TypeError: Failed to fetch dynamically imported module: http://localhost:3026/_nuxt/pages/forgot-password.vue @ http://localhost:3026/_nuxt/@fs/home/meebuzo/github/alternate-framework/node_modules/nuxt/node_modules/vue-router/dist/devtools-DCoWQoU_.js?v=16ee93cb:10
[    4737ms] [ERROR] [nuxt] error caught during app initialization H3Error: Failed to fetch dynamically imported module: http://localhost:3026/_nuxt/pages/forgot-password.vue @ http://localhost:3026/_nuxt/@fs/home/meebuzo/github/alternate-framework/node_modules/nuxt/dist/app/nuxt.js?v=16ee93cb:126
[    4746ms] [INFO] <Suspense> is an experimental feature and its API will likely change. @ http://localhost:3026/_nuxt/@fs/home/meebuzo/github/alternate-framework/node_modules/@vue/runtime-core/dist/runtime-core.esm-bundler.js?v=16ee93cb:7310
[    5279ms] [LOG] ✨ %cNuxt DevTools %c Press Shift + Alt + D to open DevTools color: black; border-radius: 3px 0 0 3px; padding: 2px 2px 1px 10px; background: #00DC82 border-radius: 0 3px 3px 0; padding: 2px 10px 1px 2px; background: #00DC8220  @ http://localhost:3026/_nuxt/@fs/home/meebuzo/github/alternate-framework/node_modules/@nuxt/devtools/dist/runtime/plugins/devtools.client.js?v=16ee93cb:51
