[    8336ms] [WARNING] Invalid original font size for element: JSHandle@node @ https://cdn-cookieyes.com/widgets/accessibility.js?id=39a5baae-e2fd-4b95-8f39-ffeca39a37da:4
[    8337ms] [WARNING] Invalid original font size for element: JSHandle@node @ https://cdn-cookieyes.com/widgets/accessibility.js?id=39a5baae-e2fd-4b95-8f39-ffeca39a37da:4
[    8338ms] [WARNING] Invalid original font size for element: JSHandle@node @ https://cdn-cookieyes.com/widgets/accessibility.js?id=39a5baae-e2fd-4b95-8f39-ffeca39a37da:4
[    8342ms] [WARNING] Invalid original font size for element: JSHandle@node @ https://cdn-cookieyes.com/widgets/accessibility.js?id=39a5baae-e2fd-4b95-8f39-ffeca39a37da:4
[    8363ms] [WARNING] Invalid original font size for element: JSHandle@node @ https://cdn-cookieyes.com/widgets/accessibility.js?id=39a5baae-e2fd-4b95-8f39-ffeca39a37da:4
[    8364ms] [WARNING] Invalid original font size for element: JSHandle@node @ https://cdn-cookieyes.com/widgets/accessibility.js?id=39a5baae-e2fd-4b95-8f39-ffeca39a37da:4
[    8367ms] [WARNING] Invalid original font size for element: JSHandle@node @ https://cdn-cookieyes.com/widgets/accessibility.js?id=39a5baae-e2fd-4b95-8f39-ffeca39a37da:4
[    8369ms] [WARNING] Invalid original font size for element: JSHandle@node @ https://cdn-cookieyes.com/widgets/accessibility.js?id=39a5baae-e2fd-4b95-8f39-ffeca39a37da:4
[    8391ms] [WARNING] Invalid original font size for element: JSHandle@node @ https://cdn-cookieyes.com/widgets/accessibility.js?id=39a5baae-e2fd-4b95-8f39-ffeca39a37da:4
[    8392ms] [WARNING] Invalid original font size for element: JSHandle@node @ https://cdn-cookieyes.com/widgets/accessibility.js?id=39a5baae-e2fd-4b95-8f39-ffeca39a37da:4
[    8393ms] [WARNING] Invalid original font size for element: JSHandle@node @ https://cdn-cookieyes.com/widgets/accessibility.js?id=39a5baae-e2fd-4b95-8f39-ffeca39a37da:4
[    8394ms] [WARNING] Invalid original font size for element: JSHandle@node @ https://cdn-cookieyes.com/widgets/accessibility.js?id=39a5baae-e2fd-4b95-8f39-ffeca39a37da:4
[    8399ms] [WARNING] Invalid original font size for element: JSHandle@node @ https://cdn-cookieyes.com/widgets/accessibility.js?id=39a5baae-e2fd-4b95-8f39-ffeca39a37da:4
[    8400ms] [WARNING] Invalid original font size for element: JSHandle@node @ https://cdn-cookieyes.com/widgets/accessibility.js?id=39a5baae-e2fd-4b95-8f39-ffeca39a37da:4
[    8401ms] [WARNING] Invalid original font size for element: JSHandle@node @ https://cdn-cookieyes.com/widgets/accessibility.js?id=39a5baae-e2fd-4b95-8f39-ffeca39a37da:4
[    8401ms] [WARNING] Invalid original font size for element: JSHandle@node @ https://cdn-cookieyes.com/widgets/accessibility.js?id=39a5baae-e2fd-4b95-8f39-ffeca39a37da:4
[   25218ms] [WARNING] Invalid original font size for element: JSHandle@node @ https://cdn-cookieyes.com/widgets/accessibility.js?id=39a5baae-e2fd-4b95-8f39-ffeca39a37da:4
[   25219ms] [WARNING] Invalid original font size for element: JSHandle@node @ https://cdn-cookieyes.com/widgets/accessibility.js?id=39a5baae-e2fd-4b95-8f39-ffeca39a37da:4
[   25220ms] [WARNING] Invalid original font size for element: JSHandle@node @ https://cdn-cookieyes.com/widgets/accessibility.js?id=39a5baae-e2fd-4b95-8f39-ffeca39a37da:4
[   25224ms] [WARNING] Invalid original font size for element: JSHandle@node @ https://cdn-cookieyes.com/widgets/accessibility.js?id=39a5baae-e2fd-4b95-8f39-ffeca39a37da:4
[   25244ms] [WARNING] Invalid original font size for element: JSHandle@node @ https://cdn-cookieyes.com/widgets/accessibility.js?id=39a5baae-e2fd-4b95-8f39-ffeca39a37da:4
[   25245ms] [WARNING] Invalid original font size for element: JSHandle@node @ https://cdn-cookieyes.com/widgets/accessibility.js?id=39a5baae-e2fd-4b95-8f39-ffeca39a37da:4
[   25247ms] [WARNING] Invalid original font size for element: JSHandle@node @ https://cdn-cookieyes.com/widgets/accessibility.js?id=39a5baae-e2fd-4b95-8f39-ffeca39a37da:4
[   25248ms] [WARNING] Invalid original font size for element: JSHandle@node @ https://cdn-cookieyes.com/widgets/accessibility.js?id=39a5baae-e2fd-4b95-8f39-ffeca39a37da:4
[   25269ms] [WARNING] Invalid original font size for element: JSHandle@node @ https://cdn-cookieyes.com/widgets/accessibility.js?id=39a5baae-e2fd-4b95-8f39-ffeca39a37da:4
[   25270ms] [WARNING] Invalid original font size for element: JSHandle@node @ https://cdn-cookieyes.com/widgets/accessibility.js?id=39a5baae-e2fd-4b95-8f39-ffeca39a37da:4
[   25270ms] [WARNING] Invalid original font size for element: JSHandle@node @ https://cdn-cookieyes.com/widgets/accessibility.js?id=39a5baae-e2fd-4b95-8f39-ffeca39a37da:4
[   25271ms] [WARNING] Invalid original font size for element: JSHandle@node @ https://cdn-cookieyes.com/widgets/accessibility.js?id=39a5baae-e2fd-4b95-8f39-ffeca39a37da:4
[   25275ms] [WARNING] Invalid original font size for element: JSHandle@node @ https://cdn-cookieyes.com/widgets/accessibility.js?id=39a5baae-e2fd-4b95-8f39-ffeca39a37da:4
[   25275ms] [WARNING] Invalid original font size for element: JSHandle@node @ https://cdn-cookieyes.com/widgets/accessibility.js?id=39a5baae-e2fd-4b95-8f39-ffeca39a37da:4
[   25276ms] [WARNING] Invalid original font size for element: JSHandle@node @ https://cdn-cookieyes.com/widgets/accessibility.js?id=39a5baae-e2fd-4b95-8f39-ffeca39a37da:4
[   25276ms] [WARNING] Invalid original font size for element: JSHandle@node @ https://cdn-cookieyes.com/widgets/accessibility.js?id=39a5baae-e2fd-4b95-8f39-ffeca39a37da:4
[   39075ms] [LOG] %cssr:success%c Vite server hmr 37 files 
      background: #2ecc71;
      border-radius: 0.5em;
      color: white;
      font-weight: bold;
      padding: 2px 0.5em;
      in 137.622ms 
  at vite_node_entry_default (/home/meebuzo/github/alternate-framework/node_modules/@nuxt/vite-builder/dist/vite-node-entry.mjs)
  at process.processTicksAndRejections (node:internal/process/task_queues)
  at async Object.renderToString (/home/meebuzo/github/alternate-framework/node_modules/vue-bundle-renderer/dist/runtime.mjs)
 @ http://127.0.0.1:3002/_nuxt/@fs/home/meebuzo/github/alternate-framework/node_modules/consola/dist/browser.mjs?v=ec17791e:47
[   40426ms] [LOG] ✨ %cNuxt DevTools %c Press Shift + Alt + D to open DevTools color: black; border-radius: 3px 0 0 3px; padding: 2px 2px 1px 10px; background: #00DC82 border-radius: 0 3px 3px 0; padding: 2px 10px 1px 2px; background: #00DC8220  @ http://127.0.0.1:3002/_nuxt/@fs/home/meebuzo/github/alternate-framework/node_modules/@sentry/core/build/esm/instrument/console.js?v=ec17791e:44
[   40567ms] [INFO] <Suspense> is an experimental feature and its API will likely change. @ http://127.0.0.1:3002/_nuxt/@fs/home/meebuzo/github/alternate-framework/node_modules/@sentry/core/build/esm/instrument/console.js?v=ec17791e:44
[   41770ms] [ERROR] Connecting to 'https://o996770.ingest.us.sentry.io/api/5955273/envelope/?sentry_version=7&sentry_key=df1b90fab7c44ce8aef097a63b468d61&sentry_client=sentry.javascript.nuxt%2F10.70.0' violates the following Content Security Policy directive: "connect-src 'self' https://*.mux.com https://cms.meeovicms.com". The action has been blocked. @ http://127.0.0.1:3002/_nuxt/@fs/home/meebuzo/github/alternate-framework/node_modules/@sentry/browser/build/npm/esm/dev/transports/fetch.js?v=ec17791e:31
[   41771ms] [ERROR] Fetch API cannot load https://o996770.ingest.us.sentry.io/api/5955273/envelope/?sentry_version=7&sentry_key=df1b90fab7c44ce8aef097a63b468d61&sentry_client=sentry.javascript.nuxt%2F10.70.0. Refused to connect because it violates the document's Content Security Policy. @ http://127.0.0.1:3002/_nuxt/@fs/home/meebuzo/github/alternate-framework/node_modules/@sentry/browser/build/npm/esm/dev/transports/fetch.js?v=ec17791e:31
[   43178ms] [WARNING] [Vue warn]: Slot "default" invoked outside of the render function: this will not track dependencies used in the slot. Invoke the slot function inside the render function instead. 
  at <VDefaultsProvider key="content-defaults" disabled=false defaults= {VIcon: Object} > 
  at <VBtn href="/" icon="fas fa-home" > 
  at <VBottomNavigation modelValue=undefined onUpdate:modelValue=fn bg-color="color"  ... > 
  at <VLayout id="mobileNav" style= {height: 56px} > 
  at <MenusMobileNav> 
  at <VResponsive class="border rounded" > 
  at <Default ref=Ref< undefined > > 
  at <AsyncComponentWrapper ref=Ref< undefined > > 
  at <LayoutLoader key="default" layoutProps= {ref: RefImpl} name="default" > 
  at <NuxtLayoutProvider layoutProps= {ref: RefImpl} key="default" name="default"  ... > 
  at <NuxtLayout > 
  at <App key=4 > 
  at <NuxtRoot> @ http://127.0.0.1:3002/_nuxt/@vite/client:528
[   43183ms] [WARNING] [Vue warn]: Slot "default" invoked outside of the render function: this will not track dependencies used in the slot. Invoke the slot function inside the render function instead. 
  at <VDefaultsProvider key="content-defaults" disabled=true defaults= {VIcon: Object} > 
  at <VBtn href="/u/" > 
  at <VBottomNavigation modelValue=undefined onUpdate:modelValue=fn bg-color="color"  ... > 
  at <VLayout id="mobileNav" style= {height: 56px} > 
  at <MenusMobileNav> 
  at <VResponsive class="border rounded" > 
  at <Default ref=Ref< undefined > > 
  at <AsyncComponentWrapper ref=Ref< undefined > > 
  at <LayoutLoader key="default" layoutProps= {ref: RefImpl} name="default" > 
  at <NuxtLayoutProvider layoutProps= {ref: RefImpl} key="default" name="default"  ... > 
  at <NuxtLayout > 
  at <App key=4 > 
  at <NuxtRoot> @ http://127.0.0.1:3002/_nuxt/@vite/client:528
[   43190ms] [WARNING] [Vue warn]: Slot "default" invoked outside of the render function: this will not track dependencies used in the slot. Invoke the slot function inside the render function instead. 
  at <VDefaultsProvider key="content-defaults" disabled=true defaults= {VIcon: Object} > 
  at <VBtn href="/checkout" > 
  at <VBottomNavigation modelValue=undefined onUpdate:modelValue=fn bg-color="color"  ... > 
  at <VLayout id="mobileNav" style= {height: 56px} > 
  at <MenusMobileNav> 
  at <VResponsive class="border rounded" > 
  at <Default ref=Ref< undefined > > 
  at <AsyncComponentWrapper ref=Ref< undefined > > 
  at <LayoutLoader key="default" layoutProps= {ref: RefImpl} name="default" > 
  at <NuxtLayoutProvider layoutProps= {ref: RefImpl} key="default" name="default"  ... > 
  at <NuxtLayout > 
  at <App key=4 > 
  at <NuxtRoot> @ http://127.0.0.1:3002/_nuxt/@vite/client:528
[   43194ms] [WARNING] [Vue warn]: Slot "default" invoked outside of the render function: this will not track dependencies used in the slot. Invoke the slot function inside the render function instead. 
  at <VDefaultsProvider key="content-defaults" disabled=true defaults= {VIcon: Object} > 
  at <VBtn href="/menu-page/" > 
  at <VBottomNavigation modelValue=undefined onUpdate:modelValue=fn bg-color="color"  ... > 
  at <VLayout id="mobileNav" style= {height: 56px} > 
  at <MenusMobileNav> 
  at <VResponsive class="border rounded" > 
  at <Default ref=Ref< undefined > > 
  at <AsyncComponentWrapper ref=Ref< undefined > > 
  at <LayoutLoader key="default" layoutProps= {ref: RefImpl} name="default" > 
  at <NuxtLayoutProvider layoutProps= {ref: RefImpl} key="default" name="default"  ... > 
  at <NuxtLayout > 
  at <App key=4 > 
  at <NuxtRoot> @ http://127.0.0.1:3002/_nuxt/@vite/client:528
[   43198ms] [WARNING] [Vue warn]: Slot "default" invoked outside of the render function: this will not track dependencies used in the slot. Invoke the slot function inside the render function instead. 
  at <VDefaultsProvider key="content-defaults" disabled=true defaults= {VIcon: Object} > 
  at <VBtn href="/notifications" > 
  at <VBottomNavigation modelValue=undefined onUpdate:modelValue=fn bg-color="color"  ... > 
  at <VLayout id="mobileNav" style= {height: 56px} > 
  at <MenusMobileNav> 
  at <VResponsive class="border rounded" > 
  at <Default ref=Ref< undefined > > 
  at <AsyncComponentWrapper ref=Ref< undefined > > 
  at <LayoutLoader key="default" layoutProps= {ref: RefImpl} name="default" > 
  at <NuxtLayoutProvider layoutProps= {ref: RefImpl} key="default" name="default"  ... > 
  at <NuxtLayout > 
  at <App key=4 > 
  at <NuxtRoot> @ http://127.0.0.1:3002/_nuxt/@vite/client:528
[   43233ms] [WARNING] [nuxt] [image] Density values above `2` are not recommended. See https://observablehq.com/@eeeps/visual-acuity-and-device-pixel-ratio. @ http://127.0.0.1:3002/_nuxt/@vite/client:528
[   44150ms] [WARNING] [Vue warn]: Hydration children mismatch on JSHandle@node 
Server rendered element contains more child nodes than client vdom. 
  at <ContentHomepageAtaglance > 
  at <Index onVnodeUnmounted=fn<onVnodeUnmounted> ref=Ref< undefined > > 
  at <RouteProvider key="/" vnode= {__v_isVNode: true, __v_skip: true, type: Object, props: Object, key: null} route= {fullPath: /, hash: , query: Object, name: index___en, path: /}  ... > 
  at <RouterView name=undefined route=undefined > 
  at <NuxtPage > 
  at <VMain> 
  at <VApp theme="light" class="auto-text" > 
  at <VResponsive class="border rounded" > 
  at <Default ref=Ref< undefined > > 
  at <AsyncComponentWrapper ref=Ref< undefined > > 
  at <LayoutLoader key="default" layoutProps= {ref: RefImpl} name="default" > 
  at <NuxtLayoutProvider layoutProps= {ref: RefImpl} key="default" name="default"  ... > 
  at <NuxtLayout > 
  at <App key=4 > 
  at <NuxtRoot> @ http://127.0.0.1:3002/_nuxt/@vite/client:528
[   44306ms] [ERROR] Hydration completed but contains mismatches. @ http://127.0.0.1:3002/_nuxt/@vite/client:528
[   44560ms] [WARNING] [Vue warn]: Hydration children mismatch on JSHandle@node 
Server rendered element contains more child nodes than client vdom. 
  at <ContentHomepageAtaglance > 
  at <Index onVnodeUnmounted=fn<onVnodeUnmounted> ref=Ref< undefined > > 
  at <RouteProvider key="/" vnode= {__v_isVNode: true, __v_skip: true, type: Object, props: Object, key: null} route= {fullPath: /, hash: , query: Object, name: index___en, path: /}  ... > 
  at <RouterView name=undefined route=undefined > 
  at <NuxtPage > 
  at <VMain> 
  at <VApp theme="light" class="auto-text" > 
  at <VResponsive class="border rounded" > 
  at <Default ref=Ref< undefined > > 
  at <AsyncComponentWrapper ref=Ref< undefined > > 
  at <LayoutLoader key="default" layoutProps= {ref: RefImpl} name="default" > 
  at <NuxtLayoutProvider layoutProps= {ref: RefImpl} key="default" name="default"  ... > 
  at <NuxtLayout > 
  at <App key=4 > 
  at <NuxtRoot> @ http://127.0.0.1:3002/_nuxt/@vite/client:528
[   44901ms] [WARNING] [Vue warn]: Hydration children mismatch on JSHandle@node 
Server rendered element contains more child nodes than client vdom. 
  at <ContentHomepageAtaglance > 
  at <Index onVnodeUnmounted=fn<onVnodeUnmounted> ref=Ref< undefined > > 
  at <RouteProvider key="/" vnode= {__v_isVNode: true, __v_skip: true, type: Object, props: Object, key: null} route= {fullPath: /, hash: , query: Object, name: index___en, path: /}  ... > 
  at <RouterView name=undefined route=undefined > 
  at <NuxtPage > 
  at <VMain> 
  at <VApp theme="light" class="auto-text" > 
  at <VResponsive class="border rounded" > 
  at <Default ref=Ref< undefined > > 
  at <AsyncComponentWrapper ref=Ref< undefined > > 
  at <LayoutLoader key="default" layoutProps= {ref: RefImpl} name="default" > 
  at <NuxtLayoutProvider layoutProps= {ref: RefImpl} key="default" name="default"  ... > 
  at <NuxtLayout > 
  at <App key=4 > 
  at <NuxtRoot> @ http://127.0.0.1:3002/_nuxt/@vite/client:528
[   45389ms] [ERROR] Failed to load resource: the server responded with a status of 503 (Commerce driver is not configured on the server) @ http://127.0.0.1:3002/api/commerce/driver:0
[   47356ms] [LOG] Meeovi @ http://127.0.0.1:3002/_nuxt/@fs/home/meebuzo/github/alternate-framework/node_modules/@sentry/core/build/esm/instrument/console.js?v=ec17791e:44
[   48689ms] [WARNING] [Meta Pixel] - Invalid PixelID: null. @ http://127.0.0.1:3002/_nuxt/@vite/client:528
[   49786ms] [ERROR] Connecting to 'https://analytics.tiktok.com/api/v2/monitor' violates the following Content Security Policy directive: "connect-src 'self' https://*.mux.com https://cms.meeovicms.com". The action has been blocked. @ https://analytics.tiktok.com/i18n/pixel/static/main.MTQyN2U3Zjc5MA.js:0
[   49788ms] [ERROR] Connecting to 'https://analytics.tiktok.com/api/v2/monitor' violates the following Content Security Policy directive: "connect-src 'self' https://*.mux.com https://cms.meeovicms.com". The action has been blocked. @ https://analytics.tiktok.com/i18n/pixel/static/main.MTQyN2U3Zjc5MA.js:0
[   49789ms] [ERROR] Connecting to 'https://analytics.tiktok.com/api/v2/monitor' violates the following Content Security Policy directive: "connect-src 'self' https://*.mux.com https://cms.meeovicms.com". The action has been blocked. @ https://analytics.tiktok.com/i18n/pixel/static/main.MTQyN2U3Zjc5MA.js:0
[   49792ms] [ERROR] Connecting to 'https://analytics.tiktok.com/api/v2/monitor' violates the following Content Security Policy directive: "connect-src 'self' https://*.mux.com https://cms.meeovicms.com". The action has been blocked. @ https://analytics.tiktok.com/i18n/pixel/static/main.MTQyN2U3Zjc5MA.js:0
[   49889ms] [ERROR] Connecting to 'https://analytics.tiktok.com/api/v2/monitor' violates the following Content Security Policy directive: "connect-src 'self' https://*.mux.com https://cms.meeovicms.com". The action has been blocked. @ https://analytics.tiktok.com/i18n/pixel/static/main.MTQyN2U3Zjc5MA.js:0
[   49890ms] [ERROR] Connecting to 'https://analytics.tiktok.com/api/v2/monitor' violates the following Content Security Policy directive: "connect-src 'self' https://*.mux.com https://cms.meeovicms.com". The action has been blocked. @ https://analytics.tiktok.com/i18n/pixel/static/main.MTQyN2U3Zjc5MA.js:0
[   49901ms] [ERROR] Connecting to 'https://analytics.tiktok.com/api/v2/monitor' violates the following Content Security Policy directive: "connect-src 'self' https://*.mux.com https://cms.meeovicms.com". The action has been blocked. @ https://analytics.tiktok.com/i18n/pixel/static/main.MTQyN2U3Zjc5MA.js:0
[   51835ms] [WARNING] No available adapters. @ https://challenges.cloudflare.com/cdn-cgi/challenge-platform/h/g/turnstile/f/av0/rch/9l0uj/0x4AAAAAAASJjd3fbeyQJrfe/auto/fbE/new/normal?lang=auto:0
[   52010ms] [ERROR] Failed to load resource: the server responded with a status of 400 () @ https://challenges.cloudflare.com/cdn-cgi/challenge-platform/h/g/fo/3295453783:1788534312:j_9G9JydBASExDR6kBPZEYVnBS7H-i7iQdB3Z6NpXPA/a35e1b12effe076d/JSmEKIgfi.ZdgRrokKSeuEtYuVxDpB4kr72kYXDMPBM-1788536563-1.2.1.1-q5idycVqNQTdLGrSdabtgZ2yjbkdcB_lpc2iBq84tPJUZ3YLVw5dTB1S8nRGlSGj:0
[   52059ms] [ERROR] Connecting to 'https://o996770.ingest.us.sentry.io/api/5955273/envelope/?sentry_version=7&sentry_key=df1b90fab7c44ce8aef097a63b468d61&sentry_client=sentry.javascript.nuxt%2F10.70.0' violates the following Content Security Policy directive: "connect-src 'self' https://*.mux.com https://cms.meeovicms.com". The action has been blocked. @ http://127.0.0.1:3002/_nuxt/@fs/home/meebuzo/github/alternate-framework/node_modules/@sentry/browser/build/npm/esm/dev/transports/fetch.js?v=ec17791e:31
[   52060ms] [ERROR] Fetch API cannot load https://o996770.ingest.us.sentry.io/api/5955273/envelope/?sentry_version=7&sentry_key=df1b90fab7c44ce8aef097a63b468d61&sentry_client=sentry.javascript.nuxt%2F10.70.0. Refused to connect because it violates the document's Content Security Policy. @ http://127.0.0.1:3002/_nuxt/@fs/home/meebuzo/github/alternate-framework/node_modules/@sentry/browser/build/npm/esm/dev/transports/fetch.js?v=ec17791e:31
[   52064ms] TurnstileError: [Cloudflare Turnstile] Error: 110200.
    at x (https://challenges.cloudflare.com/turnstile/v0/api.js:2:17328)
    at P (https://challenges.cloudflare.com/turnstile/v0/api.js:2:60066)
    at I (https://challenges.cloudflare.com/turnstile/v0/api.js:2:65893)
    at sentryWrapped (http://127.0.0.1:3002/_nuxt/@fs/home/meebuzo/github/alternate-framework/node_modules/@sentry/browser/build/npm/esm/dev/helpers.js?v=ec17791e:41:17)
[   62336ms] [WARNING] No available adapters. @ https://challenges.cloudflare.com/cdn-cgi/challenge-platform/h/g/turnstile/f/av0/rchNADmshVqOOZ4pb_1I69M_V3zUFXPLOAzqJdHj6BVYR4-1788536563-1.3.1.1-RuKHn2WV70SD7s0N7rJqsRtw7FfGqzaNXTB_u6LnHsI/9l0uj/0x4AAAAAAASJjd3fbeyQJrfe/auto/fbE/failure_retry/normal?lang=auto:0
[   62519ms] [ERROR] Failed to load resource: the server responded with a status of 400 () @ https://challenges.cloudflare.com/cdn-cgi/challenge-platform/h/g/fo/3295453783:1788534312:j_9G9JydBASExDR6kBPZEYVnBS7H-i7iQdB3Z6NpXPA/a35e1b547b60076d/WqparKRXVCZzvfVVRSeVG4.dTS.35GPpwgBC_zyNjuQ-1788536574-1.2.1.1-rEJzND7gXaIKpXyLEL5EIchkiU4r0MsAc13Yy3zYoT9OlzLXBH_bq6MP1HPAeTEP:0
[   62546ms] TurnstileError: [Cloudflare Turnstile] Error: 110200.
    at x (https://challenges.cloudflare.com/turnstile/v0/api.js:2:17328)
    at P (https://challenges.cloudflare.com/turnstile/v0/api.js:2:60066)
    at I (https://challenges.cloudflare.com/turnstile/v0/api.js:2:65893)
    at sentryWrapped (http://127.0.0.1:3002/_nuxt/@fs/home/meebuzo/github/alternate-framework/node_modules/@sentry/browser/build/npm/esm/dev/helpers.js?v=ec17791e:41:17)
[   72912ms] [WARNING] No available adapters. @ https://challenges.cloudflare.com/cdn-cgi/challenge-platform/h/g/turnstile/f/av0/rchEjvpGK8GWSvEjTcovxwPM8Xgh1xxnXnoODWXU8fM4GQ-1788536574-1.3.1.1-gbdoA_iL9PyMsc7NutYVilSaYXMADtH1Cksee5BQCFM/9l0uj/0x4AAAAAAASJjd3fbeyQJrfe/auto/fbE/failure_retry/normal?lang=auto:0
[   73103ms] [ERROR] Failed to load resource: the server responded with a status of 400 () @ https://challenges.cloudflare.com/cdn-cgi/challenge-platform/h/g/fo/3295453783:1788534312:j_9G9JydBASExDR6kBPZEYVnBS7H-i7iQdB3Z6NpXPA/a35e1b962aa4076d/bTWKV_iubIlyTrKY7IapXeSXyibOaQaXV2mODUtlCl0-1788536584-1.2.1.1-9Mcxfy5Cq5IXbayd_8yd1OkdE2ViWrDq2TB2vRAHF7c2I3w6Uv.3zs1y3Ch_70Zx:0
[   73143ms] TurnstileError: [Cloudflare Turnstile] Error: 110200.
    at x (https://challenges.cloudflare.com/turnstile/v0/api.js:2:17328)
    at P (https://challenges.cloudflare.com/turnstile/v0/api.js:2:60066)
    at I (https://challenges.cloudflare.com/turnstile/v0/api.js:2:65893)
    at sentryWrapped (http://127.0.0.1:3002/_nuxt/@fs/home/meebuzo/github/alternate-framework/node_modules/@sentry/browser/build/npm/esm/dev/helpers.js?v=ec17791e:41:17)
[   83393ms] [WARNING] No available adapters. @ https://challenges.cloudflare.com/cdn-cgi/challenge-platform/h/g/turnstile/f/av0/rchMHrr8Aws.yCKL3WQsJ7HrHOS5263dA_5WDRO4hQcGVU-1788536584-1.3.1.1-uEckd7zrjvmtkSSgL8lHWL5pfDMjt.twlHdcGAwlnH8/9l0uj/0x4AAAAAAASJjd3fbeyQJrfe/auto/fbE/failure_retry/normal?lang=auto:0
[   83577ms] [ERROR] Failed to load resource: the server responded with a status of 400 () @ https://challenges.cloudflare.com/cdn-cgi/challenge-platform/h/g/fo/3295453783:1788534312:j_9G9JydBASExDR6kBPZEYVnBS7H-i7iQdB3Z6NpXPA/a35e1bd83cb4076d/FnOHUltu88vt5VIKViceOr2JVoy7H1ewQ2B1Pxb2qX4-1788536595-1.2.1.1-iaGELfBBJzeIhpiK6SA56xcpZAYJ8Tt3lBm7wSEWFN8dyI14TLTVpz9t7hb6NQ3J:0
[   83616ms] TurnstileError: [Cloudflare Turnstile] Error: 110200.
    at x (https://challenges.cloudflare.com/turnstile/v0/api.js:2:17328)
    at P (https://challenges.cloudflare.com/turnstile/v0/api.js:2:60066)
    at I (https://challenges.cloudflare.com/turnstile/v0/api.js:2:65893)
    at sentryWrapped (http://127.0.0.1:3002/_nuxt/@fs/home/meebuzo/github/alternate-framework/node_modules/@sentry/browser/build/npm/esm/dev/helpers.js?v=ec17791e:41:17)
[   93861ms] [WARNING] No available adapters. @ https://challenges.cloudflare.com/cdn-cgi/challenge-platform/h/g/turnstile/f/av0/rch_JWUwGPxgZYU.ONvXh87VOyGHpV7DQJD_fEfbHL6w_g-1788536595-1.3.1.1-zS5GMQ56I7NnKCPSv4ch4Y4_rfOvY4L3mkVcBWLPZn4/9l0uj/0x4AAAAAAASJjd3fbeyQJrfe/auto/fbE/failure_retry/normal?lang=auto:0
[   94033ms] [ERROR] Failed to load resource: the server responded with a status of 400 () @ https://challenges.cloudflare.com/cdn-cgi/challenge-platform/h/g/fo/3295453783:1788534312:j_9G9JydBASExDR6kBPZEYVnBS7H-i7iQdB3Z6NpXPA/a35e1c19db33076d/bstnodjmGi2rSuv47i74XClqSTBHOIGq8V7Wv.diVW4-1788536605-1.2.1.1-H_l4rLt9gLFqOoJXy9jm3hwtvgKUoVvQDVSHJtT.uXgDuJFPTs1PQo_aBIqffw4Y:0
[   94070ms] TurnstileError: [Cloudflare Turnstile] Error: 110200.
    at x (https://challenges.cloudflare.com/turnstile/v0/api.js:2:17328)
    at P (https://challenges.cloudflare.com/turnstile/v0/api.js:2:60066)
    at I (https://challenges.cloudflare.com/turnstile/v0/api.js:2:65893)
    at sentryWrapped (http://127.0.0.1:3002/_nuxt/@fs/home/meebuzo/github/alternate-framework/node_modules/@sentry/browser/build/npm/esm/dev/helpers.js?v=ec17791e:41:17)
[  104339ms] [WARNING] No available adapters. @ https://challenges.cloudflare.com/cdn-cgi/challenge-platform/h/g/turnstile/f/av0/rchqKN67jFFimpwXhiR_s9_mHNUDDxohRxiQeLrxik47m0-1788536605-1.3.1.1-7n30mxVKyipnFXx684urQ51Ks0KI5MC3vQwSEAUAjy4/9l0uj/0x4AAAAAAASJjd3fbeyQJrfe/auto/fbE/failure_retry/normal?lang=auto:0
[  104519ms] [ERROR] Failed to load resource: the server responded with a status of 400 () @ https://challenges.cloudflare.com/cdn-cgi/challenge-platform/h/g/fo/3295453783:1788534312:j_9G9JydBASExDR6kBPZEYVnBS7H-i7iQdB3Z6NpXPA/a35e1c5b1955076d/oJS.DezElxtns_0_03SoAlnKW.Asnpmipv4XLbEi214-1788536616-1.2.1.1-xoDIjm2wh85BjTqlDgfwiA1rlj4ht3cTCXMtIZdLayFTuH2_xlH4QTBRaYS4PrwD:0
[  104557ms] TurnstileError: [Cloudflare Turnstile] Error: 110200.
    at x (https://challenges.cloudflare.com/turnstile/v0/api.js:2:17328)
    at P (https://challenges.cloudflare.com/turnstile/v0/api.js:2:60066)
    at I (https://challenges.cloudflare.com/turnstile/v0/api.js:2:65893)
    at sentryWrapped (http://127.0.0.1:3002/_nuxt/@fs/home/meebuzo/github/alternate-framework/node_modules/@sentry/browser/build/npm/esm/dev/helpers.js?v=ec17791e:41:17)
