[   15419ms] [LOG] %cssr:success%c Vite server hmr 102 files 
      background: #2ecc71;
      border-radius: 0.5em;
      color: white;
      font-weight: bold;
      padding: 2px 0.5em;
      in 2.649ms 
  at vite_node_entry_default (/home/meebuzo/github/alternate-framework/node_modules/@nuxt/vite-builder/dist/vite-node-entry.mjs)
  at process.processTicksAndRejections (node:internal/process/task_queues)
  at async Object.renderToString (/home/meebuzo/github/alternate-framework/node_modules/vue-bundle-renderer/dist/runtime.mjs)
 @ http://localhost:3002/_nuxt/@fs/home/meebuzo/github/alternate-framework/node_modules/consola/dist/browser.mjs?v=1275ab82:47
[   16011ms] [LOG] ✨ %cNuxt DevTools %c Press Shift + Alt + D to open DevTools color: black; border-radius: 3px 0 0 3px; padding: 2px 2px 1px 10px; background: #00DC82 border-radius: 0 3px 3px 0; padding: 2px 10px 1px 2px; background: #00DC8220  @ http://localhost:3002/_nuxt/@fs/home/meebuzo/github/alternate-framework/node_modules/@sentry/core/build/esm/instrument/console.js?v=1275ab82:44
[   16077ms] [INFO] <Suspense> is an experimental feature and its API will likely change. @ http://localhost:3002/_nuxt/@fs/home/meebuzo/github/alternate-framework/node_modules/@sentry/core/build/esm/instrument/console.js?v=1275ab82:44
[   16622ms] [WARNING] [Vue warn]: Slot "default" invoked outside of the render function: this will not track dependencies used in the slot. Invoke the slot function inside the render function instead. 
  at <VDefaultsProvider key="content-defaults" disabled=false defaults= {VIcon: Object} > 
  at <VBtn href="/" icon="fas fa-home" > 
  at <VBottomNavigation modelValue=undefined onUpdate:modelValue=fn bg-color="color"  ... > 
  at <VLayout id="mobileNav" style= {height: 56px} > 
  at <MenusMobileNav> 
  at <VResponsive class="border rounded" > 
  at <Default ref=Ref< undefined > > 
  at <AsyncComponentWrapper ref=Ref< undefined > > 
  at <LayoutLoader key="default" layoutProps= {ref: RefImpl} name="default" > 
  at <NuxtLayoutProvider layoutProps= {ref: RefImpl} key="default" name="default"  ... > 
  at <NuxtLayout > 
  at <App key=4 > 
  at <NuxtRoot> @ http://localhost:3002/_nuxt/@fs/home/meebuzo/github/alternate-framework/node_modules/@sentry/core/build/esm/instrument/console.js?v=1275ab82:44
[   16625ms] [WARNING] [Vue warn]: Slot "default" invoked outside of the render function: this will not track dependencies used in the slot. Invoke the slot function inside the render function instead. 
  at <VDefaultsProvider key="content-defaults" disabled=true defaults= {VIcon: Object} > 
  at <VBtn href="/u/" > 
  at <VBottomNavigation modelValue=undefined onUpdate:modelValue=fn bg-color="color"  ... > 
  at <VLayout id="mobileNav" style= {height: 56px} > 
  at <MenusMobileNav> 
  at <VResponsive class="border rounded" > 
  at <Default ref=Ref< undefined > > 
  at <AsyncComponentWrapper ref=Ref< undefined > > 
  at <LayoutLoader key="default" layoutProps= {ref: RefImpl} name="default" > 
  at <NuxtLayoutProvider layoutProps= {ref: RefImpl} key="default" name="default"  ... > 
  at <NuxtLayout > 
  at <App key=4 > 
  at <NuxtRoot> @ http://localhost:3002/_nuxt/@fs/home/meebuzo/github/alternate-framework/node_modules/@sentry/core/build/esm/instrument/console.js?v=1275ab82:44
[   16627ms] [WARNING] [Vue warn]: Slot "default" invoked outside of the render function: this will not track dependencies used in the slot. Invoke the slot function inside the render function instead. 
  at <VDefaultsProvider key="content-defaults" disabled=true defaults= {VIcon: Object} > 
  at <VBtn href="/checkout" > 
  at <VBottomNavigation modelValue=undefined onUpdate:modelValue=fn bg-color="color"  ... > 
  at <VLayout id="mobileNav" style= {height: 56px} > 
  at <MenusMobileNav> 
  at <VResponsive class="border rounded" > 
  at <Default ref=Ref< undefined > > 
  at <AsyncComponentWrapper ref=Ref< undefined > > 
  at <LayoutLoader key="default" layoutProps= {ref: RefImpl} name="default" > 
  at <NuxtLayoutProvider layoutProps= {ref: RefImpl} key="default" name="default"  ... > 
  at <NuxtLayout > 
  at <App key=4 > 
  at <NuxtRoot> @ http://localhost:3002/_nuxt/@fs/home/meebuzo/github/alternate-framework/node_modules/@sentry/core/build/esm/instrument/console.js?v=1275ab82:44
[   16629ms] [WARNING] [Vue warn]: Slot "default" invoked outside of the render function: this will not track dependencies used in the slot. Invoke the slot function inside the render function instead. 
  at <VDefaultsProvider key="content-defaults" disabled=true defaults= {VIcon: Object} > 
  at <VBtn href="/menu-page/" > 
  at <VBottomNavigation modelValue=undefined onUpdate:modelValue=fn bg-color="color"  ... > 
  at <VLayout id="mobileNav" style= {height: 56px} > 
  at <MenusMobileNav> 
  at <VResponsive class="border rounded" > 
  at <Default ref=Ref< undefined > > 
  at <AsyncComponentWrapper ref=Ref< undefined > > 
  at <LayoutLoader key="default" layoutProps= {ref: RefImpl} name="default" > 
  at <NuxtLayoutProvider layoutProps= {ref: RefImpl} key="default" name="default"  ... > 
  at <NuxtLayout > 
  at <App key=4 > 
  at <NuxtRoot> @ http://localhost:3002/_nuxt/@fs/home/meebuzo/github/alternate-framework/node_modules/@sentry/core/build/esm/instrument/console.js?v=1275ab82:44
[   16631ms] [WARNING] [Vue warn]: Slot "default" invoked outside of the render function: this will not track dependencies used in the slot. Invoke the slot function inside the render function instead. 
  at <VDefaultsProvider key="content-defaults" disabled=true defaults= {VIcon: Object} > 
  at <VBtn href="/notifications" > 
  at <VBottomNavigation modelValue=undefined onUpdate:modelValue=fn bg-color="color"  ... > 
  at <VLayout id="mobileNav" style= {height: 56px} > 
  at <MenusMobileNav> 
  at <VResponsive class="border rounded" > 
  at <Default ref=Ref< undefined > > 
  at <AsyncComponentWrapper ref=Ref< undefined > > 
  at <LayoutLoader key="default" layoutProps= {ref: RefImpl} name="default" > 
  at <NuxtLayoutProvider layoutProps= {ref: RefImpl} key="default" name="default"  ... > 
  at <NuxtLayout > 
  at <App key=4 > 
  at <NuxtRoot> @ http://localhost:3002/_nuxt/@fs/home/meebuzo/github/alternate-framework/node_modules/@sentry/core/build/esm/instrument/console.js?v=1275ab82:44
[   16701ms] [WARNING] [nuxt] [image] Density values above `2` are not recommended. See https://observablehq.com/@eeeps/visual-acuity-and-device-pixel-ratio. @ http://localhost:3002/_nuxt/@fs/home/meebuzo/github/alternate-framework/node_modules/@sentry/core/build/esm/instrument/console.js?v=1275ab82:44
[   18185ms] [WARNING] [Meta Pixel] - Invalid PixelID: null. @ http://localhost:3002/_nuxt/@fs/home/meebuzo/github/alternate-framework/node_modules/@sentry/core/build/esm/instrument/console.js?v=1275ab82:44
[   18464ms] [ERROR] Connecting to 'https://analytics.tiktok.com/api/v2/monitor' violates the following Content Security Policy directive: "connect-src 'self' https://*.mux.com https://*.sentry.io https://cms.meeovicms.com https://comments.meeovicms.com". The action has been blocked. @ https://analytics.tiktok.com/i18n/pixel/static/main.MTQyN2U3Zjc5MA.js:0
[   18465ms] [ERROR] Connecting to 'https://analytics.tiktok.com/api/v2/monitor' violates the following Content Security Policy directive: "connect-src 'self' https://*.mux.com https://*.sentry.io https://cms.meeovicms.com https://comments.meeovicms.com". The action has been blocked. @ https://analytics.tiktok.com/i18n/pixel/static/main.MTQyN2U3Zjc5MA.js:0
[   18466ms] [ERROR] Connecting to 'https://analytics.tiktok.com/api/v2/monitor' violates the following Content Security Policy directive: "connect-src 'self' https://*.mux.com https://*.sentry.io https://cms.meeovicms.com https://comments.meeovicms.com". The action has been blocked. @ https://analytics.tiktok.com/i18n/pixel/static/main.MTQyN2U3Zjc5MA.js:0
[   18468ms] [ERROR] Connecting to 'https://analytics.tiktok.com/api/v2/monitor' violates the following Content Security Policy directive: "connect-src 'self' https://*.mux.com https://*.sentry.io https://cms.meeovicms.com https://comments.meeovicms.com". The action has been blocked. @ https://analytics.tiktok.com/i18n/pixel/static/main.MTQyN2U3Zjc5MA.js:0
[   18470ms] [ERROR] Connecting to 'https://analytics.tiktok.com/api/v2/monitor' violates the following Content Security Policy directive: "connect-src 'self' https://*.mux.com https://*.sentry.io https://cms.meeovicms.com https://comments.meeovicms.com". The action has been blocked. @ https://analytics.tiktok.com/i18n/pixel/static/main.MTQyN2U3Zjc5MA.js:0
[   18471ms] [ERROR] Connecting to 'https://analytics.tiktok.com/api/v2/monitor' violates the following Content Security Policy directive: "connect-src 'self' https://*.mux.com https://*.sentry.io https://cms.meeovicms.com https://comments.meeovicms.com". The action has been blocked. @ https://analytics.tiktok.com/i18n/pixel/static/main.MTQyN2U3Zjc5MA.js:0
[   18525ms] [ERROR] Connecting to 'https://analytics.tiktok.com/api/v2/monitor' violates the following Content Security Policy directive: "connect-src 'self' https://*.mux.com https://*.sentry.io https://cms.meeovicms.com https://comments.meeovicms.com". The action has been blocked. @ https://analytics.tiktok.com/i18n/pixel/static/main.MTQyN2U3Zjc5MA.js:0
[   18665ms] [LOG] Meeovi @ http://localhost:3002/_nuxt/@fs/home/meebuzo/github/alternate-framework/node_modules/@sentry/core/build/esm/instrument/console.js?v=1275ab82:44
[   19495ms] [WARNING] No available adapters. @ https://challenges.cloudflare.com/cdn-cgi/challenge-platform/h/g/turnstile/f/av0/rch/2ovg4/0x4AAAAAAASJjd3fbeyQJrfe/auto/fbE/new/normal?lang=auto:0
[   19715ms] [ERROR] Failed to load resource: the server responded with a status of 400 () @ https://challenges.cloudflare.com/cdn-cgi/challenge-platform/h/g/fo/4255694275:1788602721:W2-GbzTlPdIaJeBuHQYsCcAwSVfQOtDWBHU4fVHSgnQ/a364ceb468cfab16/114Zs2ajSu.9A5PakwdBhwsdlTvVfsshlduOYBdB0pk-1788606835-1.2.1.1-Bk0gWQWZbcr.w1GGZaiYG_0PGjnKMvf5VmlHufxHiuaquAOi0PwK2rgJbrsbTv9.:0
[   19778ms] TurnstileError: [Cloudflare Turnstile] Error: 110200.
    at x (https://challenges.cloudflare.com/turnstile/v0/api.js:2:17328)
    at P (https://challenges.cloudflare.com/turnstile/v0/api.js:2:60066)
    at I (https://challenges.cloudflare.com/turnstile/v0/api.js:2:65893)
    at sentryWrapped (http://localhost:3002/_nuxt/@fs/home/meebuzo/github/alternate-framework/node_modules/@sentry/browser/build/npm/esm/dev/helpers.js?v=1275ab82:41:17)
[   32977ms] [WARNING] Failed to execute 'postMessage' on 'DOMWindow': The target origin provided ('https://challenges.cloudflare.com') does not match the recipient window's origin ('http://localhost:3002'). @ https://challenges.cloudflare.com/turnstile/v0/api.js:1
[   41581ms] [WARNING] No available adapters. @ https://challenges.cloudflare.com/cdn-cgi/challenge-platform/h/g/turnstile/f/av0/rch1V1iMgKSoJhMWjIb1jIjiODKUL7O_qYpYxN21JxnSeI-1788606835-1.3.1.1-.xtWJUan9xWM9Iu7qCXlKbgeow5Rw88YUAYC_tyh2Oo/2ovg4/0x4AAAAAAASJjd3fbeyQJrfe/auto/fbE/failure_retry/normal?lang=auto:0
[   41745ms] [ERROR] Failed to load resource: the server responded with a status of 400 () @ https://challenges.cloudflare.com/cdn-cgi/challenge-platform/h/g/fo/4255694275:1788602721:W2-GbzTlPdIaJeBuHQYsCcAwSVfQOtDWBHU4fVHSgnQ/a364cef86869ab16/31spc0Z9gHi44JSgb9B9kexOPbNbVx1wPB4cpYWM96A-1788606846-1.2.1.1-TnamolCk8GM0iSJLVTdhFg9CTvwckXLPTppGrjHJpT8LpxyCZz.1shNEcXoOvDuT:0
[   42288ms] TurnstileError: [Cloudflare Turnstile] Error: 110200.
    at x (https://challenges.cloudflare.com/turnstile/v0/api.js:2:17328)
    at P (https://challenges.cloudflare.com/turnstile/v0/api.js:2:60066)
    at I (https://challenges.cloudflare.com/turnstile/v0/api.js:2:65893)
    at sentryWrapped (http://localhost:3002/_nuxt/@fs/home/meebuzo/github/alternate-framework/node_modules/@sentry/browser/build/npm/esm/dev/helpers.js?v=1275ab82:41:17)
[   61646ms] Uncaught (in promise) Error: reCAPTCHA Timeout (o)
    at <anonymous> (https://www.gstatic.com/recaptcha/releases/8x-4t2pegToiW8KmThtO4AQt/recaptcha__en.js:1487:511)
    at O (https://www.gstatic.com/recaptcha/releases/8x-4t2pegToiW8KmThtO4AQt/recaptcha__en.js:493:393)
[   71662ms] [WARNING] No available adapters. @ https://challenges.cloudflare.com/cdn-cgi/challenge-platform/h/g/turnstile/f/av0/rchst_pQV9tsUT2tlJKg6ZTi.1oGgydUWzFWsnAdRUrKa4-1788606846-1.3.1.1-m5rlHnFBFF26rLm52G0SD70SPtDWCsXsicRFygh.154/2ovg4/0x4AAAAAAASJjd3fbeyQJrfe/auto/fbE/failure_retry/normal?lang=auto:0
[   71849ms] [ERROR] Failed to load resource: the server responded with a status of 400 () @ https://challenges.cloudflare.com/cdn-cgi/challenge-platform/h/g/fo/4255694275:1788602721:W2-GbzTlPdIaJeBuHQYsCcAwSVfQOtDWBHU4fVHSgnQ/a364cfe3db63ab16/BKTWkpeAmVkd9XRmYTPwb7_zhI9TM05_XhVjzVf0WII-1788606884-1.2.1.1-WoGboSiDMfN64y3tPu1j5fBZP_aOJSKppjr5b4bbF5Ro0AerKftZSibKsXd8_YI5:0
[   78637ms] TurnstileError: [Cloudflare Turnstile] Error: 110200.
    at x (https://challenges.cloudflare.com/turnstile/v0/api.js:2:17328)
    at P (https://challenges.cloudflare.com/turnstile/v0/api.js:2:60066)
    at I (https://challenges.cloudflare.com/turnstile/v0/api.js:2:65893)
    at sentryWrapped (http://localhost:3002/_nuxt/@fs/home/meebuzo/github/alternate-framework/node_modules/@sentry/browser/build/npm/esm/dev/helpers.js?v=1275ab82:41:17)
[  213504ms] [WARNING] No available adapters. @ https://challenges.cloudflare.com/cdn-cgi/challenge-platform/h/g/turnstile/f/av0/rchFKy0KXU0eYBIrh_lIGPAE71k4cnvjY5ipKqcF59ra24-1788606884-1.3.1.1-IPTtJGwu2s6O9mjjcxSavS8qAJ3wSYy.v9X.ZdfngkU/2ovg4/0x4AAAAAAASJjd3fbeyQJrfe/auto/fbE/failure_retry/normal?lang=auto:0
[  213674ms] [ERROR] Failed to load resource: the server responded with a status of 400 () @ https://challenges.cloudflare.com/cdn-cgi/challenge-platform/h/g/fo/4255694275:1788602721:W2-GbzTlPdIaJeBuHQYsCcAwSVfQOtDWBHU4fVHSgnQ/a364d2f529fe2116/d7w9vRO9ngOr3GhdKQJeLjN_Qu0rE7obdx54CiaTgIY-1788607010-1.2.1.1-GzORCFa2lqJphGOyXxa0tEa.po9ICE5FMIVLmVjtdRz_lR0FuzKMHovqREbO_WTF:0
[  242985ms] TurnstileError: [Cloudflare Turnstile] Error: 110200.
    at x (https://challenges.cloudflare.com/turnstile/v0/api.js:2:17328)
    at P (https://challenges.cloudflare.com/turnstile/v0/api.js:2:60066)
    at I (https://challenges.cloudflare.com/turnstile/v0/api.js:2:65893)
    at sentryWrapped (http://localhost:3002/_nuxt/@fs/home/meebuzo/github/alternate-framework/node_modules/@sentry/browser/build/npm/esm/dev/helpers.js?v=1275ab82:41:17)
