[   27317ms] [WARNING] Failed parsing 'srcset' attribute value since it has an unknown descriptor. @ :0
[   27317ms] [WARNING] Dropped srcset candidate "https://res.cloudinary.com/\u003CYour" @ :0
[   27318ms] [WARNING] Failed parsing 'srcset' attribute value since it has an unknown descriptor. @ :0
[   27318ms] [WARNING] Dropped srcset candidate "https://res.cloudinary.com/\u003CYour" @ :0
[   27318ms] [WARNING] Failed parsing 'srcset' attribute value since it has an unknown descriptor. @ :0
[   27318ms] [WARNING] Dropped srcset candidate "https://res.cloudinary.com/\u003CYour" @ :0
[   27318ms] [WARNING] Failed parsing 'srcset' attribute value since it has an unknown descriptor. @ :0
[   27318ms] [WARNING] Dropped srcset candidate "https://res.cloudinary.com/\u003CYour" @ :0
[   27318ms] [WARNING] Failed parsing 'srcset' attribute value since it has an unknown descriptor. @ :0
[   27319ms] [WARNING] Dropped srcset candidate "https://res.cloudinary.com/\u003CYour" @ :0
[   27319ms] [WARNING] Failed parsing 'srcset' attribute value since it has an unknown descriptor. @ :0
[   27319ms] [WARNING] Dropped srcset candidate "https://res.cloudinary.com/\u003CYour" @ :0
[   27319ms] [WARNING] Failed parsing 'srcset' attribute value since it has an unknown descriptor. @ :0
[   27320ms] [WARNING] Dropped srcset candidate "https://res.cloudinary.com/\u003CYour" @ :0
[   27320ms] [WARNING] Failed parsing 'srcset' attribute value since it has an unknown descriptor. @ :0
[   27320ms] [WARNING] Dropped srcset candidate "https://res.cloudinary.com/\u003CYour" @ :0
[   27320ms] [WARNING] Failed parsing 'srcset' attribute value since it has an unknown descriptor. @ :0
[   27320ms] [WARNING] Dropped srcset candidate "https://res.cloudinary.com/\u003CYour" @ :0
[   27320ms] [WARNING] Failed parsing 'srcset' attribute value since it has an unknown descriptor. @ :0
[   27320ms] [WARNING] Dropped srcset candidate "https://res.cloudinary.com/\u003CYour" @ :0
[   27320ms] [WARNING] Failed parsing 'srcset' attribute value since it has an unknown descriptor. @ :0
[   27321ms] [WARNING] Dropped srcset candidate "https://res.cloudinary.com/\u003CYour" @ :0
[   27321ms] [WARNING] Failed parsing 'srcset' attribute value since it has an unknown descriptor. @ :0
[   27321ms] [WARNING] Dropped srcset candidate "https://res.cloudinary.com/\u003CYour" @ :0
[   27321ms] [WARNING] Failed parsing 'srcset' attribute value since it has an unknown descriptor. @ :0
[   27321ms] [WARNING] Dropped srcset candidate "https://res.cloudinary.com/\u003CYour" @ :0
[   27321ms] [WARNING] Failed parsing 'srcset' attribute value since it has an unknown descriptor. @ :0
[   27321ms] [WARNING] Dropped srcset candidate "https://res.cloudinary.com/\u003CYour" @ :0
[   27321ms] [WARNING] Failed parsing 'srcset' attribute value since it has an unknown descriptor. @ :0
[   27322ms] [WARNING] Dropped srcset candidate "https://res.cloudinary.com/\u003CYour" @ :0
[   27322ms] [WARNING] Failed parsing 'srcset' attribute value since it has an unknown descriptor. @ :0
[   27322ms] [WARNING] Dropped srcset candidate "https://res.cloudinary.com/\u003CYour" @ :0
[   27322ms] [WARNING] Failed parsing 'srcset' attribute value since it has an unknown descriptor. @ :0
[   27322ms] [WARNING] Dropped srcset candidate "https://res.cloudinary.com/\u003CYour" @ :0
[   27322ms] [WARNING] Failed parsing 'srcset' attribute value since it has an unknown descriptor. @ :0
[   27322ms] [WARNING] Dropped srcset candidate "https://res.cloudinary.com/\u003CYour" @ :0
[   27323ms] [WARNING] Failed parsing 'srcset' attribute value since it has an unknown descriptor. @ :0
[   27323ms] [WARNING] Dropped srcset candidate "https://res.cloudinary.com/\u003CYour" @ :0
[   27323ms] [WARNING] Failed parsing 'srcset' attribute value since it has an unknown descriptor. @ :0
[   27323ms] [WARNING] Dropped srcset candidate "https://res.cloudinary.com/\u003CYour" @ :0
[   27323ms] [WARNING] Failed parsing 'srcset' attribute value since it has an unknown descriptor. @ :0
[   27323ms] [WARNING] Dropped srcset candidate "https://res.cloudinary.com/\u003CYour" @ :0
[   27323ms] [WARNING] Failed parsing 'srcset' attribute value since it has an unknown descriptor. @ :0
[   27323ms] [WARNING] Dropped srcset candidate "https://res.cloudinary.com/\u003CYour" @ :0
[   27324ms] [WARNING] Failed parsing 'srcset' attribute value since it has an unknown descriptor. @ :0
[   27324ms] [WARNING] Dropped srcset candidate "https://res.cloudinary.com/\u003CYour" @ :0
[   27324ms] [WARNING] Failed parsing 'srcset' attribute value since it has an unknown descriptor. @ :0
[   27324ms] [WARNING] Dropped srcset candidate "https://res.cloudinary.com/\u003CYour" @ :0
[   27570ms] [WARNING] Failed parsing 'srcset' attribute value since it has an unknown descriptor. @ :0
[   27570ms] [WARNING] Dropped srcset candidate "https://res.cloudinary.com/\u003CYour" @ :0
[   27571ms] [WARNING] Failed parsing 'srcset' attribute value since it has an unknown descriptor. @ :0
[   27571ms] [WARNING] Dropped srcset candidate "https://res.cloudinary.com/\u003CYour" @ :0
[   27571ms] [WARNING] Failed parsing 'srcset' attribute value since it has an unknown descriptor. @ :0
[   27571ms] [WARNING] Dropped srcset candidate "https://res.cloudinary.com/\u003CYour" @ :0
[   27571ms] [WARNING] Failed parsing 'srcset' attribute value since it has an unknown descriptor. @ :0
[   27571ms] [WARNING] Dropped srcset candidate "https://res.cloudinary.com/\u003CYour" @ :0
[   27572ms] [WARNING] Failed parsing 'srcset' attribute value since it has an unknown descriptor. @ :0
[   27572ms] [WARNING] Dropped srcset candidate "https://res.cloudinary.com/\u003CYour" @ :0
[   27572ms] [WARNING] Failed parsing 'srcset' attribute value since it has an unknown descriptor. @ :0
[   27572ms] [WARNING] Dropped srcset candidate "https://res.cloudinary.com/\u003CYour" @ :0
[   27576ms] [WARNING] Failed parsing 'srcset' attribute value since it has an unknown descriptor. @ :0
[   27577ms] [WARNING] Dropped srcset candidate "https://res.cloudinary.com/\u003CYour" @ :0
[   27577ms] [WARNING] Failed parsing 'srcset' attribute value since it has an unknown descriptor. @ :0
[   27577ms] [WARNING] Dropped srcset candidate "https://res.cloudinary.com/\u003CYour" @ :0
[   27578ms] [WARNING] Failed parsing 'srcset' attribute value since it has an unknown descriptor. @ :0
[   27578ms] [WARNING] Dropped srcset candidate "https://res.cloudinary.com/\u003CYour" @ :0
[   27578ms] [WARNING] Failed parsing 'srcset' attribute value since it has an unknown descriptor. @ :0
[   27578ms] [WARNING] Dropped srcset candidate "https://res.cloudinary.com/\u003CYour" @ :0
[   27578ms] [WARNING] Failed parsing 'srcset' attribute value since it has an unknown descriptor. @ :0
[   27578ms] [WARNING] Dropped srcset candidate "https://res.cloudinary.com/\u003CYour" @ :0
[   27579ms] [WARNING] Failed parsing 'srcset' attribute value since it has an unknown descriptor. @ :0
[   27579ms] [WARNING] Dropped srcset candidate "https://res.cloudinary.com/\u003CYour" @ :0
[   27690ms] [WARNING] Failed parsing 'srcset' attribute value since it has an unknown descriptor. @ :0
[   27690ms] [WARNING] Dropped srcset candidate "https://res.cloudinary.com/\u003CYour" @ :0
[   27690ms] [WARNING] Failed parsing 'srcset' attribute value since it has an unknown descriptor. @ :0
[   27690ms] [WARNING] Dropped srcset candidate "https://res.cloudinary.com/\u003CYour" @ :0
[   27691ms] [WARNING] Failed parsing 'srcset' attribute value since it has an unknown descriptor. @ :0
[   27691ms] [WARNING] Dropped srcset candidate "https://res.cloudinary.com/\u003CYour" @ :0
[   27691ms] [WARNING] Failed parsing 'srcset' attribute value since it has an unknown descriptor. @ :0
[   27691ms] [WARNING] Dropped srcset candidate "https://res.cloudinary.com/\u003CYour" @ :0
[   27691ms] [WARNING] Failed parsing 'srcset' attribute value since it has an unknown descriptor. @ :0
[   27691ms] [WARNING] Dropped srcset candidate "https://res.cloudinary.com/\u003CYour" @ :0
[   27691ms] [WARNING] Failed parsing 'srcset' attribute value since it has an unknown descriptor. @ :0
[   27691ms] [WARNING] Dropped srcset candidate "https://res.cloudinary.com/\u003CYour" @ :0
[   27692ms] [WARNING] Failed parsing 'srcset' attribute value since it has an unknown descriptor. @ :0
[   27692ms] [WARNING] Dropped srcset candidate "https://res.cloudinary.com/\u003CYour" @ :0
[   27692ms] [WARNING] Failed parsing 'srcset' attribute value since it has an unknown descriptor. @ :0
[   27692ms] [WARNING] Dropped srcset candidate "https://res.cloudinary.com/\u003CYour" @ :0
[   27692ms] [WARNING] Failed parsing 'srcset' attribute value since it has an unknown descriptor. @ :0
[   27692ms] [WARNING] Dropped srcset candidate "https://res.cloudinary.com/\u003CYour" @ :0
[   27692ms] [WARNING] Failed parsing 'srcset' attribute value since it has an unknown descriptor. @ :0
[   27692ms] [WARNING] Dropped srcset candidate "https://res.cloudinary.com/\u003CYour" @ :0
[   27692ms] [WARNING] Failed parsing 'srcset' attribute value since it has an unknown descriptor. @ :0
[   27692ms] [WARNING] Dropped srcset candidate "https://res.cloudinary.com/\u003CYour" @ :0
[   27692ms] [WARNING] Failed parsing 'srcset' attribute value since it has an unknown descriptor. @ :0
[   27693ms] [WARNING] Dropped srcset candidate "https://res.cloudinary.com/\u003CYour" @ :0
[   27693ms] [WARNING] Failed parsing 'srcset' attribute value since it has an unknown descriptor. @ :0
[   27693ms] [WARNING] Dropped srcset candidate "https://res.cloudinary.com/\u003CYour" @ :0
[   27694ms] [WARNING] Failed parsing 'srcset' attribute value since it has an unknown descriptor. @ :0
[   27695ms] [WARNING] Dropped srcset candidate "https://res.cloudinary.com/\u003CYour" @ :0
[   27695ms] [WARNING] Failed parsing 'srcset' attribute value since it has an unknown descriptor. @ :0
[   27697ms] [WARNING] Dropped srcset candidate "https://res.cloudinary.com/\u003CYour" @ :0
[   27697ms] [WARNING] Failed parsing 'srcset' attribute value since it has an unknown descriptor. @ :0
[   27697ms] [WARNING] Dropped srcset candidate "https://res.cloudinary.com/\u003CYour" @ :0
[   27697ms] [WARNING] Failed parsing 'srcset' attribute value since it has an unknown descriptor. @ :0
[   27697ms] [WARNING] Dropped srcset candidate "https://res.cloudinary.com/\u003CYour" @ :0
[   27697ms] [WARNING] Failed parsing 'srcset' attribute value since it has an unknown descriptor. @ :0
[   27697ms] [WARNING] Dropped srcset candidate "https://res.cloudinary.com/\u003CYour" @ :0
[   27699ms] [WARNING] Failed parsing 'srcset' attribute value since it has an unknown descriptor. @ :0
[   27699ms] [WARNING] Dropped srcset candidate "https://res.cloudinary.com/\u003CYour" @ :0
[   27699ms] [WARNING] Failed parsing 'srcset' attribute value since it has an unknown descriptor. @ :0
[   27699ms] [WARNING] Dropped srcset candidate "https://res.cloudinary.com/\u003CYour" @ :0
[   27699ms] [WARNING] Failed parsing 'srcset' attribute value since it has an unknown descriptor. @ :0
[   27699ms] [WARNING] Dropped srcset candidate "https://res.cloudinary.com/\u003CYour" @ :0
[   27699ms] [WARNING] Failed parsing 'srcset' attribute value since it has an unknown descriptor. @ :0
[   27699ms] [WARNING] Dropped srcset candidate "https://res.cloudinary.com/\u003CYour" @ :0
[   27699ms] [WARNING] Failed parsing 'srcset' attribute value since it has an unknown descriptor. @ :0
[   27699ms] [WARNING] Dropped srcset candidate "https://res.cloudinary.com/\u003CYour" @ :0
[   27699ms] [WARNING] Failed parsing 'srcset' attribute value since it has an unknown descriptor. @ :0
[   27699ms] [WARNING] Dropped srcset candidate "https://res.cloudinary.com/\u003CYour" @ :0
[   27700ms] [WARNING] Failed parsing 'srcset' attribute value since it has an unknown descriptor. @ :0
[   27700ms] [WARNING] Dropped srcset candidate "https://res.cloudinary.com/\u003CYour" @ :0
[   27700ms] [WARNING] Failed parsing 'srcset' attribute value since it has an unknown descriptor. @ :0
[   27700ms] [WARNING] Dropped srcset candidate "https://res.cloudinary.com/\u003CYour" @ :0
[   27700ms] [WARNING] Failed parsing 'srcset' attribute value since it has an unknown descriptor. @ :0
[   27700ms] [WARNING] Dropped srcset candidate "https://res.cloudinary.com/\u003CYour" @ :0
[   27700ms] [WARNING] Failed parsing 'srcset' attribute value since it has an unknown descriptor. @ :0
[   27700ms] [WARNING] Dropped srcset candidate "https://res.cloudinary.com/\u003CYour" @ :0
[   27700ms] [WARNING] Failed parsing 'srcset' attribute value since it has an unknown descriptor. @ :0
[   27700ms] [WARNING] Dropped srcset candidate "https://res.cloudinary.com/\u003CYour" @ :0
[   27700ms] [WARNING] Failed parsing 'srcset' attribute value since it has an unknown descriptor. @ :0
[   27700ms] [WARNING] Dropped srcset candidate "https://res.cloudinary.com/\u003CYour" @ :0
[   27836ms] [WARNING] Failed parsing 'srcset' attribute value since it has an unknown descriptor. @ :0
[   27836ms] [WARNING] Dropped srcset candidate "https://res.cloudinary.com/\u003CYour" @ :0
[   27836ms] [WARNING] Failed parsing 'srcset' attribute value since it has an unknown descriptor. @ :0
[   27836ms] [WARNING] Dropped srcset candidate "https://res.cloudinary.com/\u003CYour" @ :0
[   27836ms] [WARNING] Failed parsing 'srcset' attribute value since it has an unknown descriptor. @ :0
[   27836ms] [WARNING] Dropped srcset candidate "https://res.cloudinary.com/\u003CYour" @ :0
[   27836ms] [WARNING] Failed parsing 'srcset' attribute value since it has an unknown descriptor. @ :0
[   27836ms] [WARNING] Dropped srcset candidate "https://res.cloudinary.com/\u003CYour" @ :0
[   27836ms] [WARNING] Failed parsing 'srcset' attribute value since it has an unknown descriptor. @ :0
[   27836ms] [WARNING] Dropped srcset candidate "https://res.cloudinary.com/\u003CYour" @ :0
[   27836ms] [WARNING] Failed parsing 'srcset' attribute value since it has an unknown descriptor. @ :0
[   27836ms] [WARNING] Dropped srcset candidate "https://res.cloudinary.com/\u003CYour" @ :0
[   27837ms] [WARNING] Failed parsing 'srcset' attribute value since it has an unknown descriptor. @ :0
[   27838ms] [WARNING] Dropped srcset candidate "https://res.cloudinary.com/\u003CYour" @ :0
[   27838ms] [WARNING] Failed parsing 'srcset' attribute value since it has an unknown descriptor. @ :0
[   27838ms] [WARNING] Dropped srcset candidate "https://res.cloudinary.com/\u003CYour" @ :0
[   27838ms] [WARNING] Failed parsing 'srcset' attribute value since it has an unknown descriptor. @ :0
[   27838ms] [WARNING] Dropped srcset candidate "https://res.cloudinary.com/\u003CYour" @ :0
[   27838ms] [WARNING] Failed parsing 'srcset' attribute value since it has an unknown descriptor. @ :0
[   27838ms] [WARNING] Dropped srcset candidate "https://res.cloudinary.com/\u003CYour" @ :0
[   27839ms] [WARNING] Failed parsing 'srcset' attribute value since it has an unknown descriptor. @ :0
[   27839ms] [WARNING] Dropped srcset candidate "https://res.cloudinary.com/\u003CYour" @ :0
[   27839ms] [WARNING] Failed parsing 'srcset' attribute value since it has an unknown descriptor. @ :0
[   27839ms] [WARNING] Dropped srcset candidate "https://res.cloudinary.com/\u003CYour" @ :0
[   27840ms] [WARNING] Failed parsing 'srcset' attribute value since it has an unknown descriptor. @ :0
[   27840ms] [WARNING] Dropped srcset candidate "https://res.cloudinary.com/\u003CYour" @ :0
[   27840ms] [WARNING] Failed parsing 'srcset' attribute value since it has an unknown descriptor. @ :0
[   27840ms] [WARNING] Dropped srcset candidate "https://res.cloudinary.com/\u003CYour" @ :0
[   27840ms] [WARNING] Failed parsing 'srcset' attribute value since it has an unknown descriptor. @ :0
[   27841ms] [WARNING] Dropped srcset candidate "https://res.cloudinary.com/\u003CYour" @ :0
[   27841ms] [WARNING] Failed parsing 'srcset' attribute value since it has an unknown descriptor. @ :0
[   27841ms] [WARNING] Dropped srcset candidate "https://res.cloudinary.com/\u003CYour" @ :0
[   27841ms] [WARNING] Failed parsing 'srcset' attribute value since it has an unknown descriptor. @ :0
[   27841ms] [WARNING] Dropped srcset candidate "https://res.cloudinary.com/\u003CYour" @ :0
[   27841ms] [WARNING] Failed parsing 'srcset' attribute value since it has an unknown descriptor. @ :0
[   27841ms] [WARNING] Dropped srcset candidate "https://res.cloudinary.com/\u003CYour" @ :0
[   27843ms] [WARNING] Failed parsing 'srcset' attribute value since it has an unknown descriptor. @ :0
[   27843ms] [WARNING] Dropped srcset candidate "https://res.cloudinary.com/\u003CYour" @ :0
[   27843ms] [WARNING] Failed parsing 'srcset' attribute value since it has an unknown descriptor. @ :0
[   27843ms] [WARNING] Dropped srcset candidate "https://res.cloudinary.com/\u003CYour" @ :0
[   27843ms] [WARNING] Failed parsing 'srcset' attribute value since it has an unknown descriptor. @ :0
[   27843ms] [WARNING] Dropped srcset candidate "https://res.cloudinary.com/\u003CYour" @ :0
[   27843ms] [WARNING] Failed parsing 'srcset' attribute value since it has an unknown descriptor. @ :0
[   27844ms] [WARNING] Dropped srcset candidate "https://res.cloudinary.com/\u003CYour" @ :0
[   27844ms] [WARNING] Failed parsing 'srcset' attribute value since it has an unknown descriptor. @ :0
[   27844ms] [WARNING] Dropped srcset candidate "https://res.cloudinary.com/\u003CYour" @ :0
[   27844ms] [WARNING] Failed parsing 'srcset' attribute value since it has an unknown descriptor. @ :0
[   27844ms] [WARNING] Dropped srcset candidate "https://res.cloudinary.com/\u003CYour" @ :0
[   27968ms] [WARNING] Failed parsing 'srcset' attribute value since it has an unknown descriptor. @ :0
[   27968ms] [WARNING] Dropped srcset candidate "https://res.cloudinary.com/\u003CYour" @ :0
[   27969ms] [WARNING] Failed parsing 'srcset' attribute value since it has an unknown descriptor. @ :0
[   27969ms] [WARNING] Dropped srcset candidate "https://res.cloudinary.com/\u003CYour" @ :0
[   27969ms] [WARNING] Failed parsing 'srcset' attribute value since it has an unknown descriptor. @ :0
[   27969ms] [WARNING] Dropped srcset candidate "https://res.cloudinary.com/\u003CYour" @ :0
[   27969ms] [WARNING] Failed parsing 'srcset' attribute value since it has an unknown descriptor. @ :0
[   27969ms] [WARNING] Dropped srcset candidate "https://res.cloudinary.com/\u003CYour" @ :0
[   27970ms] [WARNING] Failed parsing 'srcset' attribute value since it has an unknown descriptor. @ :0
[   27970ms] [WARNING] Dropped srcset candidate "https://res.cloudinary.com/\u003CYour" @ :0
[   27970ms] [WARNING] Failed parsing 'srcset' attribute value since it has an unknown descriptor. @ :0
[   27970ms] [WARNING] Dropped srcset candidate "https://res.cloudinary.com/\u003CYour" @ :0
[   28284ms] [WARNING] Invalid original font size for element: JSHandle@node @ https://cdn-cookieyes.com/widgets/accessibility.js?id=39a5baae-e2fd-4b95-8f39-ffeca39a37da:4
[   28285ms] [WARNING] Invalid original font size for element: JSHandle@node @ https://cdn-cookieyes.com/widgets/accessibility.js?id=39a5baae-e2fd-4b95-8f39-ffeca39a37da:4
[   28286ms] [WARNING] Invalid original font size for element: JSHandle@node @ https://cdn-cookieyes.com/widgets/accessibility.js?id=39a5baae-e2fd-4b95-8f39-ffeca39a37da:4
[   28287ms] [WARNING] Invalid original font size for element: JSHandle@node @ https://cdn-cookieyes.com/widgets/accessibility.js?id=39a5baae-e2fd-4b95-8f39-ffeca39a37da:4
[   28322ms] [WARNING] Invalid original font size for element: JSHandle@node @ https://cdn-cookieyes.com/widgets/accessibility.js?id=39a5baae-e2fd-4b95-8f39-ffeca39a37da:4
[   28325ms] [WARNING] Invalid original font size for element: JSHandle@node @ https://cdn-cookieyes.com/widgets/accessibility.js?id=39a5baae-e2fd-4b95-8f39-ffeca39a37da:4
[   28327ms] [WARNING] Invalid original font size for element: JSHandle@node @ https://cdn-cookieyes.com/widgets/accessibility.js?id=39a5baae-e2fd-4b95-8f39-ffeca39a37da:4
[   28329ms] [WARNING] Invalid original font size for element: JSHandle@node @ https://cdn-cookieyes.com/widgets/accessibility.js?id=39a5baae-e2fd-4b95-8f39-ffeca39a37da:4
[   28349ms] [WARNING] Invalid original font size for element: JSHandle@node @ https://cdn-cookieyes.com/widgets/accessibility.js?id=39a5baae-e2fd-4b95-8f39-ffeca39a37da:4
[   28351ms] [WARNING] Invalid original font size for element: JSHandle@node @ https://cdn-cookieyes.com/widgets/accessibility.js?id=39a5baae-e2fd-4b95-8f39-ffeca39a37da:4
[   28351ms] [WARNING] Invalid original font size for element: JSHandle@node @ https://cdn-cookieyes.com/widgets/accessibility.js?id=39a5baae-e2fd-4b95-8f39-ffeca39a37da:4
[   28352ms] [WARNING] Invalid original font size for element: JSHandle@node @ https://cdn-cookieyes.com/widgets/accessibility.js?id=39a5baae-e2fd-4b95-8f39-ffeca39a37da:4
[   28355ms] [WARNING] Invalid original font size for element: JSHandle@node @ https://cdn-cookieyes.com/widgets/accessibility.js?id=39a5baae-e2fd-4b95-8f39-ffeca39a37da:4
[   28359ms] [WARNING] Invalid original font size for element: JSHandle@node @ https://cdn-cookieyes.com/widgets/accessibility.js?id=39a5baae-e2fd-4b95-8f39-ffeca39a37da:4
[   28361ms] [WARNING] Invalid original font size for element: JSHandle@node @ https://cdn-cookieyes.com/widgets/accessibility.js?id=39a5baae-e2fd-4b95-8f39-ffeca39a37da:4
[   28365ms] [WARNING] Invalid original font size for element: JSHandle@node @ https://cdn-cookieyes.com/widgets/accessibility.js?id=39a5baae-e2fd-4b95-8f39-ffeca39a37da:4
[   66558ms] [LOG] ✨ %cNuxt DevTools %c Press Shift + Alt + D to open DevTools color: black; border-radius: 3px 0 0 3px; padding: 2px 2px 1px 10px; background: #00DC82 border-radius: 0 3px 3px 0; padding: 2px 10px 1px 2px; background: #00DC8220  @ http://158.69.211.52:3002/_nuxt/@fs/home/meebuzo/github/alternate-framework/apps/ecosystem/meeovi-frontend/node_modules/@sentry/core/build/esm/instrument/console.js?v=8591c9e6:42
[   66625ms] [INFO] <Suspense> is an experimental feature and its API will likely change. @ http://158.69.211.52:3002/_nuxt/@fs/home/meebuzo/github/alternate-framework/apps/ecosystem/meeovi-frontend/node_modules/@sentry/core/build/esm/instrument/console.js?v=8591c9e6:42
