[   18635ms] [LOG] ✨ %cNuxt DevTools %c Press Shift + Alt + D to open DevTools color: black; border-radius: 3px 0 0 3px; padding: 2px 2px 1px 10px; background: #00DC82 border-radius: 0 3px 3px 0; padding: 2px 10px 1px 2px; background: #00DC8220  @ http://localhost:3002/_nuxt/@fs/home/meebuzo/github/alternate-framework/node_modules/@nuxt/devtools/dist/runtime/plugins/devtools.client.js?v=1275ab82:51
[   19059ms] [INFO] <Suspense> is an experimental feature and its API will likely change. @ http://localhost:3002/_nuxt/@fs/home/meebuzo/github/alternate-framework/node_modules/@sentry/core/build/esm/instrument/console.js?v=1275ab82:44
[   19600ms] [WARNING] [nuxt] [image] Density values above `2` are not recommended. See https://observablehq.com/@eeeps/visual-acuity-and-device-pixel-ratio. @ http://localhost:3002/_nuxt/@fs/home/meebuzo/github/alternate-framework/node_modules/@sentry/core/build/esm/instrument/console.js?v=1275ab82:44
[   20781ms] [WARNING] [Meta Pixel] - Invalid PixelID: null. @ http://localhost:3002/_nuxt/@fs/home/meebuzo/github/alternate-framework/node_modules/@sentry/core/build/esm/instrument/console.js?v=1275ab82:44
[   21236ms] [WARNING] [Vue warn]: Invalid prop: type check failed for prop "commentId". Expected String with value "44", got Number with value 44. 
  at <BlocksComments commentId=44 > 
  at <VCard elevation="2" style= {height: 100%} > 
  at <VCol > 
  at <VRow > 
  at <VContainer class="py-10" > 
  at <[...id] onVnodeUnmounted=fn<onVnodeUnmounted> ref=Ref< Proxy(Object) > > 
  at <RouteProvider key="/connect/vibe/44" vnode= {__v_isVNode: true, __v_skip: true, type: Object, props: Object, key: null} route= {fullPath: /connect/vibe/44, hash: , query: Object, name: connect-vibe-id___en, path: /connect/vibe/44}  ... > 
  at <RouterView name=undefined route=undefined > 
  at <NuxtPage > 
  at <VMain> 
  at <VApp theme="light" class="auto-text" > 
  at <VResponsive class="border rounded" > 
  at <Default ref=Ref< Proxy(Object) > > 
  at <AsyncComponentWrapper ref=Ref< Proxy(Object) > > 
  at <LayoutLoader key="default" layoutProps= {ref: RefImpl} name="default" > 
  at <NuxtLayoutProvider layoutProps= {ref: RefImpl} key="default" name="default"  ... > 
  at <NuxtLayout > 
  at <App key=4 > 
  at <NuxtRoot> @ http://localhost:3002/_nuxt/@fs/home/meebuzo/github/alternate-framework/node_modules/@sentry/core/build/esm/instrument/console.js?v=1275ab82:44
[   21439ms] [ERROR] Connecting to 'https://analytics.tiktok.com/api/v2/monitor' violates the following Content Security Policy directive: "connect-src 'self' https://*.mux.com https://*.sentry.io https://cms.meeovicms.com https://comments.meeovicms.com". The action has been blocked. @ https://analytics.tiktok.com/i18n/pixel/static/main.MTQyN2U3Zjc5MA.js:0
[   21443ms] [ERROR] Connecting to 'https://analytics.tiktok.com/api/v2/monitor' violates the following Content Security Policy directive: "connect-src 'self' https://*.mux.com https://*.sentry.io https://cms.meeovicms.com https://comments.meeovicms.com". The action has been blocked. @ https://analytics.tiktok.com/i18n/pixel/static/main.MTQyN2U3Zjc5MA.js:0
[   21445ms] [ERROR] Connecting to 'https://analytics.tiktok.com/api/v2/monitor' violates the following Content Security Policy directive: "connect-src 'self' https://*.mux.com https://*.sentry.io https://cms.meeovicms.com https://comments.meeovicms.com". The action has been blocked. @ https://analytics.tiktok.com/i18n/pixel/static/main.MTQyN2U3Zjc5MA.js:0
[   21446ms] [ERROR] Connecting to 'https://analytics.tiktok.com/api/v2/monitor' violates the following Content Security Policy directive: "connect-src 'self' https://*.mux.com https://*.sentry.io https://cms.meeovicms.com https://comments.meeovicms.com". The action has been blocked. @ https://analytics.tiktok.com/i18n/pixel/static/main.MTQyN2U3Zjc5MA.js:0
[   21450ms] [ERROR] Connecting to 'https://analytics.tiktok.com/api/v2/monitor' violates the following Content Security Policy directive: "connect-src 'self' https://*.mux.com https://*.sentry.io https://cms.meeovicms.com https://comments.meeovicms.com". The action has been blocked. @ https://analytics.tiktok.com/i18n/pixel/static/main.MTQyN2U3Zjc5MA.js:0
[   21451ms] [ERROR] Connecting to 'https://analytics.tiktok.com/api/v2/monitor' violates the following Content Security Policy directive: "connect-src 'self' https://*.mux.com https://*.sentry.io https://cms.meeovicms.com https://comments.meeovicms.com". The action has been blocked. @ https://analytics.tiktok.com/i18n/pixel/static/main.MTQyN2U3Zjc5MA.js:0
[   21464ms] [ERROR] Connecting to 'https://analytics.tiktok.com/api/v2/monitor' violates the following Content Security Policy directive: "connect-src 'self' https://*.mux.com https://*.sentry.io https://cms.meeovicms.com https://comments.meeovicms.com". The action has been blocked. @ https://analytics.tiktok.com/i18n/pixel/static/main.MTQyN2U3Zjc5MA.js:0
[   22009ms] [WARNING] No available adapters. @ https://challenges.cloudflare.com/cdn-cgi/challenge-platform/h/g/turnstile/f/av0/rch/i3ixr/0x4AAAAAAASJjd3fbeyQJrfe/auto/fbE/new/normal?lang=auto:0
[   22059ms] [LOG] Meeovi @ http://localhost:3002/_nuxt/@fs/home/meebuzo/github/alternate-framework/node_modules/@sentry/core/build/esm/instrument/console.js?v=1275ab82:44
[   22211ms] [ERROR] Failed to load resource: the server responded with a status of 400 () @ https://challenges.cloudflare.com/cdn-cgi/challenge-platform/h/g/fo/4255694275:1788602721:W2-GbzTlPdIaJeBuHQYsCcAwSVfQOtDWBHU4fVHSgnQ/a364ab632bf2713b/2uSRHxpmxXuD3NVrC5YHbF8qiWSdMXBVMmRYIQeJ1YQ-1788605389-1.2.1.1-sWc_mAV1569mEfk4Tx0vecWFvhB9MXIizMRoFycsfjnQUYDUd3NCUE7jRgTr4esL:0
[   22311ms] TurnstileError: [Cloudflare Turnstile] Error: 110200.
    at x (https://challenges.cloudflare.com/turnstile/v0/api.js:2:17328)
    at P (https://challenges.cloudflare.com/turnstile/v0/api.js:2:60066)
    at I (https://challenges.cloudflare.com/turnstile/v0/api.js:2:65893)
    at sentryWrapped (http://localhost:3002/_nuxt/@fs/home/meebuzo/github/alternate-framework/node_modules/@sentry/browser/build/npm/esm/dev/helpers.js?v=1275ab82:41:17)
[   23236ms] [ERROR] Failed to load resource: the server responded with a status of 401 (Unauthorized) @ http://localhost:3002/api/social/list-saved?kind=vibe&itemId=44:0
[   23255ms] [ERROR] Failed to check list membership FetchError: [GET] "/api/social/list-saved?kind=vibe&itemId=44": 401 Unauthorized
    at async $fetch2 (http://localhost:3002/_nuxt/@fs/home/meebuzo/github/alternate-framework/node_modules/ofetch/dist/shared/ofetch.CWycOUEr.mjs?v=1275ab82:332:15)
    at async getListsContainingItem (http://localhost:3002/_nuxt/@fs/home/meebuzo/github/alternate-framework/layers/social/app/composables/lists/useLists.ts:134:18)
    at async loadMembership (http://localhost:3002/_nuxt/@fs/home/meebuzo/github/alternate-framework/layers/social/app/components/blocks/partials/createListBtn.vue:43:24) @ http://localhost:3002/_nuxt/@fs/home/meebuzo/github/alternate-framework/node_modules/@sentry/core/build/esm/instrument/console.js?v=1275ab82:44
[   32376ms] [WARNING] Failed to execute 'postMessage' on 'DOMWindow': The target origin provided ('https://challenges.cloudflare.com') does not match the recipient window's origin ('http://localhost:3002'). @ https://challenges.cloudflare.com/turnstile/v0/api.js:1
[   32892ms] [WARNING] [Vue warn]: Invalid prop: type check failed for prop "commentId". Expected String with value "44", got Number with value 44. 
  at <BlocksComments commentId=44 > 
  at <VCard elevation="2" style= {height: 100%} > 
  at <VCol > 
  at <VRow > 
  at <VContainer class="py-10" > 
  at <[...id] onVnodeUnmounted=fn<onVnodeUnmounted> ref=Ref< Proxy(Object) > > 
  at <RouteProvider key="/connect/vibe/44" vnode= {__v_isVNode: true, __v_skip: true, type: Object, props: Object, key: null} route= {fullPath: /connect/vibe/44, hash: , query: Object, name: connect-vibe-id___en, path: /connect/vibe/44}  ... > 
  at <RouterView name=undefined route=undefined > 
  at <NuxtPage > 
  at <VMain> 
  at <VApp theme="light" class="auto-text" > 
  at <VResponsive class="border rounded" > 
  at <Default ref=Ref< Proxy(Object) > > 
  at <AsyncComponentWrapper ref=Ref< Proxy(Object) > > 
  at <LayoutLoader key="default" layoutProps= {ref: RefImpl} name="default" > 
  at <NuxtLayoutProvider layoutProps= {ref: RefImpl} key="default" name="default"  ... > 
  at <NuxtLayout > 
  at <App key=4 > 
  at <NuxtRoot> @ http://localhost:3002/_nuxt/@fs/home/meebuzo/github/alternate-framework/node_modules/@sentry/core/build/esm/instrument/console.js?v=1275ab82:44
[   33205ms] [WARNING] [Vue warn]: Property "showLoading" was accessed during render but is not defined on instance. 
  at <BlocksComments commentId=44 > 
  at <VCard elevation="2" style= {height: 100%} > 
  at <VCol > 
  at <VRow > 
  at <VContainer class="py-10" > 
  at <[...id] onVnodeUnmounted=fn<onVnodeUnmounted> ref=Ref< Proxy(Object) > > 
  at <RouteProvider key="/connect/vibe/44" vnode= {__v_isVNode: true, __v_skip: true, type: Object, props: Object, key: null} route= {fullPath: /connect/vibe/44, hash: , query: Object, name: connect-vibe-id___en, path: /connect/vibe/44}  ... > 
  at <RouterView name=undefined route=undefined > 
  at <NuxtPage > 
  at <VMain> 
  at <VApp theme="light" class="auto-text" > 
  at <VResponsive class="border rounded" > 
  at <Default ref=Ref< Proxy(Object) > > 
  at <AsyncComponentWrapper ref=Ref< Proxy(Object) > > 
  at <LayoutLoader key="default" layoutProps= {ref: RefImpl} name="default" > 
  at <NuxtLayoutProvider layoutProps= {ref: RefImpl} key="default" name="default"  ... > 
  at <NuxtLayout > 
  at <App key=4 > 
  at <NuxtRoot> @ http://localhost:3002/_nuxt/@fs/home/meebuzo/github/alternate-framework/node_modules/@sentry/core/build/esm/instrument/console.js?v=1275ab82:44
[   33567ms] [WARNING] No available adapters. @ https://challenges.cloudflare.com/cdn-cgi/challenge-platform/h/g/turnstile/f/av0/rchfxWh82CfiZLfkPkQ1BD_iEm3t4_7Q.NgsPpEnlPX0S4-1788605389-1.3.1.1-VD0toZW4NyCOc0xJ4WSQQcSTUueGnHSSFnuO20v62P4/i3ixr/0x4AAAAAAASJjd3fbeyQJrfe/auto/fbE/failure_retry/normal?lang=auto:0
[   33764ms] [ERROR] Failed to load resource: the server responded with a status of 400 () @ https://challenges.cloudflare.com/cdn-cgi/challenge-platform/h/g/fo/4255694275:1788602721:W2-GbzTlPdIaJeBuHQYsCcAwSVfQOtDWBHU4fVHSgnQ/a364aba66e9c713b/cre_bzm3S_M6IUW9zjZm_rtQWZ7K40WkvJDltecTsxw-1788605400-1.2.1.1-.qqX7kuTazlKh1VI07U8j9czk8djY5wb.SoDxZSQRC4bpnPpIi4kEoANOpFw12TB:0
[   33820ms] TurnstileError: [Cloudflare Turnstile] Error: 110200.
    at x (https://challenges.cloudflare.com/turnstile/v0/api.js:2:17328)
    at P (https://challenges.cloudflare.com/turnstile/v0/api.js:2:60066)
    at I (https://challenges.cloudflare.com/turnstile/v0/api.js:2:65893)
    at sentryWrapped (http://localhost:3002/_nuxt/@fs/home/meebuzo/github/alternate-framework/node_modules/@sentry/browser/build/npm/esm/dev/helpers.js?v=1275ab82:41:17)
[   35798ms] [ERROR] Connecting to 'ws://158.69.211.52:3002/api/graphql/live' violates the following Content Security Policy directive: "connect-src 'self' https://*.mux.com https://*.sentry.io https://cms.meeovicms.com https://comments.meeovicms.com". The action has been blocked. @ https://comments.meeovicms.com/assets/js/vendors~account~admin~auth~install~stream.9f15442edf2cfa937cc338befed32b40.chunk.js:1
[   36906ms] [ERROR] Connecting to 'ws://158.69.211.52:3002/api/graphql/live' violates the following Content Security Policy directive: "connect-src 'self' https://*.mux.com https://*.sentry.io https://cms.meeovicms.com https://comments.meeovicms.com". The action has been blocked. @ https://comments.meeovicms.com/assets/js/vendors~account~admin~auth~install~stream.9f15442edf2cfa937cc338befed32b40.chunk.js:1
[   38284ms] [ERROR] Connecting to 'ws://158.69.211.52:3002/api/graphql/live' violates the following Content Security Policy directive: "connect-src 'self' https://*.mux.com https://*.sentry.io https://cms.meeovicms.com https://comments.meeovicms.com". The action has been blocked. @ https://comments.meeovicms.com/assets/js/vendors~account~admin~auth~install~stream.9f15442edf2cfa937cc338befed32b40.chunk.js:1
[   39998ms] [ERROR] Connecting to 'ws://158.69.211.52:3002/api/graphql/live' violates the following Content Security Policy directive: "connect-src 'self' https://*.mux.com https://*.sentry.io https://cms.meeovicms.com https://comments.meeovicms.com". The action has been blocked. @ https://comments.meeovicms.com/assets/js/vendors~account~admin~auth~install~stream.9f15442edf2cfa937cc338befed32b40.chunk.js:1
[   42334ms] [ERROR] Connecting to 'ws://158.69.211.52:3002/api/graphql/live' violates the following Content Security Policy directive: "connect-src 'self' https://*.mux.com https://*.sentry.io https://cms.meeovicms.com https://comments.meeovicms.com". The action has been blocked. @ https://comments.meeovicms.com/assets/js/vendors~account~admin~auth~install~stream.9f15442edf2cfa937cc338befed32b40.chunk.js:1
[   44231ms] [WARNING] No available adapters. @ https://challenges.cloudflare.com/cdn-cgi/challenge-platform/h/g/turnstile/f/av0/rchWhTBsJr.1iKpWCHvn9NBYuZ_RSRFF0un3r0n7yFy0UE-1788605400-1.3.1.1-8KqAphYYwYPVjGlkAceIS0AN97Rhaw0RbJQ1Tt3YJg8/i3ixr/0x4AAAAAAASJjd3fbeyQJrfe/auto/fbE/failure_retry/normal?lang=auto:0
[   44419ms] [ERROR] Failed to load resource: the server responded with a status of 400 () @ https://challenges.cloudflare.com/cdn-cgi/challenge-platform/h/g/fo/4255694275:1788602721:W2-GbzTlPdIaJeBuHQYsCcAwSVfQOtDWBHU4fVHSgnQ/a364abeeaf75713b/v_obQ5plt80uPn4plOQjz_VBX3Y5XjfzNswp6_syMv4-1788605411-1.2.1.1-zimUxjJkDgnCPiRZYZmfgNToWQMuGvExYE3nTrjhRNuSYN36KoysRc.vgn3XbC5O:0
[   44451ms] TurnstileError: [Cloudflare Turnstile] Error: 110200.
    at x (https://challenges.cloudflare.com/turnstile/v0/api.js:2:17328)
    at P (https://challenges.cloudflare.com/turnstile/v0/api.js:2:60066)
    at I (https://challenges.cloudflare.com/turnstile/v0/api.js:2:65893)
    at sentryWrapped (http://localhost:3002/_nuxt/@fs/home/meebuzo/github/alternate-framework/node_modules/@sentry/browser/build/npm/esm/dev/helpers.js?v=1275ab82:41:17)
[   45942ms] [ERROR] Connecting to 'ws://158.69.211.52:3002/api/graphql/live' violates the following Content Security Policy directive: "connect-src 'self' https://*.mux.com https://*.sentry.io https://cms.meeovicms.com https://comments.meeovicms.com". The action has been blocked. @ https://comments.meeovicms.com/assets/js/vendors~account~admin~auth~install~stream.9f15442edf2cfa937cc338befed32b40.chunk.js:1
[   51881ms] [ERROR] Connecting to 'ws://158.69.211.52:3002/api/graphql/live' violates the following Content Security Policy directive: "connect-src 'self' https://*.mux.com https://*.sentry.io https://cms.meeovicms.com https://comments.meeovicms.com". The action has been blocked. @ https://comments.meeovicms.com/assets/js/vendors~account~admin~auth~install~stream.9f15442edf2cfa937cc338befed32b40.chunk.js:1
[   54716ms] [WARNING] No available adapters. @ https://challenges.cloudflare.com/cdn-cgi/challenge-platform/h/g/turnstile/f/av0/rchzvK2YK8dDB3vWFLDKRurrhLEmTQD8QDcYcVMrJ9Hr_w-1788605411-1.3.1.1-hP1OQDZ_DFVQ1zP_U0ULkiqdGwvQdkAhnhMPLRxTngk/i3ixr/0x4AAAAAAASJjd3fbeyQJrfe/auto/fbE/failure_retry/normal?lang=auto:0
[   54986ms] [ERROR] Failed to load resource: the server responded with a status of 400 () @ https://challenges.cloudflare.com/cdn-cgi/challenge-platform/h/g/fo/4255694275:1788602721:W2-GbzTlPdIaJeBuHQYsCcAwSVfQOtDWBHU4fVHSgnQ/a364ac30dd82713b/UTA2ZY25_ohwGwRPCpOzNfe3LOoxE_vAjOIMztsZOWA-1788605422-1.2.1.1-uzoHxenwykuofLkiC.23Nch23lXTPSGa.2e3O5jlj4_JzFX84aQ_njoLDmNH7BrE:0
[   55024ms] TurnstileError: [Cloudflare Turnstile] Error: 110200.
    at x (https://challenges.cloudflare.com/turnstile/v0/api.js:2:17328)
    at P (https://challenges.cloudflare.com/turnstile/v0/api.js:2:60066)
    at I (https://challenges.cloudflare.com/turnstile/v0/api.js:2:65893)
    at sentryWrapped (http://localhost:3002/_nuxt/@fs/home/meebuzo/github/alternate-framework/node_modules/@sentry/browser/build/npm/esm/dev/helpers.js?v=1275ab82:41:17)
[   60599ms] [ERROR] Connecting to 'ws://158.69.211.52:3002/api/graphql/live' violates the following Content Security Policy directive: "connect-src 'self' https://*.mux.com https://*.sentry.io https://cms.meeovicms.com https://comments.meeovicms.com". The action has been blocked. @ https://comments.meeovicms.com/assets/js/vendors~account~admin~auth~install~stream.9f15442edf2cfa937cc338befed32b40.chunk.js:1
[   65294ms] [WARNING] No available adapters. @ https://challenges.cloudflare.com/cdn-cgi/challenge-platform/h/g/turnstile/f/av0/rchngfOAIaae.jLGd86DOANkMasx0eI_dmLPsfxUUSWges-1788605422-1.3.1.1-u5Ul0.wz_6uYYl8NTr1_uAoQaihjFHCydreYn4zmWXw/i3ixr/0x4AAAAAAASJjd3fbeyQJrfe/auto/fbE/failure_retry/normal?lang=auto:0
[   65472ms] [ERROR] Failed to load resource: the server responded with a status of 400 () @ https://challenges.cloudflare.com/cdn-cgi/challenge-platform/h/g/fo/4255694275:1788602721:W2-GbzTlPdIaJeBuHQYsCcAwSVfQOtDWBHU4fVHSgnQ/a364ac72de20713b/eOvuN.24RB1ZwEe6EjoNI6jU6oek.1VRTWL36SqAK2Q-1788605432-1.2.1.1-04KoneVR4MohFl4y0.7SZrJUHVTQ_Ea.ZdpH28_e6jgIE8ov.S8IRqJuEYekmJps:0
[   65510ms] TurnstileError: [Cloudflare Turnstile] Error: 110200.
    at x (https://challenges.cloudflare.com/turnstile/v0/api.js:2:17328)
    at P (https://challenges.cloudflare.com/turnstile/v0/api.js:2:60066)
    at I (https://challenges.cloudflare.com/turnstile/v0/api.js:2:65893)
    at sentryWrapped (http://localhost:3002/_nuxt/@fs/home/meebuzo/github/alternate-framework/node_modules/@sentry/browser/build/npm/esm/dev/helpers.js?v=1275ab82:41:17)
[   73877ms] [ERROR] Connecting to 'ws://158.69.211.52:3002/api/graphql/live' violates the following Content Security Policy directive: "connect-src 'self' https://*.mux.com https://*.sentry.io https://cms.meeovicms.com https://comments.meeovicms.com". The action has been blocked. @ https://comments.meeovicms.com/assets/js/vendors~account~admin~auth~install~stream.9f15442edf2cfa937cc338befed32b40.chunk.js:1
[   75562ms] [WARNING] Failed to execute 'postMessage' on 'DOMWindow': The target origin provided ('https://challenges.cloudflare.com') does not match the recipient window's origin ('http://localhost:3002'). @ https://challenges.cloudflare.com/turnstile/v0/api.js:1
[   75793ms] [WARNING] No available adapters. @ https://challenges.cloudflare.com/cdn-cgi/challenge-platform/h/g/turnstile/f/av0/rch6qB28KAmvMn1Sfnqmc.W7FBAykhsyYzTU7EfTT3XzYU-1788605432-1.3.1.1-D4ECtAC2CnvM4VTwJ0ln_iaGZbGnH4vSUMZ9qtjr9xo/i3ixr/0x4AAAAAAASJjd3fbeyQJrfe/auto/fbE/failure_retry/normal?lang=auto:0
[   75982ms] [ERROR] Failed to load resource: the server responded with a status of 400 () @ https://challenges.cloudflare.com/cdn-cgi/challenge-platform/h/g/fo/4255694275:1788602721:W2-GbzTlPdIaJeBuHQYsCcAwSVfQOtDWBHU4fVHSgnQ/a364acb46b17713b/YTfHHNuZvUo3CrnsH.McOClriX9rMKJwm4xCJ0AlVCE-1788605443-1.2.1.1-K5n6Q5jGc2y27p_Vyb5xJ9c4HOQzcz11zdS4DQUhT5_g8gETZ05my2MmJVqlETK1:0
[   76003ms] TurnstileError: [Cloudflare Turnstile] Error: 110200.
    at x (https://challenges.cloudflare.com/turnstile/v0/api.js:2:17328)
    at P (https://challenges.cloudflare.com/turnstile/v0/api.js:2:60066)
    at I (https://challenges.cloudflare.com/turnstile/v0/api.js:2:65893)
    at sentryWrapped (http://localhost:3002/_nuxt/@fs/home/meebuzo/github/alternate-framework/node_modules/@sentry/browser/build/npm/esm/dev/helpers.js?v=1275ab82:41:17)
