[     483ms] [WARNING] [Vue warn]: Slot "default" invoked outside of the render function: this will not track dependencies used in the slot. Invoke the slot function inside the render function instead. 
  at <VDefaultsProvider key="content-defaults" disabled=false defaults= {VIcon: Object} > 
  at <VBtn href="/" icon="fas fa-home" > 
  at <VBottomNavigation modelValue=undefined onUpdate:modelValue=fn bg-color="color"  ... > 
  at <VLayout id="mobileNav" style= {height: 56px} > 
  at <MenusMobileNav> 
  at <VResponsive class="border rounded" > 
  at <Default ref=Ref< undefined > > 
  at <AsyncComponentWrapper ref=Ref< undefined > > 
  at <LayoutLoader key="default" layoutProps= {ref: RefImpl} name="default" > 
  at <NuxtLayoutProvider layoutProps= {ref: RefImpl} key="default" name="default"  ... > 
  at <NuxtLayout > 
  at <App key=4 > 
  at <NuxtRoot> @ http://127.0.0.1:3002/_nuxt/@vite/client:528
[     487ms] [WARNING] [Vue warn]: Slot "default" invoked outside of the render function: this will not track dependencies used in the slot. Invoke the slot function inside the render function instead. 
  at <VDefaultsProvider key="content-defaults" disabled=true defaults= {VIcon: Object} > 
  at <VBtn href="/u/" > 
  at <VBottomNavigation modelValue=undefined onUpdate:modelValue=fn bg-color="color"  ... > 
  at <VLayout id="mobileNav" style= {height: 56px} > 
  at <MenusMobileNav> 
  at <VResponsive class="border rounded" > 
  at <Default ref=Ref< undefined > > 
  at <AsyncComponentWrapper ref=Ref< undefined > > 
  at <LayoutLoader key="default" layoutProps= {ref: RefImpl} name="default" > 
  at <NuxtLayoutProvider layoutProps= {ref: RefImpl} key="default" name="default"  ... > 
  at <NuxtLayout > 
  at <App key=4 > 
  at <NuxtRoot> @ http://127.0.0.1:3002/_nuxt/@vite/client:528
[     490ms] [WARNING] [Vue warn]: Slot "default" invoked outside of the render function: this will not track dependencies used in the slot. Invoke the slot function inside the render function instead. 
  at <VDefaultsProvider key="content-defaults" disabled=true defaults= {VIcon: Object} > 
  at <VBtn href="/checkout" > 
  at <VBottomNavigation modelValue=undefined onUpdate:modelValue=fn bg-color="color"  ... > 
  at <VLayout id="mobileNav" style= {height: 56px} > 
  at <MenusMobileNav> 
  at <VResponsive class="border rounded" > 
  at <Default ref=Ref< undefined > > 
  at <AsyncComponentWrapper ref=Ref< undefined > > 
  at <LayoutLoader key="default" layoutProps= {ref: RefImpl} name="default" > 
  at <NuxtLayoutProvider layoutProps= {ref: RefImpl} key="default" name="default"  ... > 
  at <NuxtLayout > 
  at <App key=4 > 
  at <NuxtRoot> @ http://127.0.0.1:3002/_nuxt/@vite/client:528
[     493ms] [WARNING] [Vue warn]: Slot "default" invoked outside of the render function: this will not track dependencies used in the slot. Invoke the slot function inside the render function instead. 
  at <VDefaultsProvider key="content-defaults" disabled=true defaults= {VIcon: Object} > 
  at <VBtn href="/menu-page/" > 
  at <VBottomNavigation modelValue=undefined onUpdate:modelValue=fn bg-color="color"  ... > 
  at <VLayout id="mobileNav" style= {height: 56px} > 
  at <MenusMobileNav> 
  at <VResponsive class="border rounded" > 
  at <Default ref=Ref< undefined > > 
  at <AsyncComponentWrapper ref=Ref< undefined > > 
  at <LayoutLoader key="default" layoutProps= {ref: RefImpl} name="default" > 
  at <NuxtLayoutProvider layoutProps= {ref: RefImpl} key="default" name="default"  ... > 
  at <NuxtLayout > 
  at <App key=4 > 
  at <NuxtRoot> @ http://127.0.0.1:3002/_nuxt/@vite/client:528
[     497ms] [WARNING] [Vue warn]: Slot "default" invoked outside of the render function: this will not track dependencies used in the slot. Invoke the slot function inside the render function instead. 
  at <VDefaultsProvider key="content-defaults" disabled=true defaults= {VIcon: Object} > 
  at <VBtn href="/notifications" > 
  at <VBottomNavigation modelValue=undefined onUpdate:modelValue=fn bg-color="color"  ... > 
  at <VLayout id="mobileNav" style= {height: 56px} > 
  at <MenusMobileNav> 
  at <VResponsive class="border rounded" > 
  at <Default ref=Ref< undefined > > 
  at <AsyncComponentWrapper ref=Ref< undefined > > 
  at <LayoutLoader key="default" layoutProps= {ref: RefImpl} name="default" > 
  at <NuxtLayoutProvider layoutProps= {ref: RefImpl} key="default" name="default"  ... > 
  at <NuxtLayout > 
  at <App key=4 > 
  at <NuxtRoot> @ http://127.0.0.1:3002/_nuxt/@vite/client:528
[     573ms] [WARNING] [nuxt] [image] Density values above `2` are not recommended. See https://observablehq.com/@eeeps/visual-acuity-and-device-pixel-ratio. @ http://127.0.0.1:3002/_nuxt/@vite/client:528
[    2883ms] [WARNING] [Meta Pixel] - Invalid PixelID: null. @ http://127.0.0.1:3002/_nuxt/@vite/client:528
[    3153ms] [LOG] Meeovi @ http://127.0.0.1:3002/_nuxt/@fs/home/meebuzo/github/alternate-framework/node_modules/@sentry/core/build/esm/instrument/console.js?v=ec17791e:44
[    3302ms] [ERROR] Connecting to 'https://analytics.tiktok.com/api/v2/monitor' violates the following Content Security Policy directive: "connect-src 'self' https://*.mux.com https://cms.meeovicms.com". The action has been blocked. @ https://analytics.tiktok.com/i18n/pixel/static/main.MTQyN2U3Zjc5MA.js:0
[    3303ms] [ERROR] Connecting to 'https://analytics.tiktok.com/api/v2/monitor' violates the following Content Security Policy directive: "connect-src 'self' https://*.mux.com https://cms.meeovicms.com". The action has been blocked. @ https://analytics.tiktok.com/i18n/pixel/static/main.MTQyN2U3Zjc5MA.js:0
[    3305ms] [ERROR] Connecting to 'https://analytics.tiktok.com/api/v2/monitor' violates the following Content Security Policy directive: "connect-src 'self' https://*.mux.com https://cms.meeovicms.com". The action has been blocked. @ https://analytics.tiktok.com/i18n/pixel/static/main.MTQyN2U3Zjc5MA.js:0
[    3307ms] [ERROR] Connecting to 'https://analytics.tiktok.com/api/v2/monitor' violates the following Content Security Policy directive: "connect-src 'self' https://*.mux.com https://cms.meeovicms.com". The action has been blocked. @ https://analytics.tiktok.com/i18n/pixel/static/main.MTQyN2U3Zjc5MA.js:0
[    3309ms] [ERROR] Connecting to 'https://analytics.tiktok.com/api/v2/monitor' violates the following Content Security Policy directive: "connect-src 'self' https://*.mux.com https://cms.meeovicms.com". The action has been blocked. @ https://analytics.tiktok.com/i18n/pixel/static/main.MTQyN2U3Zjc5MA.js:0
[    3311ms] [ERROR] Connecting to 'https://analytics.tiktok.com/api/v2/monitor' violates the following Content Security Policy directive: "connect-src 'self' https://*.mux.com https://cms.meeovicms.com". The action has been blocked. @ https://analytics.tiktok.com/i18n/pixel/static/main.MTQyN2U3Zjc5MA.js:0
[    3318ms] [ERROR] Connecting to 'https://analytics.tiktok.com/api/v2/monitor' violates the following Content Security Policy directive: "connect-src 'self' https://*.mux.com https://cms.meeovicms.com". The action has been blocked. @ https://analytics.tiktok.com/i18n/pixel/static/main.MTQyN2U3Zjc5MA.js:0
[    4055ms] [WARNING] No available adapters. @ https://challenges.cloudflare.com/cdn-cgi/challenge-platform/h/g/turnstile/f/av0/rch/6vppy/0x4AAAAAAASJjd3fbeyQJrfe/auto/fbE/new/normal?lang=auto:0
[    4246ms] [ERROR] Failed to load resource: the server responded with a status of 400 () @ https://challenges.cloudflare.com/cdn-cgi/challenge-platform/h/g/fo/4256966678:1788541515:WrsCcQxqbR5qMZP71L1kyjQnBCyiEsBDXMUp4XTMURA/a35ec8eccb0af2bc/iFemH404_.Bo.K6K1aNfmDxPhJopncYAyagEHyNoLHI-1788543684-1.2.1.1-tSF.VZnNVt.3N22vHTziPyYteaSJn28.U50oWu9TJq7jC7NTMuC47qEq38_NGgxO:0
[    4296ms] [ERROR] Connecting to 'https://o996770.ingest.us.sentry.io/api/5955273/envelope/?sentry_version=7&sentry_key=df1b90fab7c44ce8aef097a63b468d61&sentry_client=sentry.javascript.nuxt%2F10.70.0' violates the following Content Security Policy directive: "connect-src 'self' https://*.mux.com https://cms.meeovicms.com". The action has been blocked. @ http://127.0.0.1:3002/_nuxt/@fs/home/meebuzo/github/alternate-framework/node_modules/@sentry/browser/build/npm/esm/dev/transports/fetch.js?v=ec17791e:31
[    4297ms] [ERROR] Fetch API cannot load https://o996770.ingest.us.sentry.io/api/5955273/envelope/?sentry_version=7&sentry_key=df1b90fab7c44ce8aef097a63b468d61&sentry_client=sentry.javascript.nuxt%2F10.70.0. Refused to connect because it violates the document's Content Security Policy. @ http://127.0.0.1:3002/_nuxt/@fs/home/meebuzo/github/alternate-framework/node_modules/@sentry/browser/build/npm/esm/dev/transports/fetch.js?v=ec17791e:31
[    4304ms] TurnstileError: [Cloudflare Turnstile] Error: 110200.
    at x (https://challenges.cloudflare.com/turnstile/v0/api.js:2:17328)
    at P (https://challenges.cloudflare.com/turnstile/v0/api.js:2:60066)
    at I (https://challenges.cloudflare.com/turnstile/v0/api.js:2:65893)
    at sentryWrapped (http://127.0.0.1:3002/_nuxt/@fs/home/meebuzo/github/alternate-framework/node_modules/@sentry/browser/build/npm/esm/dev/helpers.js?v=ec17791e:41:17)
[   20811ms] [LOG] ✨ %cNuxt DevTools %c Press Shift + Alt + D to open DevTools color: black; border-radius: 3px 0 0 3px; padding: 2px 2px 1px 10px; background: #00DC82 border-radius: 0 3px 3px 0; padding: 2px 10px 1px 2px; background: #00DC8220  @ http://127.0.0.1:3002/_nuxt/@fs/home/meebuzo/github/alternate-framework/node_modules/@nuxt/devtools/dist/runtime/plugins/devtools.client.js?v=ec17791e:51
[   21723ms] [INFO] <Suspense> is an experimental feature and its API will likely change. @ http://127.0.0.1:3002/_nuxt/@fs/home/meebuzo/github/alternate-framework/node_modules/@sentry/core/build/esm/instrument/console.js?v=ec17791e:44
[   22270ms] [WARNING] [Vue warn]: Slot "default" invoked outside of the render function: this will not track dependencies used in the slot. Invoke the slot function inside the render function instead. 
  at <VDefaultsProvider key="content-defaults" disabled=false defaults= {VIcon: Object} > 
  at <VBtn href="/" icon="fas fa-home" > 
  at <VBottomNavigation modelValue=undefined onUpdate:modelValue=fn bg-color="color"  ... > 
  at <VLayout id="mobileNav" style= {height: 56px} > 
  at <MenusMobileNav> 
  at <VResponsive class="border rounded" > 
  at <Default ref=Ref< undefined > > 
  at <AsyncComponentWrapper ref=Ref< undefined > > 
  at <LayoutLoader key="default" layoutProps= {ref: RefImpl} name="default" > 
  at <NuxtLayoutProvider layoutProps= {ref: RefImpl} key="default" name="default"  ... > 
  at <NuxtLayout > 
  at <App key=4 > 
  at <NuxtRoot> @ http://127.0.0.1:3002/_nuxt/@vite/client:528
[   22276ms] [WARNING] [Vue warn]: Slot "default" invoked outside of the render function: this will not track dependencies used in the slot. Invoke the slot function inside the render function instead. 
  at <VDefaultsProvider key="content-defaults" disabled=true defaults= {VIcon: Object} > 
  at <VBtn href="/u/" > 
  at <VBottomNavigation modelValue=undefined onUpdate:modelValue=fn bg-color="color"  ... > 
  at <VLayout id="mobileNav" style= {height: 56px} > 
  at <MenusMobileNav> 
  at <VResponsive class="border rounded" > 
  at <Default ref=Ref< undefined > > 
  at <AsyncComponentWrapper ref=Ref< undefined > > 
  at <LayoutLoader key="default" layoutProps= {ref: RefImpl} name="default" > 
  at <NuxtLayoutProvider layoutProps= {ref: RefImpl} key="default" name="default"  ... > 
  at <NuxtLayout > 
  at <App key=4 > 
  at <NuxtRoot> @ http://127.0.0.1:3002/_nuxt/@vite/client:528
[   22280ms] [WARNING] [Vue warn]: Slot "default" invoked outside of the render function: this will not track dependencies used in the slot. Invoke the slot function inside the render function instead. 
  at <VDefaultsProvider key="content-defaults" disabled=true defaults= {VIcon: Object} > 
  at <VBtn href="/checkout" > 
  at <VBottomNavigation modelValue=undefined onUpdate:modelValue=fn bg-color="color"  ... > 
  at <VLayout id="mobileNav" style= {height: 56px} > 
  at <MenusMobileNav> 
  at <VResponsive class="border rounded" > 
  at <Default ref=Ref< undefined > > 
  at <AsyncComponentWrapper ref=Ref< undefined > > 
  at <LayoutLoader key="default" layoutProps= {ref: RefImpl} name="default" > 
  at <NuxtLayoutProvider layoutProps= {ref: RefImpl} key="default" name="default"  ... > 
  at <NuxtLayout > 
  at <App key=4 > 
  at <NuxtRoot> @ http://127.0.0.1:3002/_nuxt/@vite/client:528
[   22284ms] [WARNING] [Vue warn]: Slot "default" invoked outside of the render function: this will not track dependencies used in the slot. Invoke the slot function inside the render function instead. 
  at <VDefaultsProvider key="content-defaults" disabled=true defaults= {VIcon: Object} > 
  at <VBtn href="/menu-page/" > 
  at <VBottomNavigation modelValue=undefined onUpdate:modelValue=fn bg-color="color"  ... > 
  at <VLayout id="mobileNav" style= {height: 56px} > 
  at <MenusMobileNav> 
  at <VResponsive class="border rounded" > 
  at <Default ref=Ref< undefined > > 
  at <AsyncComponentWrapper ref=Ref< undefined > > 
  at <LayoutLoader key="default" layoutProps= {ref: RefImpl} name="default" > 
  at <NuxtLayoutProvider layoutProps= {ref: RefImpl} key="default" name="default"  ... > 
  at <NuxtLayout > 
  at <App key=4 > 
  at <NuxtRoot> @ http://127.0.0.1:3002/_nuxt/@vite/client:528
[   22287ms] [WARNING] [Vue warn]: Slot "default" invoked outside of the render function: this will not track dependencies used in the slot. Invoke the slot function inside the render function instead. 
  at <VDefaultsProvider key="content-defaults" disabled=true defaults= {VIcon: Object} > 
  at <VBtn href="/notifications" > 
  at <VBottomNavigation modelValue=undefined onUpdate:modelValue=fn bg-color="color"  ... > 
  at <VLayout id="mobileNav" style= {height: 56px} > 
  at <MenusMobileNav> 
  at <VResponsive class="border rounded" > 
  at <Default ref=Ref< undefined > > 
  at <AsyncComponentWrapper ref=Ref< undefined > > 
  at <LayoutLoader key="default" layoutProps= {ref: RefImpl} name="default" > 
  at <NuxtLayoutProvider layoutProps= {ref: RefImpl} key="default" name="default"  ... > 
  at <NuxtLayout > 
  at <App key=4 > 
  at <NuxtRoot> @ http://127.0.0.1:3002/_nuxt/@vite/client:528
[   22310ms] [WARNING] [nuxt] [image] Density values above `2` are not recommended. See https://observablehq.com/@eeeps/visual-acuity-and-device-pixel-ratio. @ http://127.0.0.1:3002/_nuxt/@vite/client:528
[   24287ms] [WARNING] [Meta Pixel] - Invalid PixelID: null. @ http://127.0.0.1:3002/_nuxt/@vite/client:528
[   24363ms] [ERROR] Connecting to 'https://analytics.tiktok.com/api/v2/monitor' violates the following Content Security Policy directive: "connect-src 'self' https://*.mux.com https://cms.meeovicms.com". The action has been blocked. @ https://analytics.tiktok.com/i18n/pixel/static/main.MTQyN2U3Zjc5MA.js:0
[   24365ms] [ERROR] Connecting to 'https://analytics.tiktok.com/api/v2/monitor' violates the following Content Security Policy directive: "connect-src 'self' https://*.mux.com https://cms.meeovicms.com". The action has been blocked. @ https://analytics.tiktok.com/i18n/pixel/static/main.MTQyN2U3Zjc5MA.js:0
[   24367ms] [ERROR] Connecting to 'https://analytics.tiktok.com/api/v2/monitor' violates the following Content Security Policy directive: "connect-src 'self' https://*.mux.com https://cms.meeovicms.com". The action has been blocked. @ https://analytics.tiktok.com/i18n/pixel/static/main.MTQyN2U3Zjc5MA.js:0
[   24370ms] [ERROR] Connecting to 'https://analytics.tiktok.com/api/v2/monitor' violates the following Content Security Policy directive: "connect-src 'self' https://*.mux.com https://cms.meeovicms.com". The action has been blocked. @ https://analytics.tiktok.com/i18n/pixel/static/main.MTQyN2U3Zjc5MA.js:0
[   24378ms] [ERROR] Connecting to 'https://analytics.tiktok.com/api/v2/monitor' violates the following Content Security Policy directive: "connect-src 'self' https://*.mux.com https://cms.meeovicms.com". The action has been blocked. @ https://analytics.tiktok.com/i18n/pixel/static/main.MTQyN2U3Zjc5MA.js:0
[   24379ms] [ERROR] Connecting to 'https://analytics.tiktok.com/api/v2/monitor' violates the following Content Security Policy directive: "connect-src 'self' https://*.mux.com https://cms.meeovicms.com". The action has been blocked. @ https://analytics.tiktok.com/i18n/pixel/static/main.MTQyN2U3Zjc5MA.js:0
[   24381ms] [ERROR] Connecting to 'https://analytics.tiktok.com/api/v2/monitor' violates the following Content Security Policy directive: "connect-src 'self' https://*.mux.com https://cms.meeovicms.com". The action has been blocked. @ https://analytics.tiktok.com/i18n/pixel/static/main.MTQyN2U3Zjc5MA.js:0
[   25152ms] [LOG] Meeovi @ http://127.0.0.1:3002/_nuxt/@fs/home/meebuzo/github/alternate-framework/node_modules/@sentry/core/build/esm/instrument/console.js?v=ec17791e:44
[   25253ms] [WARNING] No available adapters. @ https://challenges.cloudflare.com/cdn-cgi/challenge-platform/h/g/turnstile/f/av0/rch/p5mes/0x4AAAAAAASJjd3fbeyQJrfe/auto/fbE/new/normal?lang=auto:0
[   25450ms] [ERROR] Failed to load resource: the server responded with a status of 400 () @ https://challenges.cloudflare.com/cdn-cgi/challenge-platform/h/g/fo/4256966678:1788541515:WrsCcQxqbR5qMZP71L1kyjQnBCyiEsBDXMUp4XTMURA/a35ec9714db8f2bc/e4iH.0wmv.Scvd57wRifHLSyhvTeEs2N6PUn7FMK8dI-1788543705-1.2.1.1-mSTCXoineB2ud8AhwtgutSpG0PbivAIazqahDjZT4nBHsrsQwN04FfndF1FLMic9:0
[   25484ms] [ERROR] Connecting to 'https://o996770.ingest.us.sentry.io/api/5955273/envelope/?sentry_version=7&sentry_key=df1b90fab7c44ce8aef097a63b468d61&sentry_client=sentry.javascript.nuxt%2F10.70.0' violates the following Content Security Policy directive: "connect-src 'self' https://*.mux.com https://cms.meeovicms.com". The action has been blocked. @ http://127.0.0.1:3002/_nuxt/@fs/home/meebuzo/github/alternate-framework/node_modules/@sentry/browser/build/npm/esm/dev/transports/fetch.js?v=ec17791e:31
[   25484ms] [ERROR] Fetch API cannot load https://o996770.ingest.us.sentry.io/api/5955273/envelope/?sentry_version=7&sentry_key=df1b90fab7c44ce8aef097a63b468d61&sentry_client=sentry.javascript.nuxt%2F10.70.0. Refused to connect because it violates the document's Content Security Policy. @ http://127.0.0.1:3002/_nuxt/@fs/home/meebuzo/github/alternate-framework/node_modules/@sentry/browser/build/npm/esm/dev/transports/fetch.js?v=ec17791e:31
[   25489ms] TurnstileError: [Cloudflare Turnstile] Error: 110200.
    at x (https://challenges.cloudflare.com/turnstile/v0/api.js:2:17328)
    at P (https://challenges.cloudflare.com/turnstile/v0/api.js:2:60066)
    at I (https://challenges.cloudflare.com/turnstile/v0/api.js:2:65893)
    at sentryWrapped (http://127.0.0.1:3002/_nuxt/@fs/home/meebuzo/github/alternate-framework/node_modules/@sentry/browser/build/npm/esm/dev/helpers.js?v=ec17791e:41:17)
[   47427ms] [WARNING] No available adapters. @ https://challenges.cloudflare.com/cdn-cgi/challenge-platform/h/g/turnstile/f/av0/rchHRpSWTkIWjZdAD9e_OsYEP4UEKw2GBQaj0yOWA1rv5U-1788543705-1.3.1.1-Tuqk8miwoszq63tOuO9v6a.1eMYPWy6VvU9fd7jrMtY/p5mes/0x4AAAAAAASJjd3fbeyQJrfe/auto/fbE/failure_retry/normal?lang=auto:0
[   47666ms] [ERROR] Failed to load resource: the server responded with a status of 400 () @ https://challenges.cloudflare.com/cdn-cgi/challenge-platform/h/g/fo/4256966678:1788541515:WrsCcQxqbR5qMZP71L1kyjQnBCyiEsBDXMUp4XTMURA/a35ec9e249b8f2bc/i6DDEhbnZCMpVgKY1JC1PUQDVxCJcdAm7AByWnPPEXQ-1788543723-1.2.1.1-Ju2Ix9iSKwbuhsrCet0Q8z_44eaUj3peYWZ6ivrWatuPCH.xTQs5CflecA.NO19N:0
[   54952ms] TurnstileError: [Cloudflare Turnstile] Error: 110200.
    at x (https://challenges.cloudflare.com/turnstile/v0/api.js:2:17328)
    at P (https://challenges.cloudflare.com/turnstile/v0/api.js:2:60066)
    at I (https://challenges.cloudflare.com/turnstile/v0/api.js:2:65893)
    at sentryWrapped (http://127.0.0.1:3002/_nuxt/@fs/home/meebuzo/github/alternate-framework/node_modules/@sentry/browser/build/npm/esm/dev/helpers.js?v=ec17791e:41:17)
[   64372ms] [ERROR] Connecting to 'https://o996770.ingest.us.sentry.io/api/5955273/envelope/?sentry_version=7&sentry_key=df1b90fab7c44ce8aef097a63b468d61&sentry_client=sentry.javascript.nuxt%2F10.70.0' violates the following Content Security Policy directive: "connect-src 'self' https://*.mux.com https://cms.meeovicms.com". The action has been blocked. @ http://127.0.0.1:3002/_nuxt/@fs/home/meebuzo/github/alternate-framework/node_modules/@sentry/browser/build/npm/esm/dev/transports/fetch.js?v=ec17791e:31
[   64372ms] [ERROR] Fetch API cannot load https://o996770.ingest.us.sentry.io/api/5955273/envelope/?sentry_version=7&sentry_key=df1b90fab7c44ce8aef097a63b468d61&sentry_client=sentry.javascript.nuxt%2F10.70.0. Refused to connect because it violates the document's Content Security Policy. @ http://127.0.0.1:3002/_nuxt/@fs/home/meebuzo/github/alternate-framework/node_modules/@sentry/browser/build/npm/esm/dev/transports/fetch.js?v=ec17791e:31
[   89488ms] [WARNING] No available adapters. @ https://challenges.cloudflare.com/cdn-cgi/challenge-platform/h/g/turnstile/f/av0/rch2YXri2SJvpDBcPwP8fDPvQcaUH7OPghp19eaVaVvHDM-1788543723-1.3.1.1-ZoqF06.p1bzI2Cepjc.M.EILkyrFWawqs.58zXX22ik/p5mes/0x4AAAAAAASJjd3fbeyQJrfe/auto/fbE/failure_retry/normal?lang=auto:0
[   89671ms] [ERROR] Failed to load resource: the server responded with a status of 400 () @ https://challenges.cloudflare.com/cdn-cgi/challenge-platform/h/g/fo/4256966678:1788541515:WrsCcQxqbR5qMZP71L1kyjQnBCyiEsBDXMUp4XTMURA/a35ecaa2ecfdf2bc/KLH8lwXfchDzEvvNjoxyrGR_6tMgO_8wyUYQCoXqZXk-1788543754-1.2.1.1-9AUb9sz9oCzN9Pq7N4l31HhQ9OcMA38_bpHpM165azL7nHxCdMOSXaQb3s87rrMa:0
[  107314ms] TurnstileError: [Cloudflare Turnstile] Error: 110200.
    at x (https://challenges.cloudflare.com/turnstile/v0/api.js:2:17328)
    at P (https://challenges.cloudflare.com/turnstile/v0/api.js:2:60066)
    at I (https://challenges.cloudflare.com/turnstile/v0/api.js:2:65893)
    at sentryWrapped (http://127.0.0.1:3002/_nuxt/@fs/home/meebuzo/github/alternate-framework/node_modules/@sentry/browser/build/npm/esm/dev/helpers.js?v=ec17791e:41:17)
[  155465ms] [WARNING] No available adapters. @ https://challenges.cloudflare.com/cdn-cgi/challenge-platform/h/g/turnstile/f/av0/rchZdgJuUQFg7RqfV0kboVl_YN7CcRZdoaS7cVLYbR6mNE-1788543754-1.3.1.1-37cxaXa1GkhRX7EZqBbjA0GSAMgeGBBGEQEBiYzZ9z0/p5mes/0x4AAAAAAASJjd3fbeyQJrfe/auto/fbE/failure_retry/normal?lang=auto:0
[  155649ms] [ERROR] Failed to load resource: the server responded with a status of 400 () @ https://challenges.cloudflare.com/cdn-cgi/challenge-platform/h/g/fo/4256966678:1788541515:WrsCcQxqbR5qMZP71L1kyjQnBCyiEsBDXMUp4XTMURA/a35ecc0c3edeac3c/rHMVGn5E1evZbX0WlJML4Qe6XiRrxHXX4UNbnZmtH_s-1788543812-1.2.1.1-MOsvvR6Nz0pgMz8FyCDx8oWA1o3.ucmide6nrS9fWkHHbJIJvbMZnUwR6IiIrKbU:0
[  194923ms] TurnstileError: [Cloudflare Turnstile] Error: 110200.
    at x (https://challenges.cloudflare.com/turnstile/v0/api.js:2:17328)
    at P (https://challenges.cloudflare.com/turnstile/v0/api.js:2:60066)
    at I (https://challenges.cloudflare.com/turnstile/v0/api.js:2:65893)
    at sentryWrapped (http://127.0.0.1:3002/_nuxt/@fs/home/meebuzo/github/alternate-framework/node_modules/@sentry/browser/build/npm/esm/dev/helpers.js?v=ec17791e:41:17)
