[     307ms] [WARNING] %cssr:warn%c [Vue warn]: Failed to resolve component: v-app
If this is a native custom element, make sure to exclude it from component resolution via compilerOptions.isCustomElement. 
      background: #f39c12;
      border-radius: 0.5em;
      color: white;
      font-weight: bold;
      padding: 2px 0.5em;
      at <Auth>
at <AsyncComponentWrapper>
at <LayoutLoader>
at <NuxtLayoutProvider>
at <NuxtLayout>
at <App>
at <NuxtRoot> @ http://localhost:3015/_nuxt/@fs/home/meebuzo/github/alternate-framework/node_modules/consola/dist/browser.mjs?v=69cc96a7:47
[     307ms] [WARNING] %cssr:warn%c [Vue warn]: Failed to resolve component: v-main
If this is a native custom element, make sure to exclude it from component resolution via compilerOptions.isCustomElement. 
      background: #f39c12;
      border-radius: 0.5em;
      color: white;
      font-weight: bold;
      padding: 2px 0.5em;
      at <Auth>
at <AsyncComponentWrapper>
at <LayoutLoader>
at <NuxtLayoutProvider>
at <NuxtLayout>
at <App>
at <NuxtRoot> @ http://localhost:3015/_nuxt/@fs/home/meebuzo/github/alternate-framework/node_modules/consola/dist/browser.mjs?v=69cc96a7:47
[     307ms] [WARNING] %cssr:warn%c [Vue warn]: Failed to resolve component: v-icon
If this is a native custom element, make sure to exclude it from component resolution via compilerOptions.isCustomElement. 
      background: #f39c12;
      border-radius: 0.5em;
      color: white;
      font-weight: bold;
      padding: 2px 0.5em;
      at <Auth>
at <AsyncComponentWrapper>
at <LayoutLoader>
at <NuxtLayoutProvider>
at <NuxtLayout>
at <App>
at <NuxtRoot> @ http://localhost:3015/_nuxt/@fs/home/meebuzo/github/alternate-framework/node_modules/consola/dist/browser.mjs?v=69cc96a7:47
[     308ms] [WARNING] %cssr:warn%c [Vue warn]: Non-function value encountered for default slot. Prefer function slots for better performance. 
      background: #f39c12;
      border-radius: 0.5em;
      color: white;
      font-weight: bold;
      padding: 2px 0.5em;
      at <Anonymous>
at <Auth>
at <AsyncComponentWrapper>
at <LayoutLoader>
at <NuxtLayoutProvider>
at <NuxtLayout>
at <App>
at <NuxtRoot> @ http://localhost:3015/_nuxt/@fs/home/meebuzo/github/alternate-framework/node_modules/consola/dist/browser.mjs?v=69cc96a7:47
[     308ms] [WARNING] %cssr:warn%c [Vue warn]: Component <Anonymous> is missing template or render function. 
      background: #f39c12;
      border-radius: 0.5em;
      color: white;
      font-weight: bold;
      padding: 2px 0.5em;
      at <Anonymous>
at <Auth>
at <AsyncComponentWrapper>
at <LayoutLoader>
at <NuxtLayoutProvider>
at <NuxtLayout>
at <App>
at <NuxtRoot> @ http://localhost:3015/_nuxt/@fs/home/meebuzo/github/alternate-framework/node_modules/consola/dist/browser.mjs?v=69cc96a7:47
[     308ms] [WARNING] %cssr:warn%c [nuxt] Your project has pages but `<NuxtPage />` has not been detected. Make sure you are using `<NuxtPage />` instead of `<RouterView />`, as `<RouterView />` will not work correctly in Nuxt. If `<NuxtPage />` is rendered conditionally, this warning can be triggered before it is mounted. You can set `pages: false` in `nuxt.config` if you do not wish to use the Nuxt `vue-router` integration. 
      background: #f39c12;
      border-radius: 0.5em;
      color: white;
      font-weight: bold;
      padding: 2px 0.5em;
      
  at process.processTicksAndRejections (node:internal/process/task_queues)
 @ http://localhost:3015/_nuxt/@fs/home/meebuzo/github/alternate-framework/node_modules/consola/dist/browser.mjs?v=69cc96a7:47
[     311ms] [INFO] <Suspense> is an experimental feature and its API will likely change. @ http://localhost:3015/_nuxt/@fs/home/meebuzo/github/alternate-framework/node_modules/@vue/runtime-core/dist/runtime-core.esm-bundler.js?v=69cc96a7:7310
[     323ms] [WARNING] [Vue warn]: Failed to resolve component: v-icon
If this is a native custom element, make sure to exclude it from component resolution via compilerOptions.isCustomElement. 
  at <Auth ref=Ref< undefined > > 
  at <AsyncComponentWrapper ref=Ref< undefined > > 
  at <LayoutLoader key="auth" layoutProps= {ref: RefImpl} name="auth" > 
  at <NuxtLayoutProvider layoutProps= {ref: RefImpl} key="auth" name="auth"  ... > 
  at <NuxtLayout > 
  at <App key=4 > 
  at <NuxtRoot> @ http://localhost:3015/_nuxt/@fs/home/meebuzo/github/alternate-framework/node_modules/@vue/runtime-core/dist/runtime-core.esm-bundler.js?v=69cc96a7:49
[     324ms] [WARNING] [Vue warn]: Failed to resolve component: v-main
If this is a native custom element, make sure to exclude it from component resolution via compilerOptions.isCustomElement. 
  at <Auth ref=Ref< undefined > > 
  at <AsyncComponentWrapper ref=Ref< undefined > > 
  at <LayoutLoader key="auth" layoutProps= {ref: RefImpl} name="auth" > 
  at <NuxtLayoutProvider layoutProps= {ref: RefImpl} key="auth" name="auth"  ... > 
  at <NuxtLayout > 
  at <App key=4 > 
  at <NuxtRoot> @ http://localhost:3015/_nuxt/@fs/home/meebuzo/github/alternate-framework/node_modules/@vue/runtime-core/dist/runtime-core.esm-bundler.js?v=69cc96a7:49
[     325ms] [WARNING] [Vue warn]: Failed to resolve component: v-app
If this is a native custom element, make sure to exclude it from component resolution via compilerOptions.isCustomElement. 
  at <Auth ref=Ref< undefined > > 
  at <AsyncComponentWrapper ref=Ref< undefined > > 
  at <LayoutLoader key="auth" layoutProps= {ref: RefImpl} name="auth" > 
  at <NuxtLayoutProvider layoutProps= {ref: RefImpl} key="auth" name="auth"  ... > 
  at <NuxtLayout > 
  at <App key=4 > 
  at <NuxtRoot> @ http://localhost:3015/_nuxt/@fs/home/meebuzo/github/alternate-framework/node_modules/@vue/runtime-core/dist/runtime-core.esm-bundler.js?v=69cc96a7:49
[     328ms] [WARNING] [Vue warn]: Hydration node mismatch:
- rendered on server: JSHandle@node  
- expected on client: v-app 
  at <Auth ref=Ref< undefined > > 
  at <AsyncComponentWrapper ref=Ref< undefined > > 
  at <LayoutLoader key="auth" layoutProps= {ref: RefImpl} name="auth" > 
  at <NuxtLayoutProvider layoutProps= {ref: RefImpl} key="auth" name="auth"  ... > 
  at <NuxtLayout > 
  at <App key=4 > 
  at <NuxtRoot> @ http://localhost:3015/_nuxt/@fs/home/meebuzo/github/alternate-framework/node_modules/@vue/runtime-core/dist/runtime-core.esm-bundler.js?v=69cc96a7:49
[     328ms] [ERROR] Hydration completed but contains mismatches. @ http://localhost:3015/_nuxt/@fs/home/meebuzo/github/alternate-framework/node_modules/@vue/runtime-core/dist/runtime-core.esm-bundler.js?v=69cc96a7:1890
[     335ms] [WARNING] [Vue warn]: Failed to resolve component: v-card-title
If this is a native custom element, make sure to exclude it from component resolution via compilerOptions.isCustomElement. 
  at <Login onVnodeUnmounted=fn<onVnodeUnmounted> ref=Ref< undefined > > 
  at <RouteProvider key="/login" vnode= {__v_isVNode: true, __v_skip: true, type: Object, props: Object, key: null} route= {fullPath: /login, hash: , query: Object, name: login, path: /login}  ... > 
  at <RouterView name=undefined route=undefined > 
  at <NuxtPage > 
  at <Auth ref=Ref< undefined > > 
  at <AsyncComponentWrapper ref=Ref< undefined > > 
  at <LayoutLoader key="auth" layoutProps= {ref: RefImpl} name="auth" > 
  at <NuxtLayoutProvider layoutProps= {ref: RefImpl} key="auth" name="auth"  ... > 
  at <NuxtLayout > 
  at <App key=4 > 
  at <NuxtRoot> @ http://localhost:3015/_nuxt/@fs/home/meebuzo/github/alternate-framework/node_modules/@vue/runtime-core/dist/runtime-core.esm-bundler.js?v=69cc96a7:49
[     336ms] [WARNING] [Vue warn]: Failed to resolve component: v-card-subtitle
If this is a native custom element, make sure to exclude it from component resolution via compilerOptions.isCustomElement. 
  at <Login onVnodeUnmounted=fn<onVnodeUnmounted> ref=Ref< undefined > > 
  at <RouteProvider key="/login" vnode= {__v_isVNode: true, __v_skip: true, type: Object, props: Object, key: null} route= {fullPath: /login, hash: , query: Object, name: login, path: /login}  ... > 
  at <RouterView name=undefined route=undefined > 
  at <NuxtPage > 
  at <Auth ref=Ref< undefined > > 
  at <AsyncComponentWrapper ref=Ref< undefined > > 
  at <LayoutLoader key="auth" layoutProps= {ref: RefImpl} name="auth" > 
  at <NuxtLayoutProvider layoutProps= {ref: RefImpl} key="auth" name="auth"  ... > 
  at <NuxtLayout > 
  at <App key=4 > 
  at <NuxtRoot> @ http://localhost:3015/_nuxt/@fs/home/meebuzo/github/alternate-framework/node_modules/@vue/runtime-core/dist/runtime-core.esm-bundler.js?v=69cc96a7:49
[     337ms] [WARNING] [Vue warn]: Failed to resolve component: v-alert
If this is a native custom element, make sure to exclude it from component resolution via compilerOptions.isCustomElement. 
  at <Login onVnodeUnmounted=fn<onVnodeUnmounted> ref=Ref< undefined > > 
  at <RouteProvider key="/login" vnode= {__v_isVNode: true, __v_skip: true, type: Object, props: Object, key: null} route= {fullPath: /login, hash: , query: Object, name: login, path: /login}  ... > 
  at <RouterView name=undefined route=undefined > 
  at <NuxtPage > 
  at <Auth ref=Ref< undefined > > 
  at <AsyncComponentWrapper ref=Ref< undefined > > 
  at <LayoutLoader key="auth" layoutProps= {ref: RefImpl} name="auth" > 
  at <NuxtLayoutProvider layoutProps= {ref: RefImpl} key="auth" name="auth"  ... > 
  at <NuxtLayout > 
  at <App key=4 > 
  at <NuxtRoot> @ http://localhost:3015/_nuxt/@fs/home/meebuzo/github/alternate-framework/node_modules/@vue/runtime-core/dist/runtime-core.esm-bundler.js?v=69cc96a7:49
[     338ms] [WARNING] [Vue warn]: Failed to resolve component: v-text-field
If this is a native custom element, make sure to exclude it from component resolution via compilerOptions.isCustomElement. 
  at <Login onVnodeUnmounted=fn<onVnodeUnmounted> ref=Ref< undefined > > 
  at <RouteProvider key="/login" vnode= {__v_isVNode: true, __v_skip: true, type: Object, props: Object, key: null} route= {fullPath: /login, hash: , query: Object, name: login, path: /login}  ... > 
  at <RouterView name=undefined route=undefined > 
  at <NuxtPage > 
  at <Auth ref=Ref< undefined > > 
  at <AsyncComponentWrapper ref=Ref< undefined > > 
  at <LayoutLoader key="auth" layoutProps= {ref: RefImpl} name="auth" > 
  at <NuxtLayoutProvider layoutProps= {ref: RefImpl} key="auth" name="auth"  ... > 
  at <NuxtLayout > 
  at <App key=4 > 
  at <NuxtRoot> @ http://localhost:3015/_nuxt/@fs/home/meebuzo/github/alternate-framework/node_modules/@vue/runtime-core/dist/runtime-core.esm-bundler.js?v=69cc96a7:49
[     338ms] [WARNING] [Vue warn]: Failed to resolve component: v-checkbox
If this is a native custom element, make sure to exclude it from component resolution via compilerOptions.isCustomElement. 
  at <Login onVnodeUnmounted=fn<onVnodeUnmounted> ref=Ref< undefined > > 
  at <RouteProvider key="/login" vnode= {__v_isVNode: true, __v_skip: true, type: Object, props: Object, key: null} route= {fullPath: /login, hash: , query: Object, name: login, path: /login}  ... > 
  at <RouterView name=undefined route=undefined > 
  at <NuxtPage > 
  at <Auth ref=Ref< undefined > > 
  at <AsyncComponentWrapper ref=Ref< undefined > > 
  at <LayoutLoader key="auth" layoutProps= {ref: RefImpl} name="auth" > 
  at <NuxtLayoutProvider layoutProps= {ref: RefImpl} key="auth" name="auth"  ... > 
  at <NuxtLayout > 
  at <App key=4 > 
  at <NuxtRoot> @ http://localhost:3015/_nuxt/@fs/home/meebuzo/github/alternate-framework/node_modules/@vue/runtime-core/dist/runtime-core.esm-bundler.js?v=69cc96a7:49
[     339ms] [WARNING] [Vue warn]: Failed to resolve component: v-btn
If this is a native custom element, make sure to exclude it from component resolution via compilerOptions.isCustomElement. 
  at <Login onVnodeUnmounted=fn<onVnodeUnmounted> ref=Ref< undefined > > 
  at <RouteProvider key="/login" vnode= {__v_isVNode: true, __v_skip: true, type: Object, props: Object, key: null} route= {fullPath: /login, hash: , query: Object, name: login, path: /login}  ... > 
  at <RouterView name=undefined route=undefined > 
  at <NuxtPage > 
  at <Auth ref=Ref< undefined > > 
  at <AsyncComponentWrapper ref=Ref< undefined > > 
  at <LayoutLoader key="auth" layoutProps= {ref: RefImpl} name="auth" > 
  at <NuxtLayoutProvider layoutProps= {ref: RefImpl} key="auth" name="auth"  ... > 
  at <NuxtLayout > 
  at <App key=4 > 
  at <NuxtRoot> @ http://localhost:3015/_nuxt/@fs/home/meebuzo/github/alternate-framework/node_modules/@vue/runtime-core/dist/runtime-core.esm-bundler.js?v=69cc96a7:49
[     340ms] [WARNING] [Vue warn]: Failed to resolve component: v-form
If this is a native custom element, make sure to exclude it from component resolution via compilerOptions.isCustomElement. 
  at <Login onVnodeUnmounted=fn<onVnodeUnmounted> ref=Ref< undefined > > 
  at <RouteProvider key="/login" vnode= {__v_isVNode: true, __v_skip: true, type: Object, props: Object, key: null} route= {fullPath: /login, hash: , query: Object, name: login, path: /login}  ... > 
  at <RouterView name=undefined route=undefined > 
  at <NuxtPage > 
  at <Auth ref=Ref< undefined > > 
  at <AsyncComponentWrapper ref=Ref< undefined > > 
  at <LayoutLoader key="auth" layoutProps= {ref: RefImpl} name="auth" > 
  at <NuxtLayoutProvider layoutProps= {ref: RefImpl} key="auth" name="auth"  ... > 
  at <NuxtLayout > 
  at <App key=4 > 
  at <NuxtRoot> @ http://localhost:3015/_nuxt/@fs/home/meebuzo/github/alternate-framework/node_modules/@vue/runtime-core/dist/runtime-core.esm-bundler.js?v=69cc96a7:49
[     341ms] [WARNING] [Vue warn]: Failed to resolve component: v-divider
If this is a native custom element, make sure to exclude it from component resolution via compilerOptions.isCustomElement. 
  at <Login onVnodeUnmounted=fn<onVnodeUnmounted> ref=Ref< undefined > > 
  at <RouteProvider key="/login" vnode= {__v_isVNode: true, __v_skip: true, type: Object, props: Object, key: null} route= {fullPath: /login, hash: , query: Object, name: login, path: /login}  ... > 
  at <RouterView name=undefined route=undefined > 
  at <NuxtPage > 
  at <Auth ref=Ref< undefined > > 
  at <AsyncComponentWrapper ref=Ref< undefined > > 
  at <LayoutLoader key="auth" layoutProps= {ref: RefImpl} name="auth" > 
  at <NuxtLayoutProvider layoutProps= {ref: RefImpl} key="auth" name="auth"  ... > 
  at <NuxtLayout > 
  at <App key=4 > 
  at <NuxtRoot> @ http://localhost:3015/_nuxt/@fs/home/meebuzo/github/alternate-framework/node_modules/@vue/runtime-core/dist/runtime-core.esm-bundler.js?v=69cc96a7:49
[     342ms] [WARNING] [Vue warn]: Failed to resolve component: v-card-text
If this is a native custom element, make sure to exclude it from component resolution via compilerOptions.isCustomElement. 
  at <Login onVnodeUnmounted=fn<onVnodeUnmounted> ref=Ref< undefined > > 
  at <RouteProvider key="/login" vnode= {__v_isVNode: true, __v_skip: true, type: Object, props: Object, key: null} route= {fullPath: /login, hash: , query: Object, name: login, path: /login}  ... > 
  at <RouterView name=undefined route=undefined > 
  at <NuxtPage > 
  at <Auth ref=Ref< undefined > > 
  at <AsyncComponentWrapper ref=Ref< undefined > > 
  at <LayoutLoader key="auth" layoutProps= {ref: RefImpl} name="auth" > 
  at <NuxtLayoutProvider layoutProps= {ref: RefImpl} key="auth" name="auth"  ... > 
  at <NuxtLayout > 
  at <App key=4 > 
  at <NuxtRoot> @ http://localhost:3015/_nuxt/@fs/home/meebuzo/github/alternate-framework/node_modules/@vue/runtime-core/dist/runtime-core.esm-bundler.js?v=69cc96a7:49
[     343ms] [WARNING] [Vue warn]: Failed to resolve component: v-card
If this is a native custom element, make sure to exclude it from component resolution via compilerOptions.isCustomElement. 
  at <Login onVnodeUnmounted=fn<onVnodeUnmounted> ref=Ref< undefined > > 
  at <RouteProvider key="/login" vnode= {__v_isVNode: true, __v_skip: true, type: Object, props: Object, key: null} route= {fullPath: /login, hash: , query: Object, name: login, path: /login}  ... > 
  at <RouterView name=undefined route=undefined > 
  at <NuxtPage > 
  at <Auth ref=Ref< undefined > > 
  at <AsyncComponentWrapper ref=Ref< undefined > > 
  at <LayoutLoader key="auth" layoutProps= {ref: RefImpl} name="auth" > 
  at <NuxtLayoutProvider layoutProps= {ref: RefImpl} key="auth" name="auth"  ... > 
  at <NuxtLayout > 
  at <App key=4 > 
  at <NuxtRoot> @ http://localhost:3015/_nuxt/@fs/home/meebuzo/github/alternate-framework/node_modules/@vue/runtime-core/dist/runtime-core.esm-bundler.js?v=69cc96a7:49
[     355ms] [WARNING] [Vue warn]: Failed to resolve component: v-card-title
If this is a native custom element, make sure to exclude it from component resolution via compilerOptions.isCustomElement. 
  at <Login onVnodeUnmounted=fn<onVnodeUnmounted> ref=Ref< Proxy(Object) > > 
  at <RouteProvider key="/login" vnode= {__v_isVNode: true, __v_skip: true, type: Object, props: Object, key: null} route= {fullPath: /login, hash: , query: Object, name: login, path: /login}  ... > 
  at <RouterView name=undefined route=undefined > 
  at <NuxtPage > 
  at <Auth ref=Ref< Proxy(Object) > > 
  at <AsyncComponentWrapper ref=Ref< Proxy(Object) > > 
  at <LayoutLoader key="auth" layoutProps= {ref: RefImpl} name="auth" > 
  at <NuxtLayoutProvider layoutProps= {ref: RefImpl} key="auth" name="auth"  ... > 
  at <NuxtLayout > 
  at <App key=4 > 
  at <NuxtRoot> @ http://localhost:3015/_nuxt/@fs/home/meebuzo/github/alternate-framework/node_modules/@vue/runtime-core/dist/runtime-core.esm-bundler.js?v=69cc96a7:49
[     356ms] [WARNING] [Vue warn]: Failed to resolve component: v-card-subtitle
If this is a native custom element, make sure to exclude it from component resolution via compilerOptions.isCustomElement. 
  at <Login onVnodeUnmounted=fn<onVnodeUnmounted> ref=Ref< Proxy(Object) > > 
  at <RouteProvider key="/login" vnode= {__v_isVNode: true, __v_skip: true, type: Object, props: Object, key: null} route= {fullPath: /login, hash: , query: Object, name: login, path: /login}  ... > 
  at <RouterView name=undefined route=undefined > 
  at <NuxtPage > 
  at <Auth ref=Ref< Proxy(Object) > > 
  at <AsyncComponentWrapper ref=Ref< Proxy(Object) > > 
  at <LayoutLoader key="auth" layoutProps= {ref: RefImpl} name="auth" > 
  at <NuxtLayoutProvider layoutProps= {ref: RefImpl} key="auth" name="auth"  ... > 
  at <NuxtLayout > 
  at <App key=4 > 
  at <NuxtRoot> @ http://localhost:3015/_nuxt/@fs/home/meebuzo/github/alternate-framework/node_modules/@vue/runtime-core/dist/runtime-core.esm-bundler.js?v=69cc96a7:49
[     357ms] [WARNING] [Vue warn]: Failed to resolve component: v-alert
If this is a native custom element, make sure to exclude it from component resolution via compilerOptions.isCustomElement. 
  at <Login onVnodeUnmounted=fn<onVnodeUnmounted> ref=Ref< Proxy(Object) > > 
  at <RouteProvider key="/login" vnode= {__v_isVNode: true, __v_skip: true, type: Object, props: Object, key: null} route= {fullPath: /login, hash: , query: Object, name: login, path: /login}  ... > 
  at <RouterView name=undefined route=undefined > 
  at <NuxtPage > 
  at <Auth ref=Ref< Proxy(Object) > > 
  at <AsyncComponentWrapper ref=Ref< Proxy(Object) > > 
  at <LayoutLoader key="auth" layoutProps= {ref: RefImpl} name="auth" > 
  at <NuxtLayoutProvider layoutProps= {ref: RefImpl} key="auth" name="auth"  ... > 
  at <NuxtLayout > 
  at <App key=4 > 
  at <NuxtRoot> @ http://localhost:3015/_nuxt/@fs/home/meebuzo/github/alternate-framework/node_modules/@vue/runtime-core/dist/runtime-core.esm-bundler.js?v=69cc96a7:49
[     359ms] [WARNING] [Vue warn]: Failed to resolve component: v-text-field
If this is a native custom element, make sure to exclude it from component resolution via compilerOptions.isCustomElement. 
  at <Login onVnodeUnmounted=fn<onVnodeUnmounted> ref=Ref< Proxy(Object) > > 
  at <RouteProvider key="/login" vnode= {__v_isVNode: true, __v_skip: true, type: Object, props: Object, key: null} route= {fullPath: /login, hash: , query: Object, name: login, path: /login}  ... > 
  at <RouterView name=undefined route=undefined > 
  at <NuxtPage > 
  at <Auth ref=Ref< Proxy(Object) > > 
  at <AsyncComponentWrapper ref=Ref< Proxy(Object) > > 
  at <LayoutLoader key="auth" layoutProps= {ref: RefImpl} name="auth" > 
  at <NuxtLayoutProvider layoutProps= {ref: RefImpl} key="auth" name="auth"  ... > 
  at <NuxtLayout > 
  at <App key=4 > 
  at <NuxtRoot> @ http://localhost:3015/_nuxt/@fs/home/meebuzo/github/alternate-framework/node_modules/@vue/runtime-core/dist/runtime-core.esm-bundler.js?v=69cc96a7:49
[     360ms] [WARNING] [Vue warn]: Failed to resolve component: v-checkbox
If this is a native custom element, make sure to exclude it from component resolution via compilerOptions.isCustomElement. 
  at <Login onVnodeUnmounted=fn<onVnodeUnmounted> ref=Ref< Proxy(Object) > > 
  at <RouteProvider key="/login" vnode= {__v_isVNode: true, __v_skip: true, type: Object, props: Object, key: null} route= {fullPath: /login, hash: , query: Object, name: login, path: /login}  ... > 
  at <RouterView name=undefined route=undefined > 
  at <NuxtPage > 
  at <Auth ref=Ref< Proxy(Object) > > 
  at <AsyncComponentWrapper ref=Ref< Proxy(Object) > > 
  at <LayoutLoader key="auth" layoutProps= {ref: RefImpl} name="auth" > 
  at <NuxtLayoutProvider layoutProps= {ref: RefImpl} key="auth" name="auth"  ... > 
  at <NuxtLayout > 
  at <App key=4 > 
  at <NuxtRoot> @ http://localhost:3015/_nuxt/@fs/home/meebuzo/github/alternate-framework/node_modules/@vue/runtime-core/dist/runtime-core.esm-bundler.js?v=69cc96a7:49
[     361ms] [WARNING] [Vue warn]: Failed to resolve component: v-btn
If this is a native custom element, make sure to exclude it from component resolution via compilerOptions.isCustomElement. 
  at <Login onVnodeUnmounted=fn<onVnodeUnmounted> ref=Ref< Proxy(Object) > > 
  at <RouteProvider key="/login" vnode= {__v_isVNode: true, __v_skip: true, type: Object, props: Object, key: null} route= {fullPath: /login, hash: , query: Object, name: login, path: /login}  ... > 
  at <RouterView name=undefined route=undefined > 
  at <NuxtPage > 
  at <Auth ref=Ref< Proxy(Object) > > 
  at <AsyncComponentWrapper ref=Ref< Proxy(Object) > > 
  at <LayoutLoader key="auth" layoutProps= {ref: RefImpl} name="auth" > 
  at <NuxtLayoutProvider layoutProps= {ref: RefImpl} key="auth" name="auth"  ... > 
  at <NuxtLayout > 
  at <App key=4 > 
  at <NuxtRoot> @ http://localhost:3015/_nuxt/@fs/home/meebuzo/github/alternate-framework/node_modules/@vue/runtime-core/dist/runtime-core.esm-bundler.js?v=69cc96a7:49
[     363ms] [WARNING] [Vue warn]: Failed to resolve component: v-form
If this is a native custom element, make sure to exclude it from component resolution via compilerOptions.isCustomElement. 
  at <Login onVnodeUnmounted=fn<onVnodeUnmounted> ref=Ref< Proxy(Object) > > 
  at <RouteProvider key="/login" vnode= {__v_isVNode: true, __v_skip: true, type: Object, props: Object, key: null} route= {fullPath: /login, hash: , query: Object, name: login, path: /login}  ... > 
  at <RouterView name=undefined route=undefined > 
  at <NuxtPage > 
  at <Auth ref=Ref< Proxy(Object) > > 
  at <AsyncComponentWrapper ref=Ref< Proxy(Object) > > 
  at <LayoutLoader key="auth" layoutProps= {ref: RefImpl} name="auth" > 
  at <NuxtLayoutProvider layoutProps= {ref: RefImpl} key="auth" name="auth"  ... > 
  at <NuxtLayout > 
  at <App key=4 > 
  at <NuxtRoot> @ http://localhost:3015/_nuxt/@fs/home/meebuzo/github/alternate-framework/node_modules/@vue/runtime-core/dist/runtime-core.esm-bundler.js?v=69cc96a7:49
[     365ms] [WARNING] [Vue warn]: Failed to resolve component: v-divider
If this is a native custom element, make sure to exclude it from component resolution via compilerOptions.isCustomElement. 
  at <Login onVnodeUnmounted=fn<onVnodeUnmounted> ref=Ref< Proxy(Object) > > 
  at <RouteProvider key="/login" vnode= {__v_isVNode: true, __v_skip: true, type: Object, props: Object, key: null} route= {fullPath: /login, hash: , query: Object, name: login, path: /login}  ... > 
  at <RouterView name=undefined route=undefined > 
  at <NuxtPage > 
  at <Auth ref=Ref< Proxy(Object) > > 
  at <AsyncComponentWrapper ref=Ref< Proxy(Object) > > 
  at <LayoutLoader key="auth" layoutProps= {ref: RefImpl} name="auth" > 
  at <NuxtLayoutProvider layoutProps= {ref: RefImpl} key="auth" name="auth"  ... > 
  at <NuxtLayout > 
  at <App key=4 > 
  at <NuxtRoot> @ http://localhost:3015/_nuxt/@fs/home/meebuzo/github/alternate-framework/node_modules/@vue/runtime-core/dist/runtime-core.esm-bundler.js?v=69cc96a7:49
[     366ms] [WARNING] [Vue warn]: Failed to resolve component: v-card-text
If this is a native custom element, make sure to exclude it from component resolution via compilerOptions.isCustomElement. 
  at <Login onVnodeUnmounted=fn<onVnodeUnmounted> ref=Ref< Proxy(Object) > > 
  at <RouteProvider key="/login" vnode= {__v_isVNode: true, __v_skip: true, type: Object, props: Object, key: null} route= {fullPath: /login, hash: , query: Object, name: login, path: /login}  ... > 
  at <RouterView name=undefined route=undefined > 
  at <NuxtPage > 
  at <Auth ref=Ref< Proxy(Object) > > 
  at <AsyncComponentWrapper ref=Ref< Proxy(Object) > > 
  at <LayoutLoader key="auth" layoutProps= {ref: RefImpl} name="auth" > 
  at <NuxtLayoutProvider layoutProps= {ref: RefImpl} key="auth" name="auth"  ... > 
  at <NuxtLayout > 
  at <App key=4 > 
  at <NuxtRoot> @ http://localhost:3015/_nuxt/@fs/home/meebuzo/github/alternate-framework/node_modules/@vue/runtime-core/dist/runtime-core.esm-bundler.js?v=69cc96a7:49
[     367ms] [WARNING] [Vue warn]: Failed to resolve component: v-card
If this is a native custom element, make sure to exclude it from component resolution via compilerOptions.isCustomElement. 
  at <Login onVnodeUnmounted=fn<onVnodeUnmounted> ref=Ref< Proxy(Object) > > 
  at <RouteProvider key="/login" vnode= {__v_isVNode: true, __v_skip: true, type: Object, props: Object, key: null} route= {fullPath: /login, hash: , query: Object, name: login, path: /login}  ... > 
  at <RouterView name=undefined route=undefined > 
  at <NuxtPage > 
  at <Auth ref=Ref< Proxy(Object) > > 
  at <AsyncComponentWrapper ref=Ref< Proxy(Object) > > 
  at <LayoutLoader key="auth" layoutProps= {ref: RefImpl} name="auth" > 
  at <NuxtLayoutProvider layoutProps= {ref: RefImpl} key="auth" name="auth"  ... > 
  at <NuxtLayout > 
  at <App key=4 > 
  at <NuxtRoot> @ http://localhost:3015/_nuxt/@fs/home/meebuzo/github/alternate-framework/node_modules/@vue/runtime-core/dist/runtime-core.esm-bundler.js?v=69cc96a7:49
[     421ms] [LOG] ✨ %cNuxt DevTools %c Press Shift + Alt + D to open DevTools color: black; border-radius: 3px 0 0 3px; padding: 2px 2px 1px 10px; background: #00DC82 border-radius: 0 3px 3px 0; padding: 2px 10px 1px 2px; background: #00DC8220  @ http://localhost:3015/_nuxt/@fs/home/meebuzo/github/alternate-framework/node_modules/@nuxt/devtools/dist/runtime/plugins/devtools.client.js?v=69cc96a7:51
