[    5439ms] [WARNING] Failed parsing 'srcset' attribute value since it has an unknown descriptor. @ :0
[    5439ms] [WARNING] Dropped srcset candidate "https://res.cloudinary.com/\u003CYour" @ :0
[    5439ms] [WARNING] Failed parsing 'srcset' attribute value since it has an unknown descriptor. @ :0
[    5439ms] [WARNING] Dropped srcset candidate "https://res.cloudinary.com/\u003CYour" @ :0
[    5439ms] [WARNING] Failed parsing 'srcset' attribute value since it has an unknown descriptor. @ :0
[    5439ms] [WARNING] Dropped srcset candidate "https://res.cloudinary.com/\u003CYour" @ :0
[    5440ms] [WARNING] Failed parsing 'srcset' attribute value since it has an unknown descriptor. @ :0
[    5440ms] [WARNING] Dropped srcset candidate "https://res.cloudinary.com/\u003CYour" @ :0
[    5440ms] [WARNING] Failed parsing 'srcset' attribute value since it has an unknown descriptor. @ :0
[    5440ms] [WARNING] Dropped srcset candidate "https://res.cloudinary.com/\u003CYour" @ :0
[    5440ms] [WARNING] Failed parsing 'srcset' attribute value since it has an unknown descriptor. @ :0
[    5440ms] [WARNING] Dropped srcset candidate "https://res.cloudinary.com/\u003CYour" @ :0
[   13657ms] [INFO] <Suspense> is an experimental feature and its API will likely change. @ http://localhost:3002/_nuxt/@fs/home/meebuzo/github/alternate-framework/apps/ecosystem/meeovi-frontend/node_modules/@sentry/core/build/esm/instrument/console.js?v=68cdcaf4:42
[   13773ms] [LOG] ✨ %cNuxt DevTools %c Press Shift + Alt + D to open DevTools color: black; border-radius: 3px 0 0 3px; padding: 2px 2px 1px 10px; background: #00DC82 border-radius: 0 3px 3px 0; padding: 2px 10px 1px 2px; background: #00DC8220  @ http://localhost:3002/_nuxt/@fs/home/meebuzo/github/alternate-framework/apps/ecosystem/meeovi-frontend/node_modules/@sentry/core/build/esm/instrument/console.js?v=68cdcaf4:42
[   14754ms] [WARNING] [nuxt] [image] Density values above `2` are not recommended. See https://observablehq.com/@eeeps/visual-acuity-and-device-pixel-ratio. @ http://localhost:3002/_nuxt/@fs/home/meebuzo/github/alternate-framework/apps/ecosystem/meeovi-frontend/node_modules/@sentry/core/build/esm/instrument/console.js?v=68cdcaf4:42
[   14759ms] [WARNING] Failed parsing 'srcset' attribute value since it has an unknown descriptor. @ http://localhost:3002/_nuxt/@fs/home/meebuzo/github/alternate-framework/apps/ecosystem/meeovi-frontend/node_modules/@vue/runtime-dom/dist/runtime-dom.esm-bundler.js?v=68cdcaf4:622
[   14760ms] [WARNING] Dropped srcset candidate "https://res.cloudinary.com/\u003CYour" @ http://localhost:3002/_nuxt/@fs/home/meebuzo/github/alternate-framework/apps/ecosystem/meeovi-frontend/node_modules/@vue/runtime-dom/dist/runtime-dom.esm-bundler.js?v=68cdcaf4:622
[   14761ms] [WARNING] Failed parsing 'srcset' attribute value since it has an unknown descriptor. @ http://localhost:3002/_nuxt/@fs/home/meebuzo/github/alternate-framework/apps/ecosystem/meeovi-frontend/node_modules/@vue/runtime-dom/dist/runtime-dom.esm-bundler.js?v=68cdcaf4:622
[   14762ms] [WARNING] Dropped srcset candidate "https://res.cloudinary.com/\u003CYour" @ http://localhost:3002/_nuxt/@fs/home/meebuzo/github/alternate-framework/apps/ecosystem/meeovi-frontend/node_modules/@vue/runtime-dom/dist/runtime-dom.esm-bundler.js?v=68cdcaf4:622
[   14764ms] [WARNING] Failed parsing 'srcset' attribute value since it has an unknown descriptor. @ http://localhost:3002/_nuxt/@fs/home/meebuzo/github/alternate-framework/apps/ecosystem/meeovi-frontend/node_modules/@vue/runtime-dom/dist/runtime-dom.esm-bundler.js?v=68cdcaf4:622
[   14765ms] [WARNING] Dropped srcset candidate "https://res.cloudinary.com/\u003CYour" @ http://localhost:3002/_nuxt/@fs/home/meebuzo/github/alternate-framework/apps/ecosystem/meeovi-frontend/node_modules/@vue/runtime-dom/dist/runtime-dom.esm-bundler.js?v=68cdcaf4:622
[   15460ms] [LOG] 🍍 "cart" store installed 🆕 @ http://localhost:3002/_nuxt/@fs/home/meebuzo/github/alternate-framework/apps/ecosystem/meeovi-frontend/node_modules/@sentry/core/build/esm/instrument/console.js?v=68cdcaf4:42
[   16468ms] [ERROR] Connecting to 'https://ep1.adtrafficquality.google/getconfig/sodar?sv=200&tid=gda&tv=r20260804&st=env&sjk=8029823129963167' violates the following Content Security Policy directive: "connect-src 'self' https://*.mux.com https://cms.meeovicms.com". The action has been blocked. @ http://localhost:3002/_nuxt/@fs/home/meebuzo/github/alternate-framework/apps/ecosystem/meeovi-frontend/node_modules/@sentry/browser/build/npm/esm/dev/integrations/browserapierrors.js?v=68cdcaf4:94
[   16603ms] [WARNING] [Stripe.js] It looks like Stripe.js was loaded more than one time. Please only load it once per page. @ http://localhost:3002/_nuxt/@fs/home/meebuzo/github/alternate-framework/apps/ecosystem/meeovi-frontend/node_modules/@sentry/core/build/esm/instrument/console.js?v=68cdcaf4:42
[   16784ms] [WARNING] [TikTok Pixel] - Invalid pixel ID
Issue: The pixel ID is invalid. This could prevent your pixel from receiving data.
Suggestion: Please go to Events Manager and find the correct pixel ID. @ http://localhost:3002/_nuxt/@fs/home/meebuzo/github/alternate-framework/apps/ecosystem/meeovi-frontend/node_modules/@sentry/core/build/esm/instrument/console.js?v=68cdcaf4:42
[   16794ms] [ERROR] Connecting to 'https://analytics.tiktok.com/api/v2/pixel' violates the following Content Security Policy directive: "connect-src 'self' https://*.mux.com https://cms.meeovicms.com". The action has been blocked. @ https://analytics.tiktok.com/i18n/pixel/static/main.MWQwZTMxZTQ3MA.js:0
[   17033ms] [ERROR] Connecting to 'https://analytics.tiktok.com/api/v2/pixel/act' violates the following Content Security Policy directive: "connect-src 'self' https://*.mux.com https://cms.meeovicms.com". The action has been blocked. @ https://analytics.tiktok.com/i18n/pixel/static/main.MWQwZTMxZTQ3MA.js:0
[   17037ms] [LOG] Meeovi @ http://localhost:3002/_nuxt/@fs/home/meebuzo/github/alternate-framework/apps/ecosystem/meeovi-frontend/node_modules/@sentry/core/build/esm/instrument/console.js?v=68cdcaf4:42
[   17042ms] [WARNING] Failed parsing 'srcset' attribute value since it has an unknown descriptor. @ http://localhost:3002/_nuxt/@fs/home/meebuzo/github/alternate-framework/apps/ecosystem/meeovi-frontend/node_modules/@vue/runtime-dom/dist/runtime-dom.esm-bundler.js?v=68cdcaf4:622
[   17043ms] [WARNING] Dropped srcset candidate "https://res.cloudinary.com/\u003CYour" @ http://localhost:3002/_nuxt/@fs/home/meebuzo/github/alternate-framework/apps/ecosystem/meeovi-frontend/node_modules/@vue/runtime-dom/dist/runtime-dom.esm-bundler.js?v=68cdcaf4:622
[   17043ms] [WARNING] Failed parsing 'srcset' attribute value since it has an unknown descriptor. @ http://localhost:3002/_nuxt/@fs/home/meebuzo/github/alternate-framework/apps/ecosystem/meeovi-frontend/node_modules/@vue/runtime-dom/dist/runtime-dom.esm-bundler.js?v=68cdcaf4:622
[   17043ms] [WARNING] Dropped srcset candidate "https://res.cloudinary.com/\u003CYour" @ http://localhost:3002/_nuxt/@fs/home/meebuzo/github/alternate-framework/apps/ecosystem/meeovi-frontend/node_modules/@vue/runtime-dom/dist/runtime-dom.esm-bundler.js?v=68cdcaf4:622
[   17043ms] [WARNING] Failed parsing 'srcset' attribute value since it has an unknown descriptor. @ http://localhost:3002/_nuxt/@fs/home/meebuzo/github/alternate-framework/apps/ecosystem/meeovi-frontend/node_modules/@vue/runtime-dom/dist/runtime-dom.esm-bundler.js?v=68cdcaf4:622
[   17044ms] [WARNING] Dropped srcset candidate "https://res.cloudinary.com/\u003CYour" @ http://localhost:3002/_nuxt/@fs/home/meebuzo/github/alternate-framework/apps/ecosystem/meeovi-frontend/node_modules/@vue/runtime-dom/dist/runtime-dom.esm-bundler.js?v=68cdcaf4:622
[   17044ms] [WARNING] Failed parsing 'srcset' attribute value since it has an unknown descriptor. @ http://localhost:3002/_nuxt/@fs/home/meebuzo/github/alternate-framework/apps/ecosystem/meeovi-frontend/node_modules/@vue/runtime-dom/dist/runtime-dom.esm-bundler.js?v=68cdcaf4:622
[   17044ms] [WARNING] Dropped srcset candidate "https://res.cloudinary.com/\u003CYour" @ http://localhost:3002/_nuxt/@fs/home/meebuzo/github/alternate-framework/apps/ecosystem/meeovi-frontend/node_modules/@vue/runtime-dom/dist/runtime-dom.esm-bundler.js?v=68cdcaf4:622
[   17045ms] [WARNING] Failed parsing 'srcset' attribute value since it has an unknown descriptor. @ http://localhost:3002/_nuxt/@fs/home/meebuzo/github/alternate-framework/apps/ecosystem/meeovi-frontend/node_modules/@vue/runtime-dom/dist/runtime-dom.esm-bundler.js?v=68cdcaf4:622
[   17045ms] [WARNING] Dropped srcset candidate "https://res.cloudinary.com/\u003CYour" @ http://localhost:3002/_nuxt/@fs/home/meebuzo/github/alternate-framework/apps/ecosystem/meeovi-frontend/node_modules/@vue/runtime-dom/dist/runtime-dom.esm-bundler.js?v=68cdcaf4:622
[   17045ms] [WARNING] Failed parsing 'srcset' attribute value since it has an unknown descriptor. @ http://localhost:3002/_nuxt/@fs/home/meebuzo/github/alternate-framework/apps/ecosystem/meeovi-frontend/node_modules/@vue/runtime-dom/dist/runtime-dom.esm-bundler.js?v=68cdcaf4:622
[   17046ms] [WARNING] Dropped srcset candidate "https://res.cloudinary.com/\u003CYour" @ http://localhost:3002/_nuxt/@fs/home/meebuzo/github/alternate-framework/apps/ecosystem/meeovi-frontend/node_modules/@vue/runtime-dom/dist/runtime-dom.esm-bundler.js?v=68cdcaf4:622
[   18179ms] [ERROR] Connecting to 'https://o996770.ingest.us.sentry.io/api/5955273/envelope/?sentry_version=7&sentry_key=df1b90fab7c44ce8aef097a63b468d61&sentry_client=sentry.javascript.nuxt%2F10.63.0' violates the following Content Security Policy directive: "connect-src 'self' https://*.mux.com https://cms.meeovicms.com". The action has been blocked. @ http://localhost:3002/_nuxt/@fs/home/meebuzo/github/alternate-framework/apps/ecosystem/meeovi-frontend/node_modules/@sentry/browser/build/npm/esm/dev/transports/fetch.js?v=68cdcaf4:31
[   18179ms] [ERROR] Fetch API cannot load https://o996770.ingest.us.sentry.io/api/5955273/envelope/?sentry_version=7&sentry_key=df1b90fab7c44ce8aef097a63b468d61&sentry_client=sentry.javascript.nuxt%2F10.63.0. Refused to connect because it violates the document's Content Security Policy. @ http://localhost:3002/_nuxt/@fs/home/meebuzo/github/alternate-framework/apps/ecosystem/meeovi-frontend/node_modules/@sentry/browser/build/npm/esm/dev/transports/fetch.js?v=68cdcaf4:31
